main.c:91:5:main	40	static
main.c:224:6:SystemClock_Config	88	static
main.c:268:13:MX_CRC_Init	8	static
main.c:294:13:MX_DMA2D_Init	8	static
main.c:331:13:MX_I2C3_Init	8	static
main.c:377:13:MX_LTDC_Init	64	static
main.c:439:13:MX_SPI5_Init	8	static
main.c:477:13:MX_TIM1_Init	32	static
main.c:523:13:MX_USART1_UART_Init	8	static
main.c:552:13:MX_FMC_Init	40	static
main.c:603:13:MX_GPIO_Init	64	static
main.c:694:6:StartDefaultTask	16	static
main.c:715:6:HAL_TIM_PeriodElapsedCallback	16	static
main.c:732:6:Error_Handler	4	static,ignoring_inline_asm
