stm32f4xx_hal_msp.c:63:6:HAL_MspInit	16	static
stm32f4xx_hal_msp.c:87:6:HAL_CRC_MspInit	24	static
stm32f4xx_hal_msp.c:109:6:HAL_CRC_MspDeInit	16	static
stm32f4xx_hal_msp.c:131:6:HAL_DMA2D_MspInit	24	static
stm32f4xx_hal_msp.c:156:6:HAL_DMA2D_MspDeInit	16	static
stm32f4xx_hal_msp.c:181:6:HAL_I2C_MspInit	48	static
stm32f4xx_hal_msp.c:225:6:HAL_I2C_MspDeInit	16	static
stm32f4xx_hal_msp.c:256:6:HAL_LTDC_MspInit	112	static
stm32f4xx_hal_msp.c:382:6:HAL_LTDC_MspDeInit	16	static
stm32f4xx_hal_msp.c:446:6:HAL_SPI_MspInit	48	static
stm32f4xx_hal_msp.c:483:6:HAL_SPI_MspDeInit	16	static
stm32f4xx_hal_msp.c:513:6:HAL_TIM_Base_MspInit	24	static
stm32f4xx_hal_msp.c:535:6:HAL_TIM_Base_MspDeInit	16	static
stm32f4xx_hal_msp.c:557:6:HAL_UART_MspInit	48	static
stm32f4xx_hal_msp.c:593:6:HAL_UART_MspDeInit	16	static
stm32f4xx_hal_msp.c:618:13:HAL_FMC_MspInit	32	static
stm32f4xx_hal_msp.c:724:6:HAL_SDRAM_MspInit	16	static
stm32f4xx_hal_msp.c:736:13:HAL_FMC_MspDeInit	8	static
stm32f4xx_hal_msp.c:810:6:HAL_SDRAM_MspDeInit	16	static
