Archive member included to satisfy reference by file (symbol)

/home/irfan_hasib/Ac6/SystemWorkbench/plugins/fr.ac6.mcu.externaltools.arm-none.linux64_1.17.0.201812190825/tools/compiler/bin/../lib/gcc/arm-none-eabi/7.3.1/thumb/v7e-m/fpv4-sp/hard/libgcc.a(_arm_addsubdf3.o)
                              Inc/ros_lib/duration.o (__aeabi_i2d)
/home/irfan_hasib/Ac6/SystemWorkbench/plugins/fr.ac6.mcu.externaltools.arm-none.linux64_1.17.0.201812190825/tools/compiler/bin/../lib/gcc/arm-none-eabi/7.3.1/thumb/v7e-m/fpv4-sp/hard/libgcc.a(_arm_muldivdf3.o)
                              Inc/ros_lib/duration.o (__aeabi_dmul)
/home/irfan_hasib/Ac6/SystemWorkbench/plugins/fr.ac6.mcu.externaltools.arm-none.linux64_1.17.0.201812190825/tools/compiler/bin/../lib/gcc/arm-none-eabi/7.3.1/thumb/v7e-m/fpv4-sp/hard/libgcc.a(_arm_fixdfsi.o)
                              Inc/ros_lib/duration.o (__aeabi_d2iz)
/home/irfan_hasib/Ac6/SystemWorkbench/plugins/fr.ac6.mcu.externaltools.arm-none.linux64_1.17.0.201812190825/tools/compiler/bin/../lib/gcc/arm-none-eabi/7.3.1/thumb/v7e-m/fpv4-sp/hard/libgcc.a(_aeabi_uldivmod.o)
                              Drivers/STM32F4xx_HAL_Driver/Src/stm32f4xx_hal_rcc.o (__aeabi_uldivmod)
/home/irfan_hasib/Ac6/SystemWorkbench/plugins/fr.ac6.mcu.externaltools.arm-none.linux64_1.17.0.201812190825/tools/compiler/bin/../lib/gcc/arm-none-eabi/7.3.1/thumb/v7e-m/fpv4-sp/hard/libgcc.a(_udivmoddi4.o)
                              /home/irfan_hasib/Ac6/SystemWorkbench/plugins/fr.ac6.mcu.externaltools.arm-none.linux64_1.17.0.201812190825/tools/compiler/bin/../lib/gcc/arm-none-eabi/7.3.1/thumb/v7e-m/fpv4-sp/hard/libgcc.a(_aeabi_uldivmod.o) (__udivmoddi4)
/home/irfan_hasib/Ac6/SystemWorkbench/plugins/fr.ac6.mcu.externaltools.arm-none.linux64_1.17.0.201812190825/tools/compiler/bin/../lib/gcc/arm-none-eabi/7.3.1/thumb/v7e-m/fpv4-sp/hard/libgcc.a(_dvmd_tls.o)
                              /home/irfan_hasib/Ac6/SystemWorkbench/plugins/fr.ac6.mcu.externaltools.arm-none.linux64_1.17.0.201812190825/tools/compiler/bin/../lib/gcc/arm-none-eabi/7.3.1/thumb/v7e-m/fpv4-sp/hard/libgcc.a(_aeabi_uldivmod.o) (__aeabi_ldiv0)
/home/irfan_hasib/Ac6/SystemWorkbench/plugins/fr.ac6.mcu.externaltools.arm-none.linux64_1.17.0.201812190825/tools/compiler/bin/../lib/gcc/arm-none-eabi/7.3.1/../../../../arm-none-eabi/lib/thumb/v7e-m/fpv4-sp/hard/libc_nano.a(lib_a-errno.o)
                              Src/syscalls.o (__errno)
/home/irfan_hasib/Ac6/SystemWorkbench/plugins/fr.ac6.mcu.externaltools.arm-none.linux64_1.17.0.201812190825/tools/compiler/bin/../lib/gcc/arm-none-eabi/7.3.1/../../../../arm-none-eabi/lib/thumb/v7e-m/fpv4-sp/hard/libc_nano.a(lib_a-exit.o)
                              /home/irfan_hasib/Ac6/SystemWorkbench/plugins/fr.ac6.mcu.externaltools.arm-none.linux64_1.17.0.201812190825/tools/compiler/bin/../lib/gcc/arm-none-eabi/7.3.1/../../../../arm-none-eabi/lib/thumb/v7e-m/fpv4-sp/hard/crt0.o (exit)
/home/irfan_hasib/Ac6/SystemWorkbench/plugins/fr.ac6.mcu.externaltools.arm-none.linux64_1.17.0.201812190825/tools/compiler/bin/../lib/gcc/arm-none-eabi/7.3.1/../../../../arm-none-eabi/lib/thumb/v7e-m/fpv4-sp/hard/libc_nano.a(lib_a-impure.o)
                              /home/irfan_hasib/Ac6/SystemWorkbench/plugins/fr.ac6.mcu.externaltools.arm-none.linux64_1.17.0.201812190825/tools/compiler/bin/../lib/gcc/arm-none-eabi/7.3.1/../../../../arm-none-eabi/lib/thumb/v7e-m/fpv4-sp/hard/libc_nano.a(lib_a-exit.o) (_global_impure_ptr)
/home/irfan_hasib/Ac6/SystemWorkbench/plugins/fr.ac6.mcu.externaltools.arm-none.linux64_1.17.0.201812190825/tools/compiler/bin/../lib/gcc/arm-none-eabi/7.3.1/../../../../arm-none-eabi/lib/thumb/v7e-m/fpv4-sp/hard/libc_nano.a(lib_a-init.o)
                              /home/irfan_hasib/Ac6/SystemWorkbench/plugins/fr.ac6.mcu.externaltools.arm-none.linux64_1.17.0.201812190825/tools/compiler/bin/../lib/gcc/arm-none-eabi/7.3.1/../../../../arm-none-eabi/lib/thumb/v7e-m/fpv4-sp/hard/crt0.o (__libc_init_array)
/home/irfan_hasib/Ac6/SystemWorkbench/plugins/fr.ac6.mcu.externaltools.arm-none.linux64_1.17.0.201812190825/tools/compiler/bin/../lib/gcc/arm-none-eabi/7.3.1/../../../../arm-none-eabi/lib/thumb/v7e-m/fpv4-sp/hard/libc_nano.a(lib_a-malloc.o)
                              Middlewares/ST/STM32_USB_Host_Library/Class/CDC/Src/usbh_cdc.o (malloc)
/home/irfan_hasib/Ac6/SystemWorkbench/plugins/fr.ac6.mcu.externaltools.arm-none.linux64_1.17.0.201812190825/tools/compiler/bin/../lib/gcc/arm-none-eabi/7.3.1/../../../../arm-none-eabi/lib/thumb/v7e-m/fpv4-sp/hard/libc_nano.a(lib_a-memcpy-stub.o)
                              Middlewares/Third_Party/FreeRTOS/Source/queue.o (memcpy)
/home/irfan_hasib/Ac6/SystemWorkbench/plugins/fr.ac6.mcu.externaltools.arm-none.linux64_1.17.0.201812190825/tools/compiler/bin/../lib/gcc/arm-none-eabi/7.3.1/../../../../arm-none-eabi/lib/thumb/v7e-m/fpv4-sp/hard/libc_nano.a(lib_a-memset.o)
[...]
Memory Configuration

Name             Origin             Length             Attributes
RAM              0x0000000020000000 0x0000000000030000 xrw
CCMRAM           0x0000000010000000 0x0000000000010000 rw
FLASH            0x0000000008000000 0x0000000000200000 xr
*default*        0x0000000000000000 0xffffffffffffffff

Linker script and memory map

LOAD /home/irfan_hasib/Ac6/SystemWorkbench/plugins/fr.ac6.mcu.externaltools.arm-none.linux64_1.17.0.201812190825/tools/compiler/bin/../lib/gcc/arm-none-eabi/7.3.1/thumb/v7e-m/fpv4-sp/hard/crti.o
LOAD /home/irfan_hasib/Ac6/SystemWorkbench/plugins/fr.ac6.mcu.externaltools.arm-none.linux64_1.17.0.201812190825/tools/compiler/bin/../lib/gcc/arm-none-eabi/7.3.1/thumb/v7e-m/fpv4-sp/hard/crtbegin.o
LOAD /home/irfan_hasib/Ac6/SystemWorkbench/plugins/fr.ac6.mcu.externaltools.arm-none.linux64_1.17.0.201812190825/tools/compiler/bin/../lib/gcc/arm-none-eabi/7.3.1/../../../../arm-none-eabi/lib/thumb/v7e-m/fpv4-sp/hard/crt0.o
LOAD Drivers/STM32F4xx_HAL_Driver/Src/stm32f4xx_hal.o
LOAD Drivers/STM32F4xx_HAL_Driver/Src/stm32f4xx_hal_cortex.o
LOAD Drivers/STM32F4xx_HAL_Driver/Src/stm32f4xx_hal_crc.o
LOAD Drivers/STM32F4xx_HAL_Driver/Src/stm32f4xx_hal_dma.o
LOAD Drivers/STM32F4xx_HAL_Driver/Src/stm32f4xx_hal_dma2d.o
LOAD Drivers/STM32F4xx_HAL_Driver/Src/stm32f4xx_hal_dma_ex.o
LOAD Drivers/STM32F4xx_HAL_Driver/Src/stm32f4xx_hal_dsi.o
LOAD Drivers/STM32F4xx_HAL_Driver/Src/stm32f4xx_hal_exti.o
LOAD Drivers/STM32F4xx_HAL_Driver/Src/stm32f4xx_hal_flash.o
LOAD Drivers/STM32F4xx_HAL_Driver/Src/stm32f4xx_hal_flash_ex.o
LOAD Drivers/STM32F4xx_HAL_Driver/Src/stm32f4xx_hal_flash_ramfunc.o
LOAD Drivers/STM32F4xx_HAL_Driver/Src/stm32f4xx_hal_gpio.o
LOAD Drivers/STM32F4xx_HAL_Driver/Src/stm32f4xx_hal_hcd.o
LOAD Drivers/STM32F4xx_HAL_Driver/Src/stm32f4xx_hal_i2c.o
LOAD Drivers/STM32F4xx_HAL_Driver/Src/stm32f4xx_hal_i2c_ex.o
LOAD Drivers/STM32F4xx_HAL_Driver/Src/stm32f4xx_hal_ltdc.o
LOAD Drivers/STM32F4xx_HAL_Driver/Src/stm32f4xx_hal_ltdc_ex.o
LOAD Drivers/STM32F4xx_HAL_Driver/Src/stm32f4xx_hal_pwr.o
LOAD Drivers/STM32F4xx_HAL_Driver/Src/stm32f4xx_hal_pwr_ex.o
LOAD Drivers/STM32F4xx_HAL_Driver/Src/stm32f4xx_hal_rcc.o
LOAD Drivers/STM32F4xx_HAL_Driver/Src/stm32f4xx_hal_rcc_ex.o
LOAD Drivers/STM32F4xx_HAL_Driver/Src/stm32f4xx_hal_sdram.o
LOAD Drivers/STM32F4xx_HAL_Driver/Src/stm32f4xx_hal_spi.o
LOAD Drivers/STM32F4xx_HAL_Driver/Src/stm32f4xx_hal_tim.o
LOAD Drivers/STM32F4xx_HAL_Driver/Src/stm32f4xx_hal_tim_ex.o
LOAD Drivers/STM32F4xx_HAL_Driver/Src/stm32f4xx_hal_uart.o
LOAD Drivers/STM32F4xx_HAL_Driver/Src/stm32f4xx_ll_fmc.o
LOAD Drivers/STM32F4xx_HAL_Driver/Src/stm32f4xx_ll_usb.o
LOAD Inc/ros_lib/duration.o
LOAD Inc/ros_lib/time.o
LOAD Middlewares/ST/STM32_USB_Host_Library/Class/CDC/Src/usbh_cdc.o
LOAD Middlewares/ST/STM32_USB_Host_Library/Core/Src/usbh_core.o
LOAD Middlewares/ST/STM32_USB_Host_Library/Core/Src/usbh_ctlreq.o
LOAD Middlewares/ST/STM32_USB_Host_Library/Core/Src/usbh_ioreq.o
LOAD Middlewares/ST/STM32_USB_Host_Library/Core/Src/usbh_pipes.o
LOAD Middlewares/Third_Party/FreeRTOS/Source/CMSIS_RTOS/cmsis_os.o
LOAD Middlewares/Third_Party/FreeRTOS/Source/croutine.o
LOAD Middlewares/Third_Party/FreeRTOS/Source/event_groups.o
LOAD Middlewares/Third_Party/FreeRTOS/Source/list.o
LOAD Middlewares/Third_Party/FreeRTOS/Source/queue.o
LOAD Middlewares/Third_Party/FreeRTOS/Source/stream_buffer.o
LOAD Middlewares/Third_Party/FreeRTOS/Source/tasks.o
LOAD Middlewares/Third_Party/FreeRTOS/Source/timers.o
LOAD Middlewares/Third_Party/FreeRTOS/Source/portable/GCC/ARM_CM4F/port.o
LOAD Middlewares/Third_Party/FreeRTOS/Source/portable/MemMang/heap_4.o
LOAD Src/freertos.o
LOAD Src/ili9341.o
LOAD Src/main.o
LOAD Src/stm32f429i_discovery.o
LOAD Src/stm32f429i_discovery_lcd.o
LOAD Src/stm32f429i_discovery_sdram.o
LOAD Src/stm32f4xx_hal_msp.o
LOAD Src/stm32f4xx_hal_timebase_tim.o
LOAD Src/stm32f4xx_it.o
LOAD Src/syscalls.o
LOAD Src/system_stm32f4xx.o
LOAD Src/usb_host.o
LOAD Src/usbh_conf.o
LOAD Src/usbh_platform.o
LOAD startup/startup_stm32f429xx.o
LOAD /home/irfan_hasib/Ac6/SystemWorkbench/plugins/fr.ac6.mcu.externaltools.arm-none.linux64_1.17.0.201812190825/tools/compiler/bin/../lib/gcc/arm-none-eabi/7.3.1/../../../../arm-none-eabi/lib/thumb/v7e-m/fpv4-sp/hard/libstdc++_nano.a
LOAD /home/irfan_hasib/Ac6/SystemWorkbench/plugins/fr.ac6.mcu.externaltools.arm-none.linux64_1.17.0.201812190825/tools/compiler/bin/../lib/gcc/arm-none-eabi/7.3.1/../../../../arm-none-eabi/lib/thumb/v7e-m/fpv4-sp/hard/libm.a
START GROUP
LOAD /home/irfan_hasib/Ac6/SystemWorkbench/plugins/fr.ac6.mcu.externaltools.arm-none.linux64_1.17.0.201812190825/tools/compiler/bin/../lib/gcc/arm-none-eabi/7.3.1/thumb/v7e-m/fpv4-sp/hard/libgcc.a
LOAD /home/irfan_hasib/Ac6/SystemWorkbench/plugins/fr.ac6.mcu.externaltools.arm-none.linux64_1.17.0.201812190825/tools/compiler/bin/../lib/gcc/arm-none-eabi/7.3.1/../../../../arm-none-eabi/lib/thumb/v7e-m/fpv4-sp/hard/libc_nano.a
END GROUP
START GROUP
LOAD /home/irfan_hasib/Ac6/SystemWorkbench/plugins/fr.ac6.mcu.externaltools.arm-none.linux64_1.17.0.201812190825/tools/compiler/bin/../lib/gcc/arm-none-eabi/7.3.1/thumb/v7e-m/fpv4-sp/hard/libgcc.a
LOAD /home/irfan_hasib/Ac6/SystemWorkbench/plugins/fr.ac6.mcu.externaltools.arm-none.linux64_1.17.0.201812190825/tools/compiler/bin/../lib/gcc/arm-none-eabi/7.3.1/../../../../arm-none-eabi/lib/thumb/v7e-m/fpv4-sp/hard/libc_nano.a
LOAD /home/irfan_hasib/Ac6/SystemWorkbench/plugins/fr.ac6.mcu.externaltools.arm-none.linux64_1.17.0.201812190825/tools/compiler/bin/../lib/gcc/arm-none-eabi/7.3.1/../../../../arm-none-eabi/lib/thumb/v7e-m/fpv4-sp/hard/libnosys.a
END GROUP
START GROUP
LOAD /home/irfan_hasib/Ac6/SystemWorkbench/plugins/fr.ac6.mcu.externaltools.arm-none.linux64_1.17.0.201812190825/tools/compiler/bin/../lib/gcc/arm-none-eabi/7.3.1/thumb/v7e-m/fpv4-sp/hard/libgcc.a
LOAD /home/irfan_hasib/Ac6/SystemWorkbench/plugins/fr.ac6.mcu.externaltools.arm-none.linux64_1.17.0.201812190825/tools/compiler/bin/../lib/gcc/arm-none-eabi/7.3.1/../../../../arm-none-eabi/lib/thumb/v7e-m/fpv4-sp/hard/libc_nano.a
LOAD /home/irfan_hasib/Ac6/SystemWorkbench/plugins/fr.ac6.mcu.externaltools.arm-none.linux64_1.17.0.201812190825/tools/compiler/bin/../lib/gcc/arm-none-eabi/7.3.1/../../../../arm-none-eabi/lib/thumb/v7e-m/fpv4-sp/hard/libnosys.a
END GROUP
LOAD /home/irfan_hasib/Ac6/SystemWorkbench/plugins/fr.ac6.mcu.externaltools.arm-none.linux64_1.17.0.201812190825/tools/compiler/bin/../lib/gcc/arm-none-eabi/7.3.1/thumb/v7e-m/fpv4-sp/hard/crtend.o
LOAD /home/irfan_hasib/Ac6/SystemWorkbench/plugins/fr.ac6.mcu.externaltools.arm-none.linux64_1.17.0.201812190825/tools/compiler/bin/../lib/gcc/arm-none-eabi/7.3.1/thumb/v7e-m/fpv4-sp/hard/crtn.o
                0x0000000020030000                _estack = 0x20030000
                0x0000000000000200                _Min_Heap_Size = 0x200
                0x0000000000000400                _Min_Stack_Size = 0x400

.isr_vector     0x0000000008000000      0x1ac
                0x0000000008000000                . = ALIGN (0x4)
 *(.isr_vector)
 .isr_vector    0x0000000008000000      0x1ac startup/startup_stm32f429xx.o
                0x0000000008000000                g_pfnVectors
                0x00000000080001ac                . = ALIGN (0x4)

.text           0x00000000080001b0     0x7470
                0x00000000080001b0                . = ALIGN (0x4)
 *(.text)
 .text          0x00000000080001b0       0x40 /home/irfan_hasib/Ac6/SystemWorkbench/plugins/fr.ac6.mcu.externaltools.arm-none.linux64_1.17.0.201812190825/tools/compiler/bin/../lib/gcc/arm-none-eabi/7.3.1/thumb/v7e-m/fpv4-sp/hard/crtbegin.o
 .text          0x00000000080001f0       0x30 /home/irfan_hasib/Ac6/SystemWorkbench/plugins/fr.ac6.mcu.externaltools.arm-none.linux64_1.17.0.201812190825/tools/compiler/bin/../lib/gcc/arm-none-eabi/7.3.1/thumb/v7e-m/fpv4-sp/hard/libgcc.a(_aeabi_uldivmod.o)
                0x00000000080001f0                __aeabi_uldivmod
 .text          0x0000000008000220      0x2cc /home/irfan_hasib/Ac6/SystemWorkbench/plugins/fr.ac6.mcu.externaltools.arm-none.linux64_1.17.0.201812190825/tools/compiler/bin/../lib/gcc/arm-none-eabi/7.3.1/thumb/v7e-m/fpv4-sp/hard/libgcc.a(_udivmoddi4.o)
                0x0000000008000220                __udivmoddi4
 .text          0x00000000080004ec        0x4 /home/irfan_hasib/Ac6/SystemWorkbench/plugins/fr.ac6.mcu.externaltools.arm-none.linux64_1.17.0.201812190825/tools/compiler/bin/../lib/gcc/arm-none-eabi/7.3.1/thumb/v7e-m/fpv4-sp/hard/libgcc.a(_dvmd_tls.o)
                0x00000000080004ec                __aeabi_ldiv0
                0x00000000080004ec                __aeabi_idiv0
 .text          0x00000000080004f0       0x10 /home/irfan_hasib/Ac6/SystemWorkbench/plugins/fr.ac6.mcu.externaltools.arm-none.linux64_1.17.0.201812190825/tools/compiler/bin/../lib/gcc/arm-none-eabi/7.3.1/../../../../arm-none-eabi/lib/thumb/v7e-m/fpv4-sp/hard/libc_nano.a(lib_a-strlen.o)
                0x00000000080004f0                strlen
 *(.text*)
 .text.HAL_Init
                0x0000000008000500       0x34 Drivers/STM32F4xx_HAL_Driver/Src/stm32f4xx_hal.o
                0x0000000008000500                HAL_Init
 .text.HAL_IncTick
                0x0000000008000534       0x18 Drivers/STM32F4xx_HAL_Driver/Src/stm32f4xx_hal.o
                0x0000000008000534                HAL_IncTick
 .text.HAL_GetTick
                0x000000000800054c        0xc Drivers/STM32F4xx_HAL_Driver/Src/stm32f4xx_hal.o
                0x000000000800054c                HAL_GetTick
 .text.HAL_Delay
                0x0000000008000558       0x28 Drivers/STM32F4xx_HAL_Driver/Src/stm32f4xx_hal.o
                0x0000000008000558                HAL_Delay
 .text.HAL_NVIC_SetPriorityGrouping
                0x0000000008000580       0x24 Drivers/STM32F4xx_HAL_Driver/Src/stm32f4xx_hal_cortex.o
                0x0000000008000580                HAL_NVIC_SetPriorityGrouping
 .text.HAL_NVIC_SetPriority
                0x00000000080005a4       0x68 Drivers/STM32F4xx_HAL_Driver/Src/stm32f4xx_hal_cortex.o
                0x00000000080005a4                HAL_NVIC_SetPriority
 .text.HAL_NVIC_EnableIRQ
                0x000000000800060c       0x1c Drivers/STM32F4xx_HAL_Driver/Src/stm32f4xx_hal_cortex.o
                0x000000000800060c                HAL_NVIC_EnableIRQ
 .text.HAL_CRC_Init
                0x0000000008000628       0x22 Drivers/STM32F4xx_HAL_Driver/Src/stm32f4xx_hal_crc.o
                0x0000000008000628                HAL_CRC_Init
 .text.DMA_SetConfig
                0x000000000800064a       0x2c Drivers/STM32F4xx_HAL_Driver/Src/stm32f4xx_hal_dma.o
 *fill*         0x0000000008000676        0x2 
 .text.DMA_CalcBaseAndBitshift
                0x0000000008000678       0x3c Drivers/STM32F4xx_HAL_Driver/Src/stm32f4xx_hal_dma.o
 .text.DMA_CheckFifoParam
                0x00000000080006b4       0x8e Drivers/STM32F4xx_HAL_Driver/Src/stm32f4xx_hal_dma.o
 *fill*         0x0000000008000742        0x2 
 .text.HAL_DMA_Init
                0x0000000008000744       0xcc Drivers/STM32F4xx_HAL_Driver/Src/stm32f4xx_hal_dma.o
                0x0000000008000744                HAL_DMA_Init
 .text.HAL_DMA_DeInit
                0x0000000008000810       0x66 Drivers/STM32F4xx_HAL_Driver/Src/stm32f4xx_hal_dma.o
                0x0000000008000810                HAL_DMA_DeInit
 .text.HAL_DMA_Start_IT
                0x0000000008000876       0x74 Drivers/STM32F4xx_HAL_Driver/Src/stm32f4xx_hal_dma.o
                0x0000000008000876                HAL_DMA_Start_IT
 .text.DMA2D_SetConfig
                0x00000000080008ea       0x8c Drivers/STM32F4xx_HAL_Driver/Src/stm32f4xx_hal_dma2d.o
 .text.HAL_DMA2D_Init
                0x0000000008000976       0x5a Drivers/STM32F4xx_HAL_Driver/Src/stm32f4xx_hal_dma2d.o
                0x0000000008000976                HAL_DMA2D_Init
 .text.HAL_DMA2D_Start
                0x00000000080009d0       0x38 Drivers/STM32F4xx_HAL_Driver/Src/stm32f4xx_hal_dma2d.o
                0x00000000080009d0                HAL_DMA2D_Start
 .text.HAL_DMA2D_PollForTransfer
                0x0000000008000a08      0x13e Drivers/STM32F4xx_HAL_Driver/Src/stm32f4xx_hal_dma2d.o
                0x0000000008000a08                HAL_DMA2D_PollForTransfer
 .text.HAL_DMA2D_LineEventCallback
                0x0000000008000b46        0x2 Drivers/STM32F4xx_HAL_Driver/Src/stm32f4xx_hal_dma2d.o
                0x0000000008000b46                HAL_DMA2D_LineEventCallback
 .text.HAL_DMA2D_CLUTLoadingCpltCallback
                0x0000000008000b48        0x2 Drivers/STM32F4xx_HAL_Driver/Src/stm32f4xx_hal_dma2d.o
                0x0000000008000b48                HAL_DMA2D_CLUTLoadingCpltCallback
 .text.HAL_DMA2D_IRQHandler
                0x0000000008000b4a      0x13c Drivers/STM32F4xx_HAL_Driver/Src/stm32f4xx_hal_dma2d.o
                0x0000000008000b4a                HAL_DMA2D_IRQHandler
 *fill*         0x0000000008000c86        0x2 
 .text.HAL_DMA2D_ConfigLayer
                0x0000000008000c88       0xc4 Drivers/STM32F4xx_HAL_Driver/Src/stm32f4xx_hal_dma2d.o
                0x0000000008000c88                HAL_DMA2D_ConfigLayer
 .text.HAL_GPIO_Init
                0x0000000008000d4c      0x1e0 Drivers/STM32F4xx_HAL_Driver/Src/stm32f4xx_hal_gpio.o
                0x0000000008000d4c                HAL_GPIO_Init
 .text.HAL_GPIO_DeInit
                0x0000000008000f2c      0x13c Drivers/STM32F4xx_HAL_Driver/Src/stm32f4xx_hal_gpio.o
                0x0000000008000f2c                HAL_GPIO_DeInit
 .text.HAL_GPIO_WritePin
                0x0000000008001068        0xc Drivers/STM32F4xx_HAL_Driver/Src/stm32f4xx_hal_gpio.o
                0x0000000008001068                HAL_GPIO_WritePin
 .text.HCD_RXQLVL_IRQHandler
                0x0000000008001074       0x7c Drivers/STM32F4xx_HAL_Driver/Src/stm32f4xx_hal_hcd.o
 .text.HCD_Port_IRQHandler
                0x00000000080010f0       0xd4 Drivers/STM32F4xx_HAL_Driver/Src/stm32f4xx_hal_hcd.o
 .text.HCD_HC_IN_IRQHandler
                0x00000000080011c4      0x2bc Drivers/STM32F4xx_HAL_Driver/Src/stm32f4xx_hal_hcd.o
 .text.HCD_HC_OUT_IRQHandler
                0x0000000008001480      0x2b4 Drivers/STM32F4xx_HAL_Driver/Src/stm32f4xx_hal_hcd.o
 .text.HAL_HCD_IRQHandler
                0x0000000008001734      0x148 Drivers/STM32F4xx_HAL_Driver/Src/stm32f4xx_hal_hcd.o
                0x0000000008001734                HAL_HCD_IRQHandler
 .text.HAL_HCD_Start
                0x000000000800187c       0x2c Drivers/STM32F4xx_HAL_Driver/Src/stm32f4xx_hal_hcd.o
                0x000000000800187c                HAL_HCD_Start
 .text.HAL_HCD_Stop
                0x00000000080018a8       0x24 Drivers/STM32F4xx_HAL_Driver/Src/stm32f4xx_hal_hcd.o
                0x00000000080018a8                HAL_HCD_Stop
 .text.HAL_I2C_Init
                0x00000000080018cc      0x1a0 Drivers/STM32F4xx_HAL_Driver/Src/stm32f4xx_hal_i2c.o
                0x00000000080018cc                HAL_I2C_Init
 .text.HAL_I2CEx_ConfigAnalogFilter
                0x0000000008001a6c       0x44 Drivers/STM32F4xx_HAL_Driver/Src/stm32f4xx_hal_i2c_ex.o
                0x0000000008001a6c                HAL_I2CEx_ConfigAnalogFilter
 .text.HAL_I2CEx_ConfigDigitalFilter
                0x0000000008001ab0       0x42 Drivers/STM32F4xx_HAL_Driver/Src/stm32f4xx_hal_i2c_ex.o
                0x0000000008001ab0                HAL_I2CEx_ConfigDigitalFilter
 .text.LTDC_SetConfig
                0x0000000008001af2      0x192 Drivers/STM32F4xx_HAL_Driver/Src/stm32f4xx_hal_ltdc.o
 .text.HAL_LTDC_Init
                0x0000000008001c84       0xf4 Drivers/STM32F4xx_HAL_Driver/Src/stm32f4xx_hal_ltdc.o
                0x0000000008001c84                HAL_LTDC_Init
 .text.HAL_LTDC_ErrorCallback
                0x0000000008001d78        0x2 Drivers/STM32F4xx_HAL_Driver/Src/stm32f4xx_hal_ltdc.o
                0x0000000008001d78                HAL_LTDC_ErrorCallback
 .text.HAL_LTDC_LineEventCallback
                0x0000000008001d7a        0x2 Drivers/STM32F4xx_HAL_Driver/Src/stm32f4xx_hal_ltdc.o
                0x0000000008001d7a                HAL_LTDC_LineEventCallback
 .text.HAL_LTDC_ReloadEventCallback
                0x0000000008001d7c        0x2 Drivers/STM32F4xx_HAL_Driver/Src/stm32f4xx_hal_ltdc.o
                0x0000000008001d7c                HAL_LTDC_ReloadEventCallback
 .text.HAL_LTDC_IRQHandler
                0x0000000008001d7e       0xda Drivers/STM32F4xx_HAL_Driver/Src/stm32f4xx_hal_ltdc.o
                0x0000000008001d7e                HAL_LTDC_IRQHandler
 .text.HAL_LTDC_ConfigLayer
                0x0000000008001e58       0x5c Drivers/STM32F4xx_HAL_Driver/Src/stm32f4xx_hal_ltdc.o
                0x0000000008001e58                HAL_LTDC_ConfigLayer
 .text.HAL_LTDC_EnableDither
                0x0000000008001eb4       0x34 Drivers/STM32F4xx_HAL_Driver/Src/stm32f4xx_hal_ltdc.o
                0x0000000008001eb4                HAL_LTDC_EnableDither
 .text.HAL_RCC_OscConfig
                0x0000000008001ee8      0x398 Drivers/STM32F4xx_HAL_Driver/Src/stm32f4xx_hal_rcc.o
                0x0000000008001ee8                HAL_RCC_OscConfig
 .text.HAL_RCC_GetSysClockFreq
                0x0000000008002280       0xd8 Drivers/STM32F4xx_HAL_Driver/Src/stm32f4xx_hal_rcc.o
                0x0000000008002280                HAL_RCC_GetSysClockFreq
 .text.HAL_RCC_ClockConfig
                0x0000000008002358      0x158 Drivers/STM32F4xx_HAL_Driver/Src/stm32f4xx_hal_rcc.o
                0x0000000008002358                HAL_RCC_ClockConfig
 .text.HAL_RCC_GetHCLKFreq
                0x00000000080024b0        0xc Drivers/STM32F4xx_HAL_Driver/Src/stm32f4xx_hal_rcc.o
                0x00000000080024b0                HAL_RCC_GetHCLKFreq
 .text.HAL_RCC_GetPCLK1Freq
                0x00000000080024bc       0x20 Drivers/STM32F4xx_HAL_Driver/Src/stm32f4xx_hal_rcc.o
                0x00000000080024bc                HAL_RCC_GetPCLK1Freq
 .text.HAL_RCC_GetPCLK2Freq
                0x00000000080024dc       0x20 Drivers/STM32F4xx_HAL_Driver/Src/stm32f4xx_hal_rcc.o
                0x00000000080024dc                HAL_RCC_GetPCLK2Freq
 .text.HAL_RCC_GetClockConfig
                0x00000000080024fc       0x3c Drivers/STM32F4xx_HAL_Driver/Src/stm32f4xx_hal_rcc.o
                0x00000000080024fc                HAL_RCC_GetClockConfig
 .text.HAL_RCCEx_PeriphCLKConfig
                0x0000000008002538      0x268 Drivers/STM32F4xx_HAL_Driver/Src/stm32f4xx_hal_rcc_ex.o
                0x0000000008002538                HAL_RCCEx_PeriphCLKConfig
 .text.HAL_SDRAM_Init
                0x00000000080027a0       0x3e Drivers/STM32F4xx_HAL_Driver/Src/stm32f4xx_hal_sdram.o
                0x00000000080027a0                HAL_SDRAM_Init
 .text.HAL_SDRAM_SendCommand
                0x00000000080027de       0x3a Drivers/STM32F4xx_HAL_Driver/Src/stm32f4xx_hal_sdram.o
                0x00000000080027de                HAL_SDRAM_SendCommand
 .text.HAL_SDRAM_ProgramRefreshRate
                0x0000000008002818       0x28 Drivers/STM32F4xx_HAL_Driver/Src/stm32f4xx_hal_sdram.o
                0x0000000008002818                HAL_SDRAM_ProgramRefreshRate
 .text.SPI_WaitFlagStateUntilTimeout
                0x0000000008002840       0x90 Drivers/STM32F4xx_HAL_Driver/Src/stm32f4xx_hal_spi.o
 .text.SPI_EndRxTxTransaction
                0x00000000080028d0       0x68 Drivers/STM32F4xx_HAL_Driver/Src/stm32f4xx_hal_spi.o
 .text.SPI_EndRxTransaction
                0x0000000008002938       0x98 Drivers/STM32F4xx_HAL_Driver/Src/stm32f4xx_hal_spi.o
 .text.HAL_SPI_Init
                0x00000000080029d0       0x80 Drivers/STM32F4xx_HAL_Driver/Src/stm32f4xx_hal_spi.o
                0x00000000080029d0                HAL_SPI_Init
 .text.HAL_SPI_DeInit
                0x0000000008002a50       0x2c Drivers/STM32F4xx_HAL_Driver/Src/stm32f4xx_hal_spi.o
                0x0000000008002a50                HAL_SPI_DeInit
 .text.HAL_SPI_Transmit
                0x0000000008002a7c      0x19a Drivers/STM32F4xx_HAL_Driver/Src/stm32f4xx_hal_spi.o
                0x0000000008002a7c                HAL_SPI_Transmit
 .text.HAL_SPI_TransmitReceive
                0x0000000008002c16      0x22e Drivers/STM32F4xx_HAL_Driver/Src/stm32f4xx_hal_spi.o
                0x0000000008002c16                HAL_SPI_TransmitReceive
 .text.HAL_SPI_Receive
                0x0000000008002e44      0x162 Drivers/STM32F4xx_HAL_Driver/Src/stm32f4xx_hal_spi.o
                0x0000000008002e44                HAL_SPI_Receive
 .text.HAL_SPI_GetState
                0x0000000008002fa6        0x6 Drivers/STM32F4xx_HAL_Driver/Src/stm32f4xx_hal_spi.o
                0x0000000008002fa6                HAL_SPI_GetState
 .text.TIM_TI1_ConfigInputStage
                0x0000000008002fac       0x26 Drivers/STM32F4xx_HAL_Driver/Src/stm32f4xx_hal_tim.o
 .text.TIM_TI2_ConfigInputStage
                0x0000000008002fd2       0x28 Drivers/STM32F4xx_HAL_Driver/Src/stm32f4xx_hal_tim.o
 .text.TIM_ITRx_SetConfig
                0x0000000008002ffa       0x10 Drivers/STM32F4xx_HAL_Driver/Src/stm32f4xx_hal_tim.o
 .text.HAL_TIM_Base_Start_IT
                0x000000000800300a       0x22 Drivers/STM32F4xx_HAL_Driver/Src/stm32f4xx_hal_tim.o
                0x000000000800300a                HAL_TIM_Base_Start_IT
 .text.HAL_TIM_OC_DelayElapsedCallback
                0x000000000800302c        0x2 Drivers/STM32F4xx_HAL_Driver/Src/stm32f4xx_hal_tim.o
                0x000000000800302c                HAL_TIM_OC_DelayElapsedCallback
 .text.HAL_TIM_IC_CaptureCallback
                0x000000000800302e        0x2 Drivers/STM32F4xx_HAL_Driver/Src/stm32f4xx_hal_tim.o
                0x000000000800302e                HAL_TIM_IC_CaptureCallback
 .text.HAL_TIM_PWM_PulseFinishedCallback
                0x0000000008003030        0x2 Drivers/STM32F4xx_HAL_Driver/Src/stm32f4xx_hal_tim.o
                0x0000000008003030                HAL_TIM_PWM_PulseFinishedCallback
 .text.HAL_TIM_TriggerCallback
                0x0000000008003032        0x2 Drivers/STM32F4xx_HAL_Driver/Src/stm32f4xx_hal_tim.o
                0x0000000008003032                HAL_TIM_TriggerCallback
 .text.HAL_TIM_IRQHandler
                0x0000000008003034      0x17a Drivers/STM32F4xx_HAL_Driver/Src/stm32f4xx_hal_tim.o
                0x0000000008003034                HAL_TIM_IRQHandler
 *fill*         0x00000000080031ae        0x2 
 .text.TIM_Base_SetConfig
                0x00000000080031b0       0xc8 Drivers/STM32F4xx_HAL_Driver/Src/stm32f4xx_hal_tim.o
                0x00000000080031b0                TIM_Base_SetConfig
 .text.HAL_TIM_Base_Init
                0x0000000008003278       0x32 Drivers/STM32F4xx_HAL_Driver/Src/stm32f4xx_hal_tim.o
                0x0000000008003278                HAL_TIM_Base_Init
 .text.TIM_ETR_SetConfig
                0x00000000080032aa       0x18 Drivers/STM32F4xx_HAL_Driver/Src/stm32f4xx_hal_tim.o
                0x00000000080032aa                TIM_ETR_SetConfig
 .text.HAL_TIM_ConfigClockSource
                0x00000000080032c2       0xda Drivers/STM32F4xx_HAL_Driver/Src/stm32f4xx_hal_tim.o
                0x00000000080032c2                HAL_TIM_ConfigClockSource
 .text.HAL_TIMEx_MasterConfigSynchronization
                0x000000000800339c       0x46 Drivers/STM32F4xx_HAL_Driver/Src/stm32f4xx_hal_tim_ex.o
                0x000000000800339c                HAL_TIMEx_MasterConfigSynchronization
 .text.HAL_TIMEx_CommutCallback
                0x00000000080033e2        0x2 Drivers/STM32F4xx_HAL_Driver/Src/stm32f4xx_hal_tim_ex.o
                0x00000000080033e2                HAL_TIMEx_CommutCallback
 .text.HAL_TIMEx_BreakCallback
                0x00000000080033e4        0x2 Drivers/STM32F4xx_HAL_Driver/Src/stm32f4xx_hal_tim_ex.o
                0x00000000080033e4                HAL_TIMEx_BreakCallback
 .text.UART_EndTxTransfer
                0x00000000080033e6       0x12 Drivers/STM32F4xx_HAL_Driver/Src/stm32f4xx_hal_uart.o
 .text.UART_EndRxTransfer
                0x00000000080033f8       0x1c Drivers/STM32F4xx_HAL_Driver/Src/stm32f4xx_hal_uart.o
 .text.UART_SetConfig
                0x0000000008003414      0x334 Drivers/STM32F4xx_HAL_Driver/Src/stm32f4xx_hal_uart.o
 .text.UART_WaitOnFlagUntilTimeout
                0x0000000008003748       0x62 Drivers/STM32F4xx_HAL_Driver/Src/stm32f4xx_hal_uart.o
 .text.HAL_UART_Init
                0x00000000080037aa       0x5e Drivers/STM32F4xx_HAL_Driver/Src/stm32f4xx_hal_uart.o
                0x00000000080037aa                HAL_UART_Init
 .text.HAL_UART_Transmit
                0x0000000008003808       0xe0 Drivers/STM32F4xx_HAL_Driver/Src/stm32f4xx_hal_uart.o
                0x0000000008003808                HAL_UART_Transmit
 .text.HAL_UART_Receive_DMA
                0x00000000080038e8       0xa8 Drivers/STM32F4xx_HAL_Driver/Src/stm32f4xx_hal_uart.o
                0x00000000080038e8                HAL_UART_Receive_DMA
 .text.HAL_UART_RxCpltCallback
                0x0000000008003990        0x2 Drivers/STM32F4xx_HAL_Driver/Src/stm32f4xx_hal_uart.o
                0x0000000008003990                HAL_UART_RxCpltCallback
 .text.UART_DMAReceiveCplt
                0x0000000008003992       0x3e Drivers/STM32F4xx_HAL_Driver/Src/stm32f4xx_hal_uart.o
 .text.HAL_UART_RxHalfCpltCallback
                0x00000000080039d0        0x2 Drivers/STM32F4xx_HAL_Driver/Src/stm32f4xx_hal_uart.o
                0x00000000080039d0                HAL_UART_RxHalfCpltCallback
 .text.UART_DMARxHalfCplt
                0x00000000080039d2        0xa Drivers/STM32F4xx_HAL_Driver/Src/stm32f4xx_hal_uart.o
 .text.HAL_UART_ErrorCallback
                0x00000000080039dc        0x2 Drivers/STM32F4xx_HAL_Driver/Src/stm32f4xx_hal_uart.o
                0x00000000080039dc                HAL_UART_ErrorCallback
 .text.UART_DMAError
                0x00000000080039de       0x58 Drivers/STM32F4xx_HAL_Driver/Src/stm32f4xx_hal_uart.o
 .text.FMC_SDRAM_Init
                0x0000000008003a36       0x78 Drivers/STM32F4xx_HAL_Driver/Src/stm32f4xx_ll_fmc.o
                0x0000000008003a36                FMC_SDRAM_Init
 .text.FMC_SDRAM_Timing_Init
                0x0000000008003aae       0x96 Drivers/STM32F4xx_HAL_Driver/Src/stm32f4xx_ll_fmc.o
                0x0000000008003aae                FMC_SDRAM_Timing_Init
 .text.FMC_SDRAM_SendCommand
                0x0000000008003b44       0x54 Drivers/STM32F4xx_HAL_Driver/Src/stm32f4xx_ll_fmc.o
                0x0000000008003b44                FMC_SDRAM_SendCommand
 .text.FMC_SDRAM_ProgramRefreshRate
                0x0000000008003b98        0xc Drivers/STM32F4xx_HAL_Driver/Src/stm32f4xx_ll_fmc.o
                0x0000000008003b98                FMC_SDRAM_ProgramRefreshRate
 .text.USB_EnableGlobalInt
                0x0000000008003ba4        0xc Drivers/STM32F4xx_HAL_Driver/Src/stm32f4xx_ll_usb.o
                0x0000000008003ba4                USB_EnableGlobalInt
 .text.USB_DisableGlobalInt
                0x0000000008003bb0        0xc Drivers/STM32F4xx_HAL_Driver/Src/stm32f4xx_ll_usb.o
                0x0000000008003bb0                USB_DisableGlobalInt
 .text.USB_FlushTxFifo
                0x0000000008003bbc       0x28 Drivers/STM32F4xx_HAL_Driver/Src/stm32f4xx_ll_usb.o
                0x0000000008003bbc                USB_FlushTxFifo
 .text.USB_FlushRxFifo
                0x0000000008003be4       0x24 Drivers/STM32F4xx_HAL_Driver/Src/stm32f4xx_ll_usb.o
                0x0000000008003be4                USB_FlushRxFifo
 .text.USB_ReadPacket
                0x0000000008003c08       0x28 Drivers/STM32F4xx_HAL_Driver/Src/stm32f4xx_ll_usb.o
                0x0000000008003c08                USB_ReadPacket
 .text.USB_ReadInterrupts
                0x0000000008003c30        0x8 Drivers/STM32F4xx_HAL_Driver/Src/stm32f4xx_ll_usb.o
                0x0000000008003c30                USB_ReadInterrupts
 .text.USB_GetMode
                0x0000000008003c38        0x8 Drivers/STM32F4xx_HAL_Driver/Src/stm32f4xx_ll_usb.o
                0x0000000008003c38                USB_GetMode
 .text.USB_InitFSLSPClkSel
                0x0000000008003c40       0x40 Drivers/STM32F4xx_HAL_Driver/Src/stm32f4xx_ll_usb.o
                0x0000000008003c40                USB_InitFSLSPClkSel
 .text.USB_DriveVbus
                0x0000000008003c80       0x46 Drivers/STM32F4xx_HAL_Driver/Src/stm32f4xx_ll_usb.o
                0x0000000008003c80                USB_DriveVbus
 .text.USB_HC_ReadInterrupt
                0x0000000008003cc6        0xa Drivers/STM32F4xx_HAL_Driver/Src/stm32f4xx_ll_usb.o
                0x0000000008003cc6                USB_HC_ReadInterrupt
 .text.USB_HC_Halt
                0x0000000008003cd0       0xd0 Drivers/STM32F4xx_HAL_Driver/Src/stm32f4xx_ll_usb.o
                0x0000000008003cd0                USB_HC_Halt
 .text.USB_StopHost
                0x0000000008003da0       0x7e Drivers/STM32F4xx_HAL_Driver/Src/stm32f4xx_ll_usb.o
                0x0000000008003da0                USB_StopHost
 *fill*         0x0000000008003e1e        0x2 
 .text._ZN3ros16normalizeSecNSecERmS0_
                0x0000000008003e20       0x2c Inc/ros_lib/time.o
                0x0000000008003e20                ros::normalizeSecNSec(unsigned long&, unsigned long&)
 .text.USBH_HandleSof
                0x0000000008003e4c       0x1a Middlewares/ST/STM32_USB_Host_Library/Core/Src/usbh_core.o
 .text.USBH_LL_IncTimer
                0x0000000008003e66       0x12 Middlewares/ST/STM32_USB_Host_Library/Core/Src/usbh_core.o
                0x0000000008003e66                USBH_LL_IncTimer
 .text.USBH_LL_PortEnabled
                0x0000000008003e78        0x8 Middlewares/ST/STM32_USB_Host_Library/Core/Src/usbh_core.o
                0x0000000008003e78                USBH_LL_PortEnabled
 .text.USBH_LL_PortDisabled
                0x0000000008003e80        0x8 Middlewares/ST/STM32_USB_Host_Library/Core/Src/usbh_core.o
                0x0000000008003e80                USBH_LL_PortDisabled
 .text.USBH_LL_Connect
                0x0000000008003e88       0x3a Middlewares/ST/STM32_USB_Host_Library/Core/Src/usbh_core.o
                0x0000000008003e88                USBH_LL_Connect
 .text.USBH_LL_Disconnect
                0x0000000008003ec2       0x48 Middlewares/ST/STM32_USB_Host_Library/Core/Src/usbh_core.o
                0x0000000008003ec2                USBH_LL_Disconnect
 .text.USBH_LL_NotifyURBChange
                0x0000000008003f0a       0x16 Middlewares/ST/STM32_USB_Host_Library/Core/Src/usbh_core.o
                0x0000000008003f0a                USBH_LL_NotifyURBChange
 .text.USBH_FreePipe
                0x0000000008003f20       0x16 Middlewares/ST/STM32_USB_Host_Library/Core/Src/usbh_pipes.o
                0x0000000008003f20                USBH_FreePipe
 .text.inHandlerMode
                0x0000000008003f36        0xc Middlewares/Third_Party/FreeRTOS/Source/CMSIS_RTOS/cmsis_os.o
 *fill*         0x0000000008003f42        0x2 
 .text.osMessagePut
                0x0000000008003f44       0x68 Middlewares/Third_Party/FreeRTOS/Source/CMSIS_RTOS/cmsis_os.o
                0x0000000008003f44                osMessagePut
 .text.vListInsertEnd
                0x0000000008003fac       0x18 Middlewares/Third_Party/FreeRTOS/Source/list.o
                0x0000000008003fac                vListInsertEnd
 .text.vListInsert
                0x0000000008003fc4       0x34 Middlewares/Third_Party/FreeRTOS/Source/list.o
                0x0000000008003fc4                vListInsert
 .text.uxListRemove
                0x0000000008003ff8       0x28 Middlewares/Third_Party/FreeRTOS/Source/list.o
                0x0000000008003ff8                uxListRemove
 .text.prvIsQueueFull
                0x0000000008004020       0x1e Middlewares/Third_Party/FreeRTOS/Source/queue.o
 .text.prvCopyDataToQueue
                0x000000000800403e       0x76 Middlewares/Third_Party/FreeRTOS/Source/queue.o
 .text.prvUnlockQueue
                0x00000000080040b4       0x6e Middlewares/Third_Party/FreeRTOS/Source/queue.o
 *fill*         0x0000000008004122        0x2 
 .text.xQueueGenericSend
                0x0000000008004124      0x17c Middlewares/Third_Party/FreeRTOS/Source/queue.o
                0x0000000008004124                xQueueGenericSend
 .text.xQueueGenericSendFromISR
                0x00000000080042a0       0xcc Middlewares/Third_Party/FreeRTOS/Source/queue.o
                0x00000000080042a0                xQueueGenericSendFromISR
 .text.prvResetNextTaskUnblockTime
                0x000000000800436c       0x24 Middlewares/Third_Party/FreeRTOS/Source/tasks.o
 .text.prvAddCurrentTaskToDelayedList
                0x0000000008004390       0x88 Middlewares/Third_Party/FreeRTOS/Source/tasks.o
 .text.vTaskSuspendAll
                0x0000000008004418       0x14 Middlewares/Third_Party/FreeRTOS/Source/tasks.o
                0x0000000008004418                vTaskSuspendAll
 .text.xTaskIncrementTick
                0x000000000800442c      0x10c Middlewares/Third_Party/FreeRTOS/Source/tasks.o
                0x000000000800442c                xTaskIncrementTick
 .text.xTaskResumeAll
                0x0000000008004538       0xf0 Middlewares/Third_Party/FreeRTOS/Source/tasks.o
                0x0000000008004538                xTaskResumeAll
 .text.vTaskSwitchContext
                0x0000000008004628       0xc8 Middlewares/Third_Party/FreeRTOS/Source/tasks.o
                0x0000000008004628                vTaskSwitchContext
 .text.vTaskPlaceOnEventList
                0x00000000080046f0       0x34 Middlewares/Third_Party/FreeRTOS/Source/tasks.o
                0x00000000080046f0                vTaskPlaceOnEventList
 .text.xTaskRemoveFromEventList
                0x0000000008004724       0x84 Middlewares/Third_Party/FreeRTOS/Source/tasks.o
                0x0000000008004724                xTaskRemoveFromEventList
 .text.vTaskInternalSetTimeOutState
                0x00000000080047a8       0x14 Middlewares/Third_Party/FreeRTOS/Source/tasks.o
                0x00000000080047a8                vTaskInternalSetTimeOutState
 .text.xTaskCheckForTimeOut
                0x00000000080047bc       0x80 Middlewares/Third_Party/FreeRTOS/Source/tasks.o
                0x00000000080047bc                xTaskCheckForTimeOut
 .text.vTaskMissedYield
                0x000000000800483c       0x10 Middlewares/Third_Party/FreeRTOS/Source/tasks.o
                0x000000000800483c                vTaskMissedYield
 .text.xTaskGetSchedulerState
                0x000000000800484c       0x20 Middlewares/Third_Party/FreeRTOS/Source/tasks.o
                0x000000000800484c                xTaskGetSchedulerState
 .text.xTaskPriorityDisinherit
                0x000000000800486c       0xb0 Middlewares/Third_Party/FreeRTOS/Source/tasks.o
                0x000000000800486c                xTaskPriorityDisinherit
 *fill*         0x000000000800491c        0x4 
 .text.SVC_Handler
                0x0000000008004920       0x24 Middlewares/Third_Party/FreeRTOS/Source/portable/GCC/ARM_CM4F/port.o
                0x0000000008004920                SVC_Handler
 .text.vPortEnterCritical
                0x0000000008004944       0x44 Middlewares/Third_Party/FreeRTOS/Source/portable/GCC/ARM_CM4F/port.o
                0x0000000008004944                vPortEnterCritical
 .text.vPortExitCritical
                0x0000000008004988       0x2c Middlewares/Third_Party/FreeRTOS/Source/portable/GCC/ARM_CM4F/port.o
                0x0000000008004988                vPortExitCritical
 *fill*         0x00000000080049b4        0xc 
 .text.PendSV_Handler
                0x00000000080049c0       0x64 Middlewares/Third_Party/FreeRTOS/Source/portable/GCC/ARM_CM4F/port.o
                0x00000000080049c0                PendSV_Handler
 .text.SysTick_Handler
                0x0000000008004a24       0x2c Middlewares/Third_Party/FreeRTOS/Source/portable/GCC/ARM_CM4F/port.o
                0x0000000008004a24                SysTick_Handler
 .text.vPortValidateInterruptPriority
                0x0000000008004a50       0x58 Middlewares/Third_Party/FreeRTOS/Source/portable/GCC/ARM_CM4F/port.o
                0x0000000008004a50                vPortValidateInterruptPriority
 .text.vApplicationStackOverflowHook
                0x0000000008004aa8        0x2 Src/freertos.o
                0x0000000008004aa8                vApplicationStackOverflowHook
 .text.ili9341_GetLcdPixelWidth
                0x0000000008004aaa        0x4 Src/ili9341.o
                0x0000000008004aaa                ili9341_GetLcdPixelWidth
 .text.ili9341_GetLcdPixelHeight
                0x0000000008004aae        0x6 Src/ili9341.o
                0x0000000008004aae                ili9341_GetLcdPixelHeight
 .text.ili9341_WriteReg
                0x0000000008004ab4        0x8 Src/ili9341.o
                0x0000000008004ab4                ili9341_WriteReg
 .text.ili9341_DisplayOn
                0x0000000008004abc        0xa Src/ili9341.o
                0x0000000008004abc                ili9341_DisplayOn
 .text.ili9341_DisplayOff
                0x0000000008004ac6        0xa Src/ili9341.o
                0x0000000008004ac6                ili9341_DisplayOff
 .text.ili9341_WriteData
                0x0000000008004ad0        0x8 Src/ili9341.o
                0x0000000008004ad0                ili9341_WriteData
 .text.ili9341_Init
                0x0000000008004ad8      0x290 Src/ili9341.o
                0x0000000008004ad8                ili9341_Init
 .text.ili9341_ReadData
                0x0000000008004d68        0x8 Src/ili9341.o
                0x0000000008004d68                ili9341_ReadData
 .text.ili9341_ReadID
                0x0000000008004d70       0x12 Src/ili9341.o
                0x0000000008004d70                ili9341_ReadID
 .text._ZNK8std_msgs4Time9serializeEPh
                0x0000000008004d82       0x28 Src/main.o
                0x0000000008004d82                std_msgs::Time::serialize(unsigned char*) const
 .text._ZN8std_msgs4Time11deserializeEPh
                0x0000000008004daa       0x3c Src/main.o
                0x0000000008004daa                std_msgs::Time::deserialize(unsigned char*)
 *fill*         0x0000000008004de6        0x2 
 .text._ZN8std_msgs4Time7getTypeEv
                0x0000000008004de8        0x8 Src/main.o
                0x0000000008004de8                std_msgs::Time::getType()
 .text._ZN8std_msgs4Time6getMD5Ev
                0x0000000008004df0        0x8 Src/main.o
                0x0000000008004df0                std_msgs::Time::getMD5()
 .text._ZN14rosserial_msgs9TopicInfo11deserializeEPh
                0x0000000008004df8       0xcc Src/main.o
                0x0000000008004df8                rosserial_msgs::TopicInfo::deserialize(unsigned char*)
 .text._ZN14rosserial_msgs9TopicInfo7getTypeEv
                0x0000000008004ec4        0x8 Src/main.o
                0x0000000008004ec4                rosserial_msgs::TopicInfo::getType()
 .text._ZN14rosserial_msgs9TopicInfo6getMD5Ev
                0x0000000008004ecc        0x8 Src/main.o
                0x0000000008004ecc                rosserial_msgs::TopicInfo::getMD5()
 .text._ZN14rosserial_msgs3Log11deserializeEPh
                0x0000000008004ed4       0x40 Src/main.o
                0x0000000008004ed4                rosserial_msgs::Log::deserialize(unsigned char*)
 .text._ZN14rosserial_msgs3Log7getTypeEv
                0x0000000008004f14        0x8 Src/main.o
                0x0000000008004f14                rosserial_msgs::Log::getType()
 .text._ZN14rosserial_msgs3Log6getMD5Ev
                0x0000000008004f1c        0x8 Src/main.o
                0x0000000008004f1c                rosserial_msgs::Log::getMD5()
 .text._ZN14rosserial_msgs20RequestParamResponse7getTypeEv
                0x0000000008004f24        0x8 Src/main.o
                0x0000000008004f24                rosserial_msgs::RequestParamResponse::getType()
 .text._ZN14rosserial_msgs20RequestParamResponse6getMD5Ev
                0x0000000008004f2c        0x8 Src/main.o
                0x0000000008004f2c                rosserial_msgs::RequestParamResponse::getMD5()
 .text._ZN8std_msgs6String11deserializeEPh
                0x0000000008004f34       0x38 Src/main.o
                0x0000000008004f34                std_msgs::String::deserialize(unsigned char*)
 .text._ZN8std_msgs6String7getTypeEv
                0x0000000008004f6c        0x8 Src/main.o
                0x0000000008004f6c                std_msgs::String::getType()
 .text._ZN8std_msgs6String6getMD5Ev
                0x0000000008004f74        0x8 Src/main.o
                0x0000000008004f74                std_msgs::String::getMD5()
 .text._Z41__static_initialization_and_destruction_0ii
                0x0000000008004f7c       0xcc Src/main.o
 .text._ZN3ros11NodeHandle_I13STM32HardwareLi25ELi25ELi512ELi512EE9connectedEv
                0x0000000008005048        0x6 Src/main.o
                0x0000000008005048                ros::NodeHandle_<STM32Hardware, 25, 25, 512, 512>::connected()
 *fill*         0x000000000800504e        0x2 
 .text._ZL12MX_GPIO_Initv
                0x0000000008005050      0x1a8 Src/main.o
 .text._ZL11MX_CRC_Initv
                0x00000000080051f8       0x1c Src/main.o
 .text._ZL13MX_DMA2D_Initv
                0x0000000008005214       0x44 Src/main.o
 .text._ZL11MX_FMC_Initv
                0x0000000008005258       0x78 Src/main.o
 .text._ZL12MX_I2C3_Initv
                0x00000000080052d0       0x5c Src/main.o
 .text._ZL12MX_LTDC_Initv
                0x000000000800532c       0xc4 Src/main.o
 .text._ZL12MX_SPI5_Initv
                0x00000000080053f0       0x58 Src/main.o
 .text._ZL12MX_TIM1_Initv
                0x0000000008005448       0x64 Src/main.o
 .text._ZL11MX_DMA_Initv
                0x00000000080054ac       0x98 Src/main.o
 .text._ZL20_MX_USART1_UART_Initv
                0x0000000008005544       0x50 Src/main.o
 .text._ZNK14rosserial_msgs9TopicInfo9serializeEPh
                0x0000000008005594       0xa6 Src/main.o
                0x0000000008005594                rosserial_msgs::TopicInfo::serialize(unsigned char*) const
 .text._ZNK14rosserial_msgs3Log9serializeEPh
                0x000000000800563a       0x32 Src/main.o
                0x000000000800563a                rosserial_msgs::Log::serialize(unsigned char*) const
 .text._ZNK14rosserial_msgs20RequestParamResponse9serializeEPh
                0x000000000800566c       0xee Src/main.o
                0x000000000800566c                rosserial_msgs::RequestParamResponse::serialize(unsigned char*) const
 .text._ZNK8std_msgs6String9serializeEPh
                0x000000000800575a       0x2e Src/main.o
                0x000000000800575a                std_msgs::String::serialize(unsigned char*) const
 .text._ZN14rosserial_msgs20RequestParamResponse11deserializeEPh
                0x0000000008005788      0x142 Src/main.o
                0x0000000008005788                rosserial_msgs::RequestParamResponse::deserialize(unsigned char*)
 *fill*         0x00000000080058ca        0x2 
 .text._ZN3ros11NodeHandle_I13STM32HardwareLi25ELi25ELi512ELi512EE7publishEiPKNS_3MsgE
                0x00000000080058cc       0xc8 Src/main.o
                0x00000000080058cc                ros::NodeHandle_<STM32Hardware, 25, 25, 512, 512>::publish(int, ros::Msg const*)
 .text._Z18SystemClock_Configv
                0x0000000008005994       0xb4 Src/main.o
                0x0000000008005994                SystemClock_Config()
 .text.main     0x0000000008005a48       0xac Src/main.o
                0x0000000008005a48                main
 .text.HAL_TIM_PeriodElapsedCallback
                0x0000000008005af4       0x28 Src/main.o
                0x0000000008005af4                HAL_TIM_PeriodElapsedCallback
 .text._ZN3ros11NodeHandle_I13STM32HardwareLi25ELi25ELi512ELi512EE15negotiateTopicsEv
                0x0000000008005b1c       0xd8 Src/main.o
                0x0000000008005b1c                ros::NodeHandle_<STM32Hardware, 25, 25, 512, 512>::negotiateTopics()
 .text._ZN3ros11NodeHandle_I13STM32HardwareLi25ELi25ELi512ELi512EE8spinOnceEv
                0x0000000008005bf4      0x498 Src/main.o
                0x0000000008005bf4                ros::NodeHandle_<STM32Hardware, 25, 25, 512, 512>::spinOnce()
 .text._GLOBAL__sub_I_pData
                0x000000000800608c        0xe Src/main.o
 *fill*         0x000000000800609a        0x2 
 .text.SPIx_MspInit
                0x000000000800609c       0x5c Src/stm32f429i_discovery.o
 .text.SPIx_Init
                0x00000000080060f8       0x4c Src/stm32f429i_discovery.o
 .text.SPIx_Error
                0x0000000008006144       0x14 Src/stm32f429i_discovery.o
 .text.SPIx_Write
                0x0000000008006158       0x2c Src/stm32f429i_discovery.o
 .text.SPIx_Read
                0x0000000008006184       0x2c Src/stm32f429i_discovery.o
 .text.LCD_IO_Init
                0x00000000080061b0       0xcc Src/stm32f429i_discovery.o
                0x00000000080061b0                LCD_IO_Init
 .text.LCD_IO_WriteData
                0x000000000800627c       0x38 Src/stm32f429i_discovery.o
                0x000000000800627c                LCD_IO_WriteData
 .text.LCD_IO_WriteReg
                0x00000000080062b4       0x38 Src/stm32f429i_discovery.o
                0x00000000080062b4                LCD_IO_WriteReg
 .text.LCD_IO_ReadData
                0x00000000080062ec       0x50 Src/stm32f429i_discovery.o
                0x00000000080062ec                LCD_IO_ReadData
 .text.LCD_Delay
                0x000000000800633c        0x8 Src/stm32f429i_discovery.o
                0x000000000800633c                LCD_Delay
 .text.FillBuffer
                0x0000000008006344       0x5c Src/stm32f429i_discovery_lcd.o
 .text.BSP_LCD_GetXSize
                0x00000000080063a0       0x10 Src/stm32f429i_discovery_lcd.o
                0x00000000080063a0                BSP_LCD_GetXSize
 .text.BSP_LCD_GetYSize
                0x00000000080063b0       0x10 Src/stm32f429i_discovery_lcd.o
                0x00000000080063b0                BSP_LCD_GetYSize
 .text.BSP_LCD_LayerDefaultInit
                0x00000000080063c0       0x8c Src/stm32f429i_discovery_lcd.o
                0x00000000080063c0                BSP_LCD_LayerDefaultInit
 .text.BSP_LCD_SelectLayer
                0x000000000800644c        0xc Src/stm32f429i_discovery_lcd.o
                0x000000000800644c                BSP_LCD_SelectLayer
 .text.BSP_LCD_SetTextColor
                0x0000000008006458       0x14 Src/stm32f429i_discovery_lcd.o
                0x0000000008006458                BSP_LCD_SetTextColor
 .text.BSP_LCD_SetFont
                0x000000000800646c       0x14 Src/stm32f429i_discovery_lcd.o
                0x000000000800646c                BSP_LCD_SetFont
 .text.BSP_LCD_GetFont
                0x0000000008006480       0x14 Src/stm32f429i_discovery_lcd.o
                0x0000000008006480                BSP_LCD_GetFont
 .text.BSP_LCD_Clear
                0x0000000008006494       0x3c Src/stm32f429i_discovery_lcd.o
                0x0000000008006494                BSP_LCD_Clear
 .text.BSP_LCD_FillRect
                0x00000000080064d0       0x70 Src/stm32f429i_discovery_lcd.o
                0x00000000080064d0                BSP_LCD_FillRect
 .text.BSP_LCD_ClearStringLine
                0x0000000008006540       0x58 Src/stm32f429i_discovery_lcd.o
                0x0000000008006540                BSP_LCD_ClearStringLine
 .text.BSP_LCD_DisplayOn
                0x0000000008006598       0x14 Src/stm32f429i_discovery_lcd.o
                0x0000000008006598                BSP_LCD_DisplayOn
 .text.BSP_LCD_MspInit
                0x00000000080065ac      0x148 Src/stm32f429i_discovery_lcd.o
                0x00000000080065ac                BSP_LCD_MspInit
 .text.BSP_LCD_Init
                0x00000000080066f4       0x9c Src/stm32f429i_discovery_lcd.o
                0x00000000080066f4                BSP_LCD_Init
 .text.BSP_LCD_DrawPixel
                0x0000000008006790       0x2c Src/stm32f429i_discovery_lcd.o
                0x0000000008006790                BSP_LCD_DrawPixel
 .text.DrawChar
                0x00000000080067bc       0xe0 Src/stm32f429i_discovery_lcd.o
 .text.BSP_LCD_DisplayChar
                0x000000000800689c       0x30 Src/stm32f429i_discovery_lcd.o
                0x000000000800689c                BSP_LCD_DisplayChar
 .text.BSP_LCD_DisplayStringAt
                0x00000000080068cc       0xc4 Src/stm32f429i_discovery_lcd.o
                0x00000000080068cc                BSP_LCD_DisplayStringAt
 .text.BSP_LCD_DisplayStringAtLine
                0x0000000008006990       0x1e Src/stm32f429i_discovery_lcd.o
                0x0000000008006990                BSP_LCD_DisplayStringAtLine
 *fill*         0x00000000080069ae        0x2 
 .text.BSP_SDRAM_Initialization_sequence
                0x00000000080069b0       0x9c Src/stm32f429i_discovery_sdram.o
                0x00000000080069b0                BSP_SDRAM_Initialization_sequence
 .text.BSP_SDRAM_MspInit
                0x0000000008006a4c      0x194 Src/stm32f429i_discovery_sdram.o
                0x0000000008006a4c                BSP_SDRAM_MspInit
 .text.BSP_SDRAM_Init
                0x0000000008006be0       0x90 Src/stm32f429i_discovery_sdram.o
                0x0000000008006be0                BSP_SDRAM_Init
 .text.HAL_FMC_MspInit
                0x0000000008006c70       0xdc Src/stm32f4xx_hal_msp.o
 .text.HAL_MspInit
                0x0000000008006d4c       0x44 Src/stm32f4xx_hal_msp.o
                0x0000000008006d4c                HAL_MspInit
 .text.HAL_CRC_MspInit
                0x0000000008006d90       0x30 Src/stm32f4xx_hal_msp.o
                0x0000000008006d90                HAL_CRC_MspInit
 .text.HAL_DMA2D_MspInit
                0x0000000008006dc0       0x40 Src/stm32f4xx_hal_msp.o
                0x0000000008006dc0                HAL_DMA2D_MspInit
 .text.HAL_I2C_MspInit
                0x0000000008006e00       0xa8 Src/stm32f4xx_hal_msp.o
                0x0000000008006e00                HAL_I2C_MspInit
 .text.HAL_LTDC_MspInit
                0x0000000008006ea8      0x198 Src/stm32f4xx_hal_msp.o
                0x0000000008006ea8                HAL_LTDC_MspInit
 .text.HAL_SPI_MspInit
                0x0000000008007040       0x6c Src/stm32f4xx_hal_msp.o
                0x0000000008007040                HAL_SPI_MspInit
 .text.HAL_SPI_MspDeInit
                0x00000000080070ac       0x30 Src/stm32f4xx_hal_msp.o
                0x00000000080070ac                HAL_SPI_MspDeInit
 .text.HAL_TIM_Base_MspInit
                0x00000000080070dc       0x30 Src/stm32f4xx_hal_msp.o
                0x00000000080070dc                HAL_TIM_Base_MspInit
 .text.HAL_UART_MspInit
                0x000000000800710c       0x78 Src/stm32f4xx_hal_msp.o
                0x000000000800710c                HAL_UART_MspInit
 .text.HAL_SDRAM_MspInit
                0x0000000008007184        0x8 Src/stm32f4xx_hal_msp.o
                0x0000000008007184                HAL_SDRAM_MspInit
 .text.HAL_InitTick
                0x000000000800718c       0x7c Src/stm32f4xx_hal_timebase_tim.o
                0x000000000800718c                HAL_InitTick
 .text.NMI_Handler
                0x0000000008007208        0x2 Src/stm32f4xx_it.o
                0x0000000008007208                NMI_Handler
 .text.HardFault_Handler
                0x000000000800720a        0x2 Src/stm32f4xx_it.o
                0x000000000800720a                HardFault_Handler
 .text.MemManage_Handler
                0x000000000800720c        0x2 Src/stm32f4xx_it.o
                0x000000000800720c                MemManage_Handler
 .text.BusFault_Handler
                0x000000000800720e        0x2 Src/stm32f4xx_it.o
                0x000000000800720e                BusFault_Handler
 .text.UsageFault_Handler
                0x0000000008007210        0x2 Src/stm32f4xx_it.o
                0x0000000008007210                UsageFault_Handler
 .text.DebugMon_Handler
                0x0000000008007212        0x2 Src/stm32f4xx_it.o
                0x0000000008007212                DebugMon_Handler
 .text.TIM6_DAC_IRQHandler
                0x0000000008007214       0x10 Src/stm32f4xx_it.o
                0x0000000008007214                TIM6_DAC_IRQHandler
 .text.OTG_HS_IRQHandler
                0x0000000008007224       0x10 Src/stm32f4xx_it.o
                0x0000000008007224                OTG_HS_IRQHandler
 .text.LTDC_IRQHandler
                0x0000000008007234       0x10 Src/stm32f4xx_it.o
                0x0000000008007234                LTDC_IRQHandler
 .text.DMA2D_IRQHandler
                0x0000000008007244       0x10 Src/stm32f4xx_it.o
                0x0000000008007244                DMA2D_IRQHandler
 .text._sbrk    0x0000000008007254       0x3c Src/syscalls.o
                0x0000000008007254                _sbrk
 .text.SystemInit
                0x0000000008007290       0x4c Src/system_stm32f4xx.o
                0x0000000008007290                SystemInit
 .text.HAL_HCD_SOF_Callback
                0x00000000080072dc        0xc Src/usbh_conf.o
                0x00000000080072dc                HAL_HCD_SOF_Callback
 .text.HAL_HCD_Connect_Callback
                0x00000000080072e8        0xc Src/usbh_conf.o
                0x00000000080072e8                HAL_HCD_Connect_Callback
 .text.HAL_HCD_Disconnect_Callback
                0x00000000080072f4        0xc Src/usbh_conf.o
                0x00000000080072f4                HAL_HCD_Disconnect_Callback
 .text.HAL_HCD_HC_NotifyURBChange_Callback
                0x0000000008007300        0xc Src/usbh_conf.o
                0x0000000008007300                HAL_HCD_HC_NotifyURBChange_Callback
 .text.HAL_HCD_PortEnabled_Callback
                0x000000000800730c        0xc Src/usbh_conf.o
                0x000000000800730c                HAL_HCD_PortEnabled_Callback
 .text.HAL_HCD_PortDisabled_Callback
                0x0000000008007318        0xc Src/usbh_conf.o
                0x0000000008007318                HAL_HCD_PortDisabled_Callback
 .text.USBH_Get_USB_Status
                0x0000000008007324       0x12 Src/usbh_conf.o
                0x0000000008007324                USBH_Get_USB_Status
 .text.USBH_LL_Start
                0x0000000008007336       0x10 Src/usbh_conf.o
                0x0000000008007336                USBH_LL_Start
 .text.USBH_LL_Stop
                0x0000000008007346       0x10 Src/usbh_conf.o
                0x0000000008007346                USBH_LL_Stop
 *fill*         0x0000000008007356        0x2 
 .text.Reset_Handler
                0x0000000008007358       0x50 startup/startup_stm32f429xx.o
                0x0000000008007358                Reset_Handler
 .text.Default_Handler
                0x00000000080073a8        0x2 startup/startup_stm32f429xx.o
                0x00000000080073a8                RTC_Alarm_IRQHandler
                0x00000000080073a8                HASH_RNG_IRQHandler
                0x00000000080073a8                EXTI2_IRQHandler
                0x00000000080073a8                TIM8_CC_IRQHandler
                0x00000000080073a8                UART8_IRQHandler
                0x00000000080073a8                SPI4_IRQHandler
                0x00000000080073a8                TIM1_CC_IRQHandler
                0x00000000080073a8                DMA2_Stream5_IRQHandler
                0x00000000080073a8                DMA1_Stream5_IRQHandler
                0x00000000080073a8                PVD_IRQHandler
                0x00000000080073a8                SDIO_IRQHandler
                0x00000000080073a8                TAMP_STAMP_IRQHandler
                0x00000000080073a8                CAN2_RX1_IRQHandler
                0x00000000080073a8                EXTI3_IRQHandler
                0x00000000080073a8                TIM8_TRG_COM_TIM14_IRQHandler
                0x00000000080073a8                TIM1_UP_TIM10_IRQHandler
                0x00000000080073a8                TIM8_UP_TIM13_IRQHandler
                0x00000000080073a8                I2C3_ER_IRQHandler
                0x00000000080073a8                EXTI0_IRQHandler
                0x00000000080073a8                I2C2_EV_IRQHandler
                0x00000000080073a8                DMA1_Stream2_IRQHandler
                0x00000000080073a8                CAN1_RX0_IRQHandler
                0x00000000080073a8                FPU_IRQHandler
                0x00000000080073a8                OTG_HS_WKUP_IRQHandler
                0x00000000080073a8                LTDC_ER_IRQHandler
                0x00000000080073a8                CAN2_SCE_IRQHandler
                0x00000000080073a8                DMA2_Stream2_IRQHandler
                0x00000000080073a8                SPI1_IRQHandler
                0x00000000080073a8                TIM1_BRK_TIM9_IRQHandler
                0x00000000080073a8                DCMI_IRQHandler
                0x00000000080073a8                CAN2_RX0_IRQHandler
                0x00000000080073a8                DMA2_Stream3_IRQHandler
                0x00000000080073a8                USART6_IRQHandler
                0x00000000080073a8                USART3_IRQHandler
                0x00000000080073a8                CAN1_RX1_IRQHandler
                0x00000000080073a8                UART5_IRQHandler
                0x00000000080073a8                DMA2_Stream0_IRQHandler
                0x00000000080073a8                TIM4_IRQHandler
                0x00000000080073a8                I2C1_EV_IRQHandler
                0x00000000080073a8                DMA1_Stream6_IRQHandler
                0x00000000080073a8                DMA1_Stream1_IRQHandler
                0x00000000080073a8                UART4_IRQHandler
                0x00000000080073a8                TIM3_IRQHandler
                0x00000000080073a8                RCC_IRQHandler
                0x00000000080073a8                TIM8_BRK_TIM12_IRQHandler
                0x00000000080073a8                Default_Handler
                0x00000000080073a8                EXTI15_10_IRQHandler
                0x00000000080073a8                ADC_IRQHandler
                0x00000000080073a8                DMA1_Stream7_IRQHandler
                0x00000000080073a8                SPI5_IRQHandler
                0x00000000080073a8                TIM7_IRQHandler
                0x00000000080073a8                CAN2_TX_IRQHandler
                0x00000000080073a8                TIM5_IRQHandler
                0x00000000080073a8                DMA2_Stream7_IRQHandler
                0x00000000080073a8                I2C3_EV_IRQHandler
                0x00000000080073a8                EXTI9_5_IRQHandler
                0x00000000080073a8                RTC_WKUP_IRQHandler
                0x00000000080073a8                ETH_WKUP_IRQHandler
                0x00000000080073a8                SPI2_IRQHandler
                0x00000000080073a8                OTG_HS_EP1_IN_IRQHandler
                0x00000000080073a8                DMA1_Stream0_IRQHandler
                0x00000000080073a8                CAN1_TX_IRQHandler
                0x00000000080073a8                EXTI4_IRQHandler
                0x00000000080073a8                ETH_IRQHandler
                0x00000000080073a8                OTG_HS_EP1_OUT_IRQHandler
                0x00000000080073a8                WWDG_IRQHandler
                0x00000000080073a8                SPI6_IRQHandler
                0x00000000080073a8                TIM2_IRQHandler
                0x00000000080073a8                OTG_FS_WKUP_IRQHandler
                0x00000000080073a8                TIM1_TRG_COM_TIM11_IRQHandler
                0x00000000080073a8                EXTI1_IRQHandler
                0x00000000080073a8                UART7_IRQHandler
                0x00000000080073a8                USART2_IRQHandler
                0x00000000080073a8                I2C2_ER_IRQHandler
                0x00000000080073a8                DMA2_Stream1_IRQHandler
                0x00000000080073a8                CAN1_SCE_IRQHandler
                0x00000000080073a8                FLASH_IRQHandler
                0x00000000080073a8                DMA2_Stream4_IRQHandler
                0x00000000080073a8                USART1_IRQHandler
                0x00000000080073a8                OTG_FS_IRQHandler
                0x00000000080073a8                SPI3_IRQHandler
                0x00000000080073a8                DMA1_Stream4_IRQHandler
                0x00000000080073a8                I2C1_ER_IRQHandler
                0x00000000080073a8                FMC_IRQHandler
                0x00000000080073a8                DMA2_Stream6_IRQHandler
                0x00000000080073a8                SAI1_IRQHandler
                0x00000000080073a8                DMA1_Stream3_IRQHandler
 *fill*         0x00000000080073aa        0x2 
 .text.__errno  0x00000000080073ac        0xc /home/irfan_hasib/Ac6/SystemWorkbench/plugins/fr.ac6.mcu.externaltools.arm-none.linux64_1.17.0.201812190825/tools/compiler/bin/../lib/gcc/arm-none-eabi/7.3.1/../../../../arm-none-eabi/lib/thumb/v7e-m/fpv4-sp/hard/libc_nano.a(lib_a-errno.o)
                0x00000000080073ac                __errno
 .text.__libc_init_array
                0x00000000080073b8       0x48 /home/irfan_hasib/Ac6/SystemWorkbench/plugins/fr.ac6.mcu.externaltools.arm-none.linux64_1.17.0.201812190825/tools/compiler/bin/../lib/gcc/arm-none-eabi/7.3.1/../../../../arm-none-eabi/lib/thumb/v7e-m/fpv4-sp/hard/libc_nano.a(lib_a-init.o)
                0x00000000080073b8                __libc_init_array
 .text.memcpy   0x0000000008007400       0x16 /home/irfan_hasib/Ac6/SystemWorkbench/plugins/fr.ac6.mcu.externaltools.arm-none.linux64_1.17.0.201812190825/tools/compiler/bin/../lib/gcc/arm-none-eabi/7.3.1/../../../../arm-none-eabi/lib/thumb/v7e-m/fpv4-sp/hard/libc_nano.a(lib_a-memcpy-stub.o)
                0x0000000008007400                memcpy
 .text.memset   0x0000000008007416       0x10 /home/irfan_hasib/Ac6/SystemWorkbench/plugins/fr.ac6.mcu.externaltools.arm-none.linux64_1.17.0.201812190825/tools/compiler/bin/../lib/gcc/arm-none-eabi/7.3.1/../../../../arm-none-eabi/lib/thumb/v7e-m/fpv4-sp/hard/libc_nano.a(lib_a-memset.o)
                0x0000000008007416                memset
 *fill*         0x0000000008007426        0x2 
 .text._free_r  0x0000000008007428       0x9c /home/irfan_hasib/Ac6/SystemWorkbench/plugins/fr.ac6.mcu.externaltools.arm-none.linux64_1.17.0.201812190825/tools/compiler/bin/../lib/gcc/arm-none-eabi/7.3.1/../../../../arm-none-eabi/lib/thumb/v7e-m/fpv4-sp/hard/libc_nano.a(lib_a-nano-freer.o)
                0x0000000008007428                _free_r
 .text._malloc_r
                0x00000000080074c4       0xb4 /home/irfan_hasib/Ac6/SystemWorkbench/plugins/fr.ac6.mcu.externaltools.arm-none.linux64_1.17.0.201812190825/tools/compiler/bin/../lib/gcc/arm-none-eabi/7.3.1/../../../../arm-none-eabi/lib/thumb/v7e-m/fpv4-sp/hard/libc_nano.a(lib_a-nano-mallocr.o)
                0x00000000080074c4                _malloc_r
 .text.realloc  0x0000000008007578       0x10 /home/irfan_hasib/Ac6/SystemWorkbench/plugins/fr.ac6.mcu.externaltools.arm-none.linux64_1.17.0.201812190825/tools/compiler/bin/../lib/gcc/arm-none-eabi/7.3.1/../../../../arm-none-eabi/lib/thumb/v7e-m/fpv4-sp/hard/libc_nano.a(lib_a-realloc.o)
                0x0000000008007578                realloc
 .text._sbrk_r  0x0000000008007588       0x20 /home/irfan_hasib/Ac6/SystemWorkbench/plugins/fr.ac6.mcu.externaltools.arm-none.linux64_1.17.0.201812190825/tools/compiler/bin/../lib/gcc/arm-none-eabi/7.3.1/../../../../arm-none-eabi/lib/thumb/v7e-m/fpv4-sp/hard/libc_nano.a(lib_a-sbrkr.o)
                0x0000000008007588                _sbrk_r
 .text.__malloc_lock
                0x00000000080075a8        0x2 /home/irfan_hasib/Ac6/SystemWorkbench/plugins/fr.ac6.mcu.externaltools.arm-none.linux64_1.17.0.201812190825/tools/compiler/bin/../lib/gcc/arm-none-eabi/7.3.1/../../../../arm-none-eabi/lib/thumb/v7e-m/fpv4-sp/hard/libc_nano.a(lib_a-mlock.o)
                0x00000000080075a8                __malloc_lock
 .text.__malloc_unlock
                0x00000000080075aa        0x2 /home/irfan_hasib/Ac6/SystemWorkbench/plugins/fr.ac6.mcu.externaltools.arm-none.linux64_1.17.0.201812190825/tools/compiler/bin/../lib/gcc/arm-none-eabi/7.3.1/../../../../arm-none-eabi/lib/thumb/v7e-m/fpv4-sp/hard/libc_nano.a(lib_a-mlock.o)
                0x00000000080075aa                __malloc_unlock
 .text._realloc_r
                0x00000000080075ac       0x4c /home/irfan_hasib/Ac6/SystemWorkbench/plugins/fr.ac6.mcu.externaltools.arm-none.linux64_1.17.0.201812190825/tools/compiler/bin/../lib/gcc/arm-none-eabi/7.3.1/../../../../arm-none-eabi/lib/thumb/v7e-m/fpv4-sp/hard/libc_nano.a(lib_a-nano-reallocr.o)
                0x00000000080075ac                _realloc_r
 .text._malloc_usable_size_r
                0x00000000080075f8       0x10 /home/irfan_hasib/Ac6/SystemWorkbench/plugins/fr.ac6.mcu.externaltools.arm-none.linux64_1.17.0.201812190825/tools/compiler/bin/../lib/gcc/arm-none-eabi/7.3.1/../../../../arm-none-eabi/lib/thumb/v7e-m/fpv4-sp/hard/libc_nano.a(lib_a-nano-msizer.o)
                0x00000000080075f8                _malloc_usable_size_r
 *(.glue_7)
 .glue_7        0x0000000008007608        0x0 linker stubs
 *(.glue_7t)
 .glue_7t       0x0000000008007608        0x0 linker stubs
 *(.eh_frame)
 .eh_frame      0x0000000008007608        0x0 /home/irfan_hasib/Ac6/SystemWorkbench/plugins/fr.ac6.mcu.externaltools.arm-none.linux64_1.17.0.201812190825/tools/compiler/bin/../lib/gcc/arm-none-eabi/7.3.1/thumb/v7e-m/fpv4-sp/hard/crtbegin.o
 *(.init)
 .init          0x0000000008007608        0x4 /home/irfan_hasib/Ac6/SystemWorkbench/plugins/fr.ac6.mcu.externaltools.arm-none.linux64_1.17.0.201812190825/tools/compiler/bin/../lib/gcc/arm-none-eabi/7.3.1/thumb/v7e-m/fpv4-sp/hard/crti.o
                0x0000000008007608                _init
 .init          0x000000000800760c        0x8 /home/irfan_hasib/Ac6/SystemWorkbench/plugins/fr.ac6.mcu.externaltools.arm-none.linux64_1.17.0.201812190825/tools/compiler/bin/../lib/gcc/arm-none-eabi/7.3.1/thumb/v7e-m/fpv4-sp/hard/crtn.o
 *(.fini)
 .fini          0x0000000008007614        0x4 /home/irfan_hasib/Ac6/SystemWorkbench/plugins/fr.ac6.mcu.externaltools.arm-none.linux64_1.17.0.201812190825/tools/compiler/bin/../lib/gcc/arm-none-eabi/7.3.1/thumb/v7e-m/fpv4-sp/hard/crti.o
                0x0000000008007614                _fini
 .fini          0x0000000008007618        0x8 /home/irfan_hasib/Ac6/SystemWorkbench/plugins/fr.ac6.mcu.externaltools.arm-none.linux64_1.17.0.201812190825/tools/compiler/bin/../lib/gcc/arm-none-eabi/7.3.1/thumb/v7e-m/fpv4-sp/hard/crtn.o
                0x0000000008007620                . = ALIGN (0x4)
                0x0000000008007620                _etext = .

.vfp11_veneer   0x0000000008007620        0x0
 .vfp11_veneer  0x0000000008007620        0x0 linker stubs

.v4_bx          0x0000000008007620        0x0
 .v4_bx         0x0000000008007620        0x0 linker stubs

.iplt           0x0000000008007620        0x0
 .iplt          0x0000000008007620        0x0 /home/irfan_hasib/Ac6/SystemWorkbench/plugins/fr.ac6.mcu.externaltools.arm-none.linux64_1.17.0.201812190825/tools/compiler/bin/../lib/gcc/arm-none-eabi/7.3.1/thumb/v7e-m/fpv4-sp/hard/crtbegin.o

.rodata         0x0000000008007620     0x3ef4
                0x0000000008007620                . = ALIGN (0x4)
 *(.rodata)
 .rodata        0x0000000008007620        0x8 Drivers/STM32F4xx_HAL_Driver/Src/stm32f4xx_hal_dma.o
 .rodata        0x0000000008007628       0x1c Src/main.o
 .rodata        0x0000000008007644     0x3cdc Src/stm32f429i_discovery_lcd.o
                0x0000000008007644                Font8_Table
                0x000000000800793c                Font12_Table
                0x0000000008007db0                Font16_Table
                0x0000000008008990                Font20_Table
                0x0000000008009868                Font24_Table
 .rodata        0x000000000800b320       0x18 Src/system_stm32f4xx.o
                0x000000000800b320                AHBPrescTable
                0x000000000800b330                APBPrescTable
 *(.rodata*)
 .rodata._ZTVN8std_msgs4TimeE
                0x000000000800b338       0x18 Src/main.o
                0x000000000800b338                vtable for std_msgs::Time
 .rodata._ZTVN14rosserial_msgs9TopicInfoE
                0x000000000800b350       0x18 Src/main.o
                0x000000000800b350                vtable for rosserial_msgs::TopicInfo
 .rodata._ZTVN14rosserial_msgs3LogE
                0x000000000800b368       0x18 Src/main.o
                0x000000000800b368                vtable for rosserial_msgs::Log
 .rodata._ZTVN14rosserial_msgs20RequestParamResponseE
                0x000000000800b380       0x18 Src/main.o
                0x000000000800b380                vtable for rosserial_msgs::RequestParamResponse
 .rodata._ZTVN8std_msgs6StringE
                0x000000000800b398       0x18 Src/main.o
                0x000000000800b398                vtable for std_msgs::String
 .rodata._ZTVN3ros11NodeHandle_I13STM32HardwareLi25ELi25ELi512ELi512EEE
                0x000000000800b3b0       0x14 Src/main.o
                0x000000000800b3b0                vtable for ros::NodeHandle_<STM32Hardware, 25, 25, 512, 512>
 .rodata._ZN14rosserial_msgs20RequestParamResponse6getMD5Ev.str1.4
                0x000000000800b3c4       0x21 Src/main.o
 *fill*         0x000000000800b3e5        0x3 
 .rodata._ZN14rosserial_msgs3Log6getMD5Ev.str1.4
                0x000000000800b3e8       0x21 Src/main.o
 *fill*         0x000000000800b409        0x3 
 .rodata._ZN14rosserial_msgs3Log7getTypeEv.str1.4
                0x000000000800b40c       0x13 Src/main.o
 *fill*         0x000000000800b41f        0x1 
 .rodata._ZN14rosserial_msgs9TopicInfo6getMD5Ev.str1.4
                0x000000000800b420       0x21 Src/main.o
 *fill*         0x000000000800b441        0x3 
 .rodata._ZN14rosserial_msgs9TopicInfo7getTypeEv.str1.4
                0x000000000800b444       0x19 Src/main.o
 *fill*         0x000000000800b45d        0x3 
 .rodata._ZN3ros11NodeHandle_I13STM32HardwareLi25ELi25ELi512ELi512EE7publishEiPKNS_3MsgE.str1.4
                0x000000000800b460       0x39 Src/main.o
 *fill*         0x000000000800b499        0x3 
 .rodata._ZN8std_msgs4Time6getMD5Ev.str1.4
                0x000000000800b49c       0x21 Src/main.o
 *fill*         0x000000000800b4bd        0x3 
 .rodata._ZN8std_msgs4Time7getTypeEv.str1.4
                0x000000000800b4c0        0xe Src/main.o
 *fill*         0x000000000800b4ce        0x2 
 .rodata._ZN8std_msgs6String6getMD5Ev.str1.4
                0x000000000800b4d0       0x21 Src/main.o
 *fill*         0x000000000800b4f1        0x3 
 .rodata._ZN8std_msgs6String7getTypeEv.str1.4
                0x000000000800b4f4       0x10 Src/main.o
 .rodata.str1.4
                0x000000000800b504       0x10 Src/main.o
                                         0x12 (size before relaxing)
                0x000000000800b514                . = ALIGN (0x4)

.ARM.extab
 *(.ARM.extab* .gnu.linkonce.armextab.*)

.ARM            0x000000000800b514        0x8
                0x000000000800b514                __exidx_start = .
 *(.ARM.exidx*)
 .ARM.exidx     0x000000000800b514        0x8 /home/irfan_hasib/Ac6/SystemWorkbench/plugins/fr.ac6.mcu.externaltools.arm-none.linux64_1.17.0.201812190825/tools/compiler/bin/../lib/gcc/arm-none-eabi/7.3.1/thumb/v7e-m/fpv4-sp/hard/libgcc.a(_udivmoddi4.o)
                0x000000000800b51c                __exidx_end = .

.rel.dyn        0x000000000800b51c        0x0
 .rel.iplt      0x000000000800b51c        0x0 /home/irfan_hasib/Ac6/SystemWorkbench/plugins/fr.ac6.mcu.externaltools.arm-none.linux64_1.17.0.201812190825/tools/compiler/bin/../lib/gcc/arm-none-eabi/7.3.1/thumb/v7e-m/fpv4-sp/hard/crtbegin.o

.preinit_array  0x000000000800b51c        0x0
                0x000000000800b51c                PROVIDE (__preinit_array_start = .)
 *(.preinit_array*)
                0x000000000800b51c                PROVIDE (__preinit_array_end = .)

.init_array     0x000000000800b51c        0x8
                0x000000000800b51c                PROVIDE (__init_array_start = .)
 *(SORT_BY_NAME(.init_array.*))
 *(.init_array*)
 .init_array    0x000000000800b51c        0x4 /home/irfan_hasib/Ac6/SystemWorkbench/plugins/fr.ac6.mcu.externaltools.arm-none.linux64_1.17.0.201812190825/tools/compiler/bin/../lib/gcc/arm-none-eabi/7.3.1/thumb/v7e-m/fpv4-sp/hard/crtbegin.o
 .init_array    0x000000000800b520        0x4 Src/main.o
                0x000000000800b524                PROVIDE (__init_array_end = .)

.fini_array     0x000000000800b524        0x4
                [!provide]                        PROVIDE (__fini_array_start = .)
 *(SORT_BY_NAME(.fini_array.*))
 *(.fini_array*)
 .fini_array    0x000000000800b524        0x4 /home/irfan_hasib/Ac6/SystemWorkbench/plugins/fr.ac6.mcu.externaltools.arm-none.linux64_1.17.0.201812190825/tools/compiler/bin/../lib/gcc/arm-none-eabi/7.3.1/thumb/v7e-m/fpv4-sp/hard/crtbegin.o
                [!provide]                        PROVIDE (__fini_array_end = .)
                0x000000000800b528                _sidata = LOADADDR (.data)

.data           0x0000000020000000       0xec load address 0x000000000800b528
                0x0000000020000000                . = ALIGN (0x4)
                0x0000000020000000                _sdata = .
 *(.data)
 .data          0x0000000020000000        0x8 Drivers/STM32F4xx_HAL_Driver/Src/stm32f4xx_hal.o
                0x0000000020000000                uwTickFreq
                0x0000000020000004                uwTickPrio
 .data          0x0000000020000008        0x4 Middlewares/Third_Party/FreeRTOS/Source/portable/GCC/ARM_CM4F/port.o
 .data          0x000000002000000c       0x38 Src/ili9341.o
                0x000000002000000c                ili9341_drv
 .data          0x0000000020000044       0x14 Src/stm32f429i_discovery.o
                0x0000000020000044                SpixTimeout
                0x0000000020000048                I2cxTimeout
                0x000000002000004c                GPIO_PORT
                0x0000000020000054                BUTTON_PORT
 .data          0x0000000020000058       0x28 Src/stm32f429i_discovery_lcd.o
                0x0000000020000058                Font24
                0x0000000020000060                Font8
                0x0000000020000068                Font12
                0x0000000020000070                Font16
                0x0000000020000078                Font20
 .data          0x0000000020000080        0x1 Src/stm32f429i_discovery_sdram.o
 *fill*         0x0000000020000081        0x3 
 .data          0x0000000020000084        0x4 Src/system_stm32f4xx.o
                0x0000000020000084                SystemCoreClock
 *(.data*)
 .data._impure_ptr
                0x0000000020000088        0x4 /home/irfan_hasib/Ac6/SystemWorkbench/plugins/fr.ac6.mcu.externaltools.arm-none.linux64_1.17.0.201812190825/tools/compiler/bin/../lib/gcc/arm-none-eabi/7.3.1/../../../../arm-none-eabi/lib/thumb/v7e-m/fpv4-sp/hard/libc_nano.a(lib_a-impure.o)
                0x0000000020000088                _impure_ptr
 .data.impure_data
                0x000000002000008c       0x60 /home/irfan_hasib/Ac6/SystemWorkbench/plugins/fr.ac6.mcu.externaltools.arm-none.linux64_1.17.0.201812190825/tools/compiler/bin/../lib/gcc/arm-none-eabi/7.3.1/../../../../arm-none-eabi/lib/thumb/v7e-m/fpv4-sp/hard/libc_nano.a(lib_a-impure.o)
                0x00000000200000ec                . = ALIGN (0x4)
                0x00000000200000ec                _edata = .
                0x000000000800b614                _siccmram = LOADADDR (.ccmram)

.igot.plt       0x00000000200000ec        0x0 load address 0x000000000800b614
 .igot.plt      0x00000000200000ec        0x0 /home/irfan_hasib/Ac6/SystemWorkbench/plugins/fr.ac6.mcu.externaltools.arm-none.linux64_1.17.0.201812190825/tools/compiler/bin/../lib/gcc/arm-none-eabi/7.3.1/thumb/v7e-m/fpv4-sp/hard/crtbegin.o

.ccmram         0x0000000010000000        0x0 load address 0x000000000800b614
                0x0000000010000000                . = ALIGN (0x4)
                0x0000000010000000                _sccmram = .
 *(.ccmram)
 *(.ccmram*)
                0x0000000010000000                . = ALIGN (0x4)
                0x0000000010000000                _eccmram = .
                0x0000000010000000                . = ALIGN (0x4)

.bss            0x00000000200000ec      0xf90
                0x00000000200000ec                _sbss = .
                0x00000000200000ec                __bss_start__ = _sbss
 *(.bss)
 .bss           0x00000000200000ec       0x1c /home/irfan_hasib/Ac6/SystemWorkbench/plugins/fr.ac6.mcu.externaltools.arm-none.linux64_1.17.0.201812190825/tools/compiler/bin/../lib/gcc/arm-none-eabi/7.3.1/thumb/v7e-m/fpv4-sp/hard/crtbegin.o
 .bss           0x0000000020000108      0x12c Middlewares/Third_Party/FreeRTOS/Source/tasks.o
                0x0000000020000208                pxCurrentTCB
 .bss           0x0000000020000234        0x8 Middlewares/Third_Party/FreeRTOS/Source/portable/GCC/ARM_CM4F/port.o
 .bss           0x000000002000023c      0x868 Src/main.o
                0x000000002000023c                nh
                0x000000002000076c                str_msg
                0x0000000020000774                chatter
                0x0000000020000788                hcrc
                0x0000000020000790                hdma2d
                0x00000000200007d0                hsdram1
                0x0000000020000804                hi2c3
                0x0000000020000858                hltdc
                0x0000000020000900                hspi5
                0x0000000020000958                htim1
                0x0000000020000998                hdma_usart1_rx
                0x00000000200009f8                huart1
                0x0000000020000a38                pData
                0x0000000020000a40                defaultTaskHandle
                0x0000000020000a44                hdma_usart1_tx
 .bss           0x0000000020000aa4       0x59 Src/stm32f429i_discovery.o
 *fill*         0x0000000020000afd        0x3 
 .bss           0x0000000020000b00       0x8c Src/stm32f429i_discovery_lcd.o
 .bss           0x0000000020000b8c      0x120 Src/stm32f429i_discovery_sdram.o
 .bss           0x0000000020000cac        0x8 Src/stm32f4xx_hal_msp.o
 .bss           0x0000000020000cb4        0x8 Src/syscalls.o
                0x0000000020000cb8                __env
 *(.bss*)
 .bss.__malloc_free_list
                0x0000000020000cbc        0x4 /home/irfan_hasib/Ac6/SystemWorkbench/plugins/fr.ac6.mcu.externaltools.arm-none.linux64_1.17.0.201812190825/tools/compiler/bin/../lib/gcc/arm-none-eabi/7.3.1/../../../../arm-none-eabi/lib/thumb/v7e-m/fpv4-sp/hard/libc_nano.a(lib_a-nano-mallocr.o)
                0x0000000020000cbc                __malloc_free_list
 .bss.__malloc_sbrk_start
                0x0000000020000cc0        0x4 /home/irfan_hasib/Ac6/SystemWorkbench/plugins/fr.ac6.mcu.externaltools.arm-none.linux64_1.17.0.201812190825/tools/compiler/bin/../lib/gcc/arm-none-eabi/7.3.1/../../../../arm-none-eabi/lib/thumb/v7e-m/fpv4-sp/hard/libc_nano.a(lib_a-nano-mallocr.o)
                0x0000000020000cc0                __malloc_sbrk_start
 *(COMMON)
 COMMON         0x0000000020000cc4        0x4 Drivers/STM32F4xx_HAL_Driver/Src/stm32f4xx_hal.o
                0x0000000020000cc4                uwTick
 COMMON         0x0000000020000cc8       0xac Src/stm32f429i_discovery_lcd.o
                0x0000000020000cc8                LtdcHandler
                0x0000000020000d70                LcdDrv
 COMMON         0x0000000020000d74       0x40 Src/stm32f4xx_hal_timebase_tim.o
                0x0000000020000d74                htim6
 COMMON         0x0000000020000db4      0x2c4 Src/usbh_conf.o
                0x0000000020000db4                hhcd_USB_OTG_HS
 COMMON         0x0000000020001078        0x4 /home/irfan_hasib/Ac6/SystemWorkbench/plugins/fr.ac6.mcu.externaltools.arm-none.linux64_1.17.0.201812190825/tools/compiler/bin/../lib/gcc/arm-none-eabi/7.3.1/../../../../arm-none-eabi/lib/thumb/v7e-m/fpv4-sp/hard/libc_nano.a(lib_a-reent.o)
                0x0000000020001078                errno
                0x000000002000107c                . = ALIGN (0x4)
                0x000000002000107c                _ebss = .
                0x000000002000107c                __bss_end__ = _ebss

._user_heap_stack
                0x000000002000107c      0x604
                0x0000000020001080                . = ALIGN (0x8)
 *fill*         0x000000002000107c        0x4 
                0x0000000020001080                PROVIDE (end = .)
                [!provide]                        PROVIDE (_end = .)
                0x0000000020001280                . = (. + _Min_Heap_Size)
 *fill*         0x0000000020001080      0x200 
                0x0000000020001680                . = (. + _Min_Stack_Size)
 *fill*         0x0000000020001280      0x400 
                0x0000000020001680                . = ALIGN (0x8)

/DISCARD/
 libc.a(*)
 libm.a(*)
 libgcc.a(*)

.ARM.attributes
                0x0000000000000000       0x30
 *(.ARM.attributes)
 .ARM.attributes
                0x0000000000000000       0x22 /home/irfan_hasib/Ac6/SystemWorkbench/plugins/fr.ac6.mcu.externaltools.arm-none.linux64_1.17.0.201812190825/tools/compiler/bin/../lib/gcc/arm-none-eabi/7.3.1/thumb/v7e-m/fpv4-sp/hard/crti.o
 .ARM.attributes
                0x0000000000000022       0x34 /home/irfan_hasib/Ac6/SystemWorkbench/plugins/fr.ac6.mcu.externaltools.arm-none.linux64_1.17.0.201812190825/tools/compiler/bin/../lib/gcc/arm-none-eabi/7.3.1/thumb/v7e-m/fpv4-sp/hard/crtbegin.o
 .ARM.attributes
                0x0000000000000056       0x39 Drivers/STM32F4xx_HAL_Driver/Src/stm32f4xx_hal.o
 .ARM.attributes
                0x000000000000008f       0x39 Drivers/STM32F4xx_HAL_Driver/Src/stm32f4xx_hal_cortex.o
 .ARM.attributes
                0x00000000000000c8       0x39 Drivers/STM32F4xx_HAL_Driver/Src/stm32f4xx_hal_crc.o
 .ARM.attributes
                0x0000000000000101       0x39 Drivers/STM32F4xx_HAL_Driver/Src/stm32f4xx_hal_dma.o
 .ARM.attributes
                0x000000000000013a       0x39 Drivers/STM32F4xx_HAL_Driver/Src/stm32f4xx_hal_dma2d.o
 .ARM.attributes
                0x0000000000000173       0x39 Drivers/STM32F4xx_HAL_Driver/Src/stm32f4xx_hal_gpio.o
 .ARM.attributes
                0x00000000000001ac       0x39 Drivers/STM32F4xx_HAL_Driver/Src/stm32f4xx_hal_hcd.o
 .ARM.attributes
                0x00000000000001e5       0x39 Drivers/STM32F4xx_HAL_Driver/Src/stm32f4xx_hal_i2c.o
 .ARM.attributes
                0x000000000000021e       0x39 Drivers/STM32F4xx_HAL_Driver/Src/stm32f4xx_hal_i2c_ex.o
 .ARM.attributes
                0x0000000000000257       0x39 Drivers/STM32F4xx_HAL_Driver/Src/stm32f4xx_hal_ltdc.o
 .ARM.attributes
                0x0000000000000290       0x39 Drivers/STM32F4xx_HAL_Driver/Src/stm32f4xx_hal_rcc.o
 .ARM.attributes
                0x00000000000002c9       0x39 Drivers/STM32F4xx_HAL_Driver/Src/stm32f4xx_hal_rcc_ex.o
 .ARM.attributes
                0x0000000000000302       0x39 Drivers/STM32F4xx_HAL_Driver/Src/stm32f4xx_hal_sdram.o
 .ARM.attributes
                0x000000000000033b       0x39 Drivers/STM32F4xx_HAL_Driver/Src/stm32f4xx_hal_spi.o
 .ARM.attributes
                0x0000000000000374       0x39 Drivers/STM32F4xx_HAL_Driver/Src/stm32f4xx_hal_tim.o
 .ARM.attributes
                0x00000000000003ad       0x39 Drivers/STM32F4xx_HAL_Driver/Src/stm32f4xx_hal_tim_ex.o
 .ARM.attributes
                0x00000000000003e6       0x39 Drivers/STM32F4xx_HAL_Driver/Src/stm32f4xx_hal_uart.o
 .ARM.attributes
                0x000000000000041f       0x39 Drivers/STM32F4xx_HAL_Driver/Src/stm32f4xx_ll_fmc.o
 .ARM.attributes
                0x0000000000000458       0x39 Drivers/STM32F4xx_HAL_Driver/Src/stm32f4xx_ll_usb.o
 .ARM.attributes
                0x0000000000000491       0x39 Inc/ros_lib/time.o
 .ARM.attributes
                0x00000000000004ca       0x39 Middlewares/ST/STM32_USB_Host_Library/Core/Src/usbh_core.o
 .ARM.attributes
                0x0000000000000503       0x39 Middlewares/ST/STM32_USB_Host_Library/Core/Src/usbh_pipes.o
 .ARM.attributes
                0x000000000000053c       0x39 Middlewares/Third_Party/FreeRTOS/Source/CMSIS_RTOS/cmsis_os.o
 .ARM.attributes
                0x0000000000000575       0x39 Middlewares/Third_Party/FreeRTOS/Source/list.o
 .ARM.attributes
                0x00000000000005ae       0x39 Middlewares/Third_Party/FreeRTOS/Source/queue.o
 .ARM.attributes
                0x00000000000005e7       0x39 Middlewares/Third_Party/FreeRTOS/Source/tasks.o
 .ARM.attributes
                0x0000000000000620       0x39 Middlewares/Third_Party/FreeRTOS/Source/portable/GCC/ARM_CM4F/port.o
 .ARM.attributes
                0x0000000000000659       0x39 Src/freertos.o
 .ARM.attributes
                0x0000000000000692       0x39 Src/ili9341.o
 .ARM.attributes
                0x00000000000006cb       0x39 Src/main.o
 .ARM.attributes
                0x0000000000000704       0x39 Src/stm32f429i_discovery.o
 .ARM.attributes
                0x000000000000073d       0x39 Src/stm32f429i_discovery_lcd.o
 .ARM.attributes
                0x0000000000000776       0x39 Src/stm32f429i_discovery_sdram.o
 .ARM.attributes
                0x00000000000007af       0x39 Src/stm32f4xx_hal_msp.o
 .ARM.attributes
                0x00000000000007e8       0x39 Src/stm32f4xx_hal_timebase_tim.o
 .ARM.attributes
                0x0000000000000821       0x39 Src/stm32f4xx_it.o
 .ARM.attributes
                0x000000000000085a       0x39 Src/syscalls.o
 .ARM.attributes
                0x0000000000000893       0x39 Src/system_stm32f4xx.o
 .ARM.attributes
                0x00000000000008cc       0x39 Src/usbh_conf.o
 .ARM.attributes
                0x0000000000000905       0x21 startup/startup_stm32f429xx.o
 .ARM.attributes
                0x0000000000000926       0x22 /home/irfan_hasib/Ac6/SystemWorkbench/plugins/fr.ac6.mcu.externaltools.arm-none.linux64_1.17.0.201812190825/tools/compiler/bin/../lib/gcc/arm-none-eabi/7.3.1/thumb/v7e-m/fpv4-sp/hard/libgcc.a(_aeabi_uldivmod.o)
 .ARM.attributes
                0x0000000000000948       0x34 /home/irfan_hasib/Ac6/SystemWorkbench/plugins/fr.ac6.mcu.externaltools.arm-none.linux64_1.17.0.201812190825/tools/compiler/bin/../lib/gcc/arm-none-eabi/7.3.1/thumb/v7e-m/fpv4-sp/hard/libgcc.a(_udivmoddi4.o)
 .ARM.attributes
                0x000000000000097c       0x22 /home/irfan_hasib/Ac6/SystemWorkbench/plugins/fr.ac6.mcu.externaltools.arm-none.linux64_1.17.0.201812190825/tools/compiler/bin/../lib/gcc/arm-none-eabi/7.3.1/thumb/v7e-m/fpv4-sp/hard/libgcc.a(_dvmd_tls.o)
 .ARM.attributes
                0x000000000000099e       0x34 /home/irfan_hasib/Ac6/SystemWorkbench/plugins/fr.ac6.mcu.externaltools.arm-none.linux64_1.17.0.201812190825/tools/compiler/bin/../lib/gcc/arm-none-eabi/7.3.1/../../../../arm-none-eabi/lib/thumb/v7e-m/fpv4-sp/hard/libc_nano.a(lib_a-errno.o)
 .ARM.attributes
                0x00000000000009d2       0x34 /home/irfan_hasib/Ac6/SystemWorkbench/plugins/fr.ac6.mcu.externaltools.arm-none.linux64_1.17.0.201812190825/tools/compiler/bin/../lib/gcc/arm-none-eabi/7.3.1/../../../../arm-none-eabi/lib/thumb/v7e-m/fpv4-sp/hard/libc_nano.a(lib_a-impure.o)
 .ARM.attributes
                0x0000000000000a06       0x34 /home/irfan_hasib/Ac6/SystemWorkbench/plugins/fr.ac6.mcu.externaltools.arm-none.linux64_1.17.0.201812190825/tools/compiler/bin/../lib/gcc/arm-none-eabi/7.3.1/../../../../arm-none-eabi/lib/thumb/v7e-m/fpv4-sp/hard/libc_nano.a(lib_a-init.o)
 .ARM.attributes
                0x0000000000000a3a       0x34 /home/irfan_hasib/Ac6/SystemWorkbench/plugins/fr.ac6.mcu.externaltools.arm-none.linux64_1.17.0.201812190825/tools/compiler/bin/../lib/gcc/arm-none-eabi/7.3.1/../../../../arm-none-eabi/lib/thumb/v7e-m/fpv4-sp/hard/libc_nano.a(lib_a-memcpy-stub.o)
 .ARM.attributes
                0x0000000000000a6e       0x34 /home/irfan_hasib/Ac6/SystemWorkbench/plugins/fr.ac6.mcu.externaltools.arm-none.linux64_1.17.0.201812190825/tools/compiler/bin/../lib/gcc/arm-none-eabi/7.3.1/../../../../arm-none-eabi/lib/thumb/v7e-m/fpv4-sp/hard/libc_nano.a(lib_a-memset.o)
 .ARM.attributes
                0x0000000000000aa2       0x34 /home/irfan_hasib/Ac6/SystemWorkbench/plugins/fr.ac6.mcu.externaltools.arm-none.linux64_1.17.0.201812190825/tools/compiler/bin/../lib/gcc/arm-none-eabi/7.3.1/../../../../arm-none-eabi/lib/thumb/v7e-m/fpv4-sp/hard/libc_nano.a(lib_a-nano-freer.o)
 .ARM.attributes
                0x0000000000000ad6       0x34 /home/irfan_hasib/Ac6/SystemWorkbench/plugins/fr.ac6.mcu.externaltools.arm-none.linux64_1.17.0.201812190825/tools/compiler/bin/../lib/gcc/arm-none-eabi/7.3.1/../../../../arm-none-eabi/lib/thumb/v7e-m/fpv4-sp/hard/libc_nano.a(lib_a-nano-mallocr.o)
 .ARM.attributes
                0x0000000000000b0a       0x34 /home/irfan_hasib/Ac6/SystemWorkbench/plugins/fr.ac6.mcu.externaltools.arm-none.linux64_1.17.0.201812190825/tools/compiler/bin/../lib/gcc/arm-none-eabi/7.3.1/../../../../arm-none-eabi/lib/thumb/v7e-m/fpv4-sp/hard/libc_nano.a(lib_a-realloc.o)
 .ARM.attributes
                0x0000000000000b3e       0x34 /home/irfan_hasib/Ac6/SystemWorkbench/plugins/fr.ac6.mcu.externaltools.arm-none.linux64_1.17.0.201812190825/tools/compiler/bin/../lib/gcc/arm-none-eabi/7.3.1/../../../../arm-none-eabi/lib/thumb/v7e-m/fpv4-sp/hard/libc_nano.a(lib_a-sbrkr.o)
 .ARM.attributes
                0x0000000000000b72       0x1b /home/irfan_hasib/Ac6/SystemWorkbench/plugins/fr.ac6.mcu.externaltools.arm-none.linux64_1.17.0.201812190825/tools/compiler/bin/../lib/gcc/arm-none-eabi/7.3.1/../../../../arm-none-eabi/lib/thumb/v7e-m/fpv4-sp/hard/libc_nano.a(lib_a-strlen.o)
 .ARM.attributes
                0x0000000000000b8d       0x34 /home/irfan_hasib/Ac6/SystemWorkbench/plugins/fr.ac6.mcu.externaltools.arm-none.linux64_1.17.0.201812190825/tools/compiler/bin/../lib/gcc/arm-none-eabi/7.3.1/../../../../arm-none-eabi/lib/thumb/v7e-m/fpv4-sp/hard/libc_nano.a(lib_a-mlock.o)
 .ARM.attributes
                0x0000000000000bc1       0x34 /home/irfan_hasib/Ac6/SystemWorkbench/plugins/fr.ac6.mcu.externaltools.arm-none.linux64_1.17.0.201812190825/tools/compiler/bin/../lib/gcc/arm-none-eabi/7.3.1/../../../../arm-none-eabi/lib/thumb/v7e-m/fpv4-sp/hard/libc_nano.a(lib_a-nano-reallocr.o)
 .ARM.attributes
                0x0000000000000bf5       0x34 /home/irfan_hasib/Ac6/SystemWorkbench/plugins/fr.ac6.mcu.externaltools.arm-none.linux64_1.17.0.201812190825/tools/compiler/bin/../lib/gcc/arm-none-eabi/7.3.1/../../../../arm-none-eabi/lib/thumb/v7e-m/fpv4-sp/hard/libc_nano.a(lib_a-reent.o)
 .ARM.attributes
                0x0000000000000c29       0x34 /home/irfan_hasib/Ac6/SystemWorkbench/plugins/fr.ac6.mcu.externaltools.arm-none.linux64_1.17.0.201812190825/tools/compiler/bin/../lib/gcc/arm-none-eabi/7.3.1/../../../../arm-none-eabi/lib/thumb/v7e-m/fpv4-sp/hard/libc_nano.a(lib_a-nano-msizer.o)
 .ARM.attributes
                0x0000000000000c5d       0x22 /home/irfan_hasib/Ac6/SystemWorkbench/plugins/fr.ac6.mcu.externaltools.arm-none.linux64_1.17.0.201812190825/tools/compiler/bin/../lib/gcc/arm-none-eabi/7.3.1/thumb/v7e-m/fpv4-sp/hard/crtn.o
OUTPUT(DISC_TFT_UART.elf elf32-littlearm)

.debug_info     0x0000000000000000    0x38ef6
 .debug_info    0x0000000000000000      0xa40 Drivers/STM32F4xx_HAL_Driver/Src/stm32f4xx_hal.o
 .debug_info    0x0000000000000a40      0xf70 Drivers/STM32F4xx_HAL_Driver/Src/stm32f4xx_hal_cortex.o
 .debug_info    0x00000000000019b0      0x416 Drivers/STM32F4xx_HAL_Driver/Src/stm32f4xx_hal_crc.o
 .debug_info    0x0000000000001dc6      0xa5b Drivers/STM32F4xx_HAL_Driver/Src/stm32f4xx_hal_dma.o
 .debug_info    0x0000000000002821     0x10a2 Drivers/STM32F4xx_HAL_Driver/Src/stm32f4xx_hal_dma2d.o
 .debug_info    0x00000000000038c3      0x78a Drivers/STM32F4xx_HAL_Driver/Src/stm32f4xx_hal_gpio.o
 .debug_info    0x000000000000404d     0x1276 Drivers/STM32F4xx_HAL_Driver/Src/stm32f4xx_hal_hcd.o
 .debug_info    0x00000000000052c3     0x328a Drivers/STM32F4xx_HAL_Driver/Src/stm32f4xx_hal_i2c.o
 .debug_info    0x000000000000854d      0x6d0 Drivers/STM32F4xx_HAL_Driver/Src/stm32f4xx_hal_i2c_ex.o
 .debug_info    0x0000000000008c1d     0x1317 Drivers/STM32F4xx_HAL_Driver/Src/stm32f4xx_hal_ltdc.o
 .debug_info    0x0000000000009f34      0xa53 Drivers/STM32F4xx_HAL_Driver/Src/stm32f4xx_hal_rcc.o
 .debug_info    0x000000000000a987      0x7e4 Drivers/STM32F4xx_HAL_Driver/Src/stm32f4xx_hal_rcc_ex.o
 .debug_info    0x000000000000b16b      0xde5 Drivers/STM32F4xx_HAL_Driver/Src/stm32f4xx_hal_sdram.o
 .debug_info    0x000000000000bf50     0x1ba9 Drivers/STM32F4xx_HAL_Driver/Src/stm32f4xx_hal_spi.o
 .debug_info    0x000000000000daf9     0x3188 Drivers/STM32F4xx_HAL_Driver/Src/stm32f4xx_hal_tim.o
 .debug_info    0x0000000000010c81     0x1497 Drivers/STM32F4xx_HAL_Driver/Src/stm32f4xx_hal_tim_ex.o
 .debug_info    0x0000000000012118     0x1730 Drivers/STM32F4xx_HAL_Driver/Src/stm32f4xx_hal_uart.o
 .debug_info    0x0000000000013848      0xf14 Drivers/STM32F4xx_HAL_Driver/Src/stm32f4xx_ll_fmc.o
 .debug_info    0x000000000001475c     0x1b1d Drivers/STM32F4xx_HAL_Driver/Src/stm32f4xx_ll_usb.o
 .debug_info    0x0000000000016279     0x146a Inc/ros_lib/time.o
 .debug_info    0x00000000000176e3     0x207e Middlewares/ST/STM32_USB_Host_Library/Core/Src/usbh_core.o
 .debug_info    0x0000000000019761     0x1361 Middlewares/ST/STM32_USB_Host_Library/Core/Src/usbh_pipes.o
 .debug_info    0x000000000001aac2     0x239f Middlewares/Third_Party/FreeRTOS/Source/CMSIS_RTOS/cmsis_os.o
 .debug_info    0x000000000001ce61      0xad2 Middlewares/Third_Party/FreeRTOS/Source/list.o
 .debug_info    0x000000000001d933     0x2636 Middlewares/Third_Party/FreeRTOS/Source/queue.o
 .debug_info    0x000000000001ff69     0x2c00 Middlewares/Third_Party/FreeRTOS/Source/tasks.o
 .debug_info    0x0000000000022b69      0x56f Middlewares/Third_Party/FreeRTOS/Source/portable/GCC/ARM_CM4F/port.o
 .debug_info    0x00000000000230d8      0x186 Src/freertos.o
 .debug_info    0x000000000002325e      0xc30 Src/ili9341.o
 .debug_info    0x0000000000023e8e     0x7325 Src/main.o
 .debug_info    0x000000000002b1b3     0x2095 Src/stm32f429i_discovery.o
 .debug_info    0x000000000002d248     0x2d9f Src/stm32f429i_discovery_lcd.o
 .debug_info    0x000000000002ffe7     0x1234 Src/stm32f429i_discovery_sdram.o
 .debug_info    0x000000000003121b     0x2469 Src/stm32f4xx_hal_msp.o
 .debug_info    0x0000000000033684      0xbff Src/stm32f4xx_hal_timebase_tim.o
 .debug_info    0x0000000000034283     0x11af Src/stm32f4xx_it.o
 .debug_info    0x0000000000035432      0xfd3 Src/syscalls.o
 .debug_info    0x0000000000036405      0x521 Src/system_stm32f4xx.o
 .debug_info    0x0000000000036926     0x25ae Src/usbh_conf.o