Archive member included to satisfy reference by file (symbol)

/home/irfan/Desktop/arm/gcc-arm-none-eabi-10.3-2021.10-x86_64-linux/gcc-arm-none-eabi-10.3-2021.10/bin/../lib/gcc/arm-none-eabi/10.3.1/../../../../arm-none-eabi/lib/thumb/v7e-m+fp/hard/libc_nano.a(lib_a-exit.o)
                              /home/irfan/Desktop/arm/gcc-arm-none-eabi-10.3-2021.10-x86_64-linux/gcc-arm-none-eabi-10.3-2021.10/bin/../lib/gcc/arm-none-eabi/10.3.1/../../../../arm-none-eabi/lib/thumb/v7e-m+fp/hard/crt0.o (exit)
/home/irfan/Desktop/arm/gcc-arm-none-eabi-10.3-2021.10-x86_64-linux/gcc-arm-none-eabi-10.3-2021.10/bin/../lib/gcc/arm-none-eabi/10.3.1/../../../../arm-none-eabi/lib/thumb/v7e-m+fp/hard/libc_nano.a(lib_a-impure.o)
                              /home/irfan/Desktop/arm/gcc-arm-none-eabi-10.3-2021.10-x86_64-linux/gcc-arm-none-eabi-10.3-2021.10/bin/../lib/gcc/arm-none-eabi/10.3.1/../../../../arm-none-eabi/lib/thumb/v7e-m+fp/hard/libc_nano.a(lib_a-exit.o) (_global_impure_ptr)
/home/irfan/Desktop/arm/gcc-arm-none-eabi-10.3-2021.10-x86_64-linux/gcc-arm-none-eabi-10.3-2021.10/bin/../lib/gcc/arm-none-eabi/10.3.1/../../../../arm-none-eabi/lib/thumb/v7e-m+fp/hard/libc_nano.a(lib_a-init.o)
                              /home/irfan/Desktop/arm/gcc-arm-none-eabi-10.3-2021.10-x86_64-linux/gcc-arm-none-eabi-10.3-2021.10/bin/../lib/gcc/arm-none-eabi/10.3.1/../../../../arm-none-eabi/lib/thumb/v7e-m+fp/hard/crt0.o (__libc_init_array)
/home/irfan/Desktop/arm/gcc-arm-none-eabi-10.3-2021.10-x86_64-linux/gcc-arm-none-eabi-10.3-2021.10/bin/../lib/gcc/arm-none-eabi/10.3.1/../../../../arm-none-eabi/lib/thumb/v7e-m+fp/hard/libc_nano.a(lib_a-malloc.o)
                              build/usbh_cdc.o (malloc)
/home/irfan/Desktop/arm/gcc-arm-none-eabi-10.3-2021.10-x86_64-linux/gcc-arm-none-eabi-10.3-2021.10/bin/../lib/gcc/arm-none-eabi/10.3.1/../../../../arm-none-eabi/lib/thumb/v7e-m+fp/hard/libc_nano.a(lib_a-memcpy-stub.o)
                              build/queue.o (memcpy)
/home/irfan/Desktop/arm/gcc-arm-none-eabi-10.3-2021.10-x86_64-linux/gcc-arm-none-eabi-10.3-2021.10/bin/../lib/gcc/arm-none-eabi/10.3.1/../../../../arm-none-eabi/lib/thumb/v7e-m+fp/hard/libc_nano.a(lib_a-memset.o)
                              /home/irfan/Desktop/arm/gcc-arm-none-eabi-10.3-2021.10-x86_64-linux/gcc-arm-none-eabi-10.3-2021.10/bin/../lib/gcc/arm-none-eabi/10.3.1/../../../../arm-none-eabi/lib/thumb/v7e-m+fp/hard/crt0.o (memset)
/home/irfan/Desktop/arm/gcc-arm-none-eabi-10.3-2021.10-x86_64-linux/gcc-arm-none-eabi-10.3-2021.10/bin/../lib/gcc/arm-none-eabi/10.3.1/../../../../arm-none-eabi/lib/thumb/v7e-m+fp/hard/libc_nano.a(lib_a-nano-freer.o)
                              /home/irfan/Desktop/arm/gcc-arm-none-eabi-10.3-2021.10-x86_64-linux/gcc-arm-none-eabi-10.3-2021.10/bin/../lib/gcc/arm-none-eabi/10.3.1/../../../../arm-none-eabi/lib/thumb/v7e-m+fp/hard/libc_nano.a(lib_a-malloc.o) (_free_r)
/home/irfan/Desktop/arm/gcc-arm-none-eabi-10.3-2021.10-x86_64-linux/gcc-arm-none-eabi-10.3-2021.10/bin/../lib/gcc/arm-none-eabi/10.3.1/../../../../arm-none-eabi/lib/thumb/v7e-m+fp/hard/libc_nano.a(lib_a-nano-mallocr.o)
                              /home/irfan/Desktop/arm/gcc-arm-none-eabi-10.3-2021.10-x86_64-linux/gcc-arm-none-eabi-10.3-2021.10/bin/../lib/gcc/arm-none-eabi/10.3.1/../../../../arm-none-eabi/lib/thumb/v7e-m+fp/hard/libc_nano.a(lib_a-malloc.o) (_malloc_r)
/home/irfan/Desktop/arm/gcc-arm-none-eabi-10.3-2021.10-x86_64-linux/gcc-arm-none-eabi-10.3-2021.10/bin/../lib/gcc/arm-none-eabi/10.3.1/../../../../arm-none-eabi/lib/thumb/v7e-m+fp/hard/libc_nano.a(lib_a-sbrkr.o)
                              /home/irfan/Desktop/arm/gcc-arm-none-eabi-10.3-2021.10-x86_64-linux/gcc-arm-none-eabi-10.3-2021.10/bin/../lib/gcc/arm-none-eabi/10.3.1/../../../../arm-none-eabi/lib/thumb/v7e-m+fp/hard/libc_nano.a(lib_a-nano-mallocr.o) (_sbrk_r)
/home/irfan/Desktop/arm/gcc-arm-none-eabi-10.3-2021.10-x86_64-linux/gcc-arm-none-eabi-10.3-2021.10/bin/../lib/gcc/arm-none-eabi/10.3.1/../../../../arm-none-eabi/lib/thumb/v7e-m+fp/hard/libc_nano.a(lib_a-mlock.o)
                              /home/irfan/Desktop/arm/gcc-arm-none-eabi-10.3-2021.10-x86_64-linux/gcc-arm-none-eabi-10.3-2021.10/bin/../lib/gcc/arm-none-eabi/10.3.1/../../../../arm-none-eabi/lib/thumb/v7e-m+fp/hard/libc_nano.a(lib_a-nano-freer.o) (__malloc_lock)
/home/irfan/Desktop/arm/gcc-arm-none-eabi-10.3-2021.10-x86_64-linux/gcc-arm-none-eabi-10.3-2021.10/bin/../lib/gcc/arm-none-eabi/10.3.1/../../../../arm-none-eabi/lib/thumb/v7e-m+fp/hard/libc_nano.a(lib_a-reent.o)
                              /home/irfan/Desktop/arm/gcc-arm-none-eabi-10.3-2021.10-x86_64-linux/gcc-arm-none-eabi-10.3-2021.10/bin/../lib/gcc/arm-none-eabi/10.3.1/../../../../arm-none-eabi/lib/thumb/v7e-m+fp/hard/libc_nano.a(lib_a-sbrkr.o) (errno)
/home/irfan/Desktop/arm/gcc-arm-none-eabi-10.3-2021.10-x86_64-linux/gcc-arm-none-eabi-10.3-2021.10/bin/../lib/gcc/arm-none-eabi/10.3.1/../../../../arm-none-eabi/lib/thumb/v7e-m+fp/hard/libc_nano.a(lib_a-lock.o)
[...]
Memory Configuration

Name             Origin             Length             Attributes
RAM              0x0000000020000000 0x0000000000030000 xrw
CCMRAM           0x0000000010000000 0x0000000000010000 xrw
FLASH            0x0000000008000000 0x0000000000200000 xr
*default*        0x0000000000000000 0xffffffffffffffff

Linker script and memory map

LOAD /home/irfan/Desktop/arm/gcc-arm-none-eabi-10.3-2021.10-x86_64-linux/gcc-arm-none-eabi-10.3-2021.10/bin/../lib/gcc/arm-none-eabi/10.3.1/thumb/v7e-m+fp/hard/crti.o
LOAD /home/irfan/Desktop/arm/gcc-arm-none-eabi-10.3-2021.10-x86_64-linux/gcc-arm-none-eabi-10.3-2021.10/bin/../lib/gcc/arm-none-eabi/10.3.1/thumb/v7e-m+fp/hard/crtbegin.o
LOAD /home/irfan/Desktop/arm/gcc-arm-none-eabi-10.3-2021.10-x86_64-linux/gcc-arm-none-eabi-10.3-2021.10/bin/../lib/gcc/arm-none-eabi/10.3.1/../../../../arm-none-eabi/lib/thumb/v7e-m+fp/hard/crt0.o
LOAD build/main.o
LOAD build/freertos.o
LOAD build/stm32f4xx_it.o
LOAD build/stm32f4xx_hal_msp.o
LOAD build/stm32f4xx_hal_timebase_tim.o
LOAD build/stm32f429i_discovery.o
LOAD build/stm32f429i_discovery_lcd.o
LOAD build/stm32f429i_discovery_sdram.o
LOAD build/ili9341.o
LOAD build/usbh_conf.o
LOAD build/usbh_platform.o
LOAD build/usb_host.o
LOAD build/stm32f4xx_hal_hcd.o
LOAD build/stm32f4xx_ll_usb.o
LOAD build/stm32f4xx_hal_rcc.o
LOAD build/stm32f4xx_hal_rcc_ex.o
LOAD build/stm32f4xx_hal_flash.o
LOAD build/stm32f4xx_hal_flash_ex.o
LOAD build/stm32f4xx_hal_flash_ramfunc.o
LOAD build/stm32f4xx_hal_gpio.o
LOAD build/stm32f4xx_hal_dma_ex.o
LOAD build/stm32f4xx_hal_dma.o
LOAD build/stm32f4xx_hal_pwr.o
LOAD build/stm32f4xx_hal_pwr_ex.o
LOAD build/stm32f4xx_hal_cortex.o
LOAD build/stm32f4xx_hal.o
LOAD build/stm32f4xx_hal_exti.o
LOAD build/stm32f4xx_hal_crc.o
LOAD build/stm32f4xx_hal_dma2d.o
LOAD build/stm32f4xx_ll_fmc.o
LOAD build/stm32f4xx_hal_sdram.o
LOAD build/stm32f4xx_hal_i2c.o
LOAD build/stm32f4xx_hal_i2c_ex.o
LOAD build/stm32f4xx_hal_ltdc.o
LOAD build/stm32f4xx_hal_ltdc_ex.o
LOAD build/stm32f4xx_hal_dsi.o
LOAD build/stm32f4xx_hal_spi.o
LOAD build/stm32f4xx_hal_tim.o
LOAD build/stm32f4xx_hal_tim_ex.o
LOAD build/stm32f4xx_hal_uart.o
LOAD build/system_stm32f4xx.o
LOAD build/croutine.o
LOAD build/event_groups.o
LOAD build/list.o
LOAD build/queue.o
LOAD build/stream_buffer.o
LOAD build/tasks.o
LOAD build/timers.o
LOAD build/cmsis_os.o
LOAD build/heap_4.o
LOAD build/port.o
LOAD build/usbh_core.o
LOAD build/usbh_ctlreq.o
LOAD build/usbh_ioreq.o
LOAD build/usbh_pipes.o
LOAD build/usbh_cdc.o
LOAD build/startup_stm32f429xx.o
LOAD /home/irfan/Desktop/arm/gcc-arm-none-eabi-10.3-2021.10-x86_64-linux/gcc-arm-none-eabi-10.3-2021.10/bin/../lib/gcc/arm-none-eabi/10.3.1/../../../../arm-none-eabi/lib/thumb/v7e-m+fp/hard/libc_nano.a
LOAD /home/irfan/Desktop/arm/gcc-arm-none-eabi-10.3-2021.10-x86_64-linux/gcc-arm-none-eabi-10.3-2021.10/bin/../lib/gcc/arm-none-eabi/10.3.1/../../../../arm-none-eabi/lib/thumb/v7e-m+fp/hard/libm.a
LOAD /home/irfan/Desktop/arm/gcc-arm-none-eabi-10.3-2021.10-x86_64-linux/gcc-arm-none-eabi-10.3-2021.10/bin/../lib/gcc/arm-none-eabi/10.3.1/../../../../arm-none-eabi/lib/thumb/v7e-m+fp/hard/libnosys.a
START GROUP
LOAD /home/irfan/Desktop/arm/gcc-arm-none-eabi-10.3-2021.10-x86_64-linux/gcc-arm-none-eabi-10.3-2021.10/bin/../lib/gcc/arm-none-eabi/10.3.1/thumb/v7e-m+fp/hard/libgcc.a
LOAD /home/irfan/Desktop/arm/gcc-arm-none-eabi-10.3-2021.10-x86_64-linux/gcc-arm-none-eabi-10.3-2021.10/bin/../lib/gcc/arm-none-eabi/10.3.1/../../../../arm-none-eabi/lib/thumb/v7e-m+fp/hard/libc_nano.a
END GROUP
START GROUP
LOAD /home/irfan/Desktop/arm/gcc-arm-none-eabi-10.3-2021.10-x86_64-linux/gcc-arm-none-eabi-10.3-2021.10/bin/../lib/gcc/arm-none-eabi/10.3.1/thumb/v7e-m+fp/hard/libgcc.a
LOAD /home/irfan/Desktop/arm/gcc-arm-none-eabi-10.3-2021.10-x86_64-linux/gcc-arm-none-eabi-10.3-2021.10/bin/../lib/gcc/arm-none-eabi/10.3.1/../../../../arm-none-eabi/lib/thumb/v7e-m+fp/hard/libc_nano.a
END GROUP
LOAD /home/irfan/Desktop/arm/gcc-arm-none-eabi-10.3-2021.10-x86_64-linux/gcc-arm-none-eabi-10.3-2021.10/bin/../lib/gcc/arm-none-eabi/10.3.1/thumb/v7e-m+fp/hard/crtend.o
LOAD /home/irfan/Desktop/arm/gcc-arm-none-eabi-10.3-2021.10-x86_64-linux/gcc-arm-none-eabi-10.3-2021.10/bin/../lib/gcc/arm-none-eabi/10.3.1/thumb/v7e-m+fp/hard/crtn.o
                0x0000000020030000                _estack = 0x20030000
                0x0000000000000200                _Min_Heap_Size = 0x200
                0x0000000000000400                _Min_Stack_Size = 0x400

.isr_vector     0x0000000008000000      0x1ac
                0x0000000008000000                . = ALIGN (0x4)
 *(.isr_vector)
 .isr_vector    0x0000000008000000      0x1ac build/startup_stm32f429xx.o
                0x0000000008000000                g_pfnVectors
                0x00000000080001ac                . = ALIGN (0x4)

.text           0x00000000080001b0     0x618c
                0x00000000080001b0                . = ALIGN (0x4)
 *(.text)
 .text          0x00000000080001b0       0x40 /home/irfan/Desktop/arm/gcc-arm-none-eabi-10.3-2021.10-x86_64-linux/gcc-arm-none-eabi-10.3-2021.10/bin/../lib/gcc/arm-none-eabi/10.3.1/thumb/v7e-m+fp/hard/crtbegin.o
 .text          0x00000000080001f0       0x30 /home/irfan/Desktop/arm/gcc-arm-none-eabi-10.3-2021.10-x86_64-linux/gcc-arm-none-eabi-10.3-2021.10/bin/../lib/gcc/arm-none-eabi/10.3.1/thumb/v7e-m+fp/hard/libgcc.a(_aeabi_uldivmod.o)
                0x00000000080001f0                __aeabi_uldivmod
 .text          0x0000000008000220      0x2d0 /home/irfan/Desktop/arm/gcc-arm-none-eabi-10.3-2021.10-x86_64-linux/gcc-arm-none-eabi-10.3-2021.10/bin/../lib/gcc/arm-none-eabi/10.3.1/thumb/v7e-m+fp/hard/libgcc.a(_udivmoddi4.o)
                0x0000000008000220                __udivmoddi4
 .text          0x00000000080004f0        0x4 /home/irfan/Desktop/arm/gcc-arm-none-eabi-10.3-2021.10-x86_64-linux/gcc-arm-none-eabi-10.3-2021.10/bin/../lib/gcc/arm-none-eabi/10.3.1/thumb/v7e-m+fp/hard/libgcc.a(_dvmd_tls.o)
                0x00000000080004f0                __aeabi_ldiv0
                0x00000000080004f0                __aeabi_idiv0
 *(.text*)
 .text.SystemClock_Config
                0x00000000080004f4       0xa4 build/main.o
                0x00000000080004f4                SystemClock_Config
 .text.startup.main
                0x0000000008000598      0x4bc build/main.o
                0x0000000008000598                main
 .text.HAL_TIM_PeriodElapsedCallback
                0x0000000008000a54       0x14 build/main.o
                0x0000000008000a54                HAL_TIM_PeriodElapsedCallback
 .text.Error_Handler
                0x0000000008000a68        0x4 build/main.o
                0x0000000008000a68                Error_Handler
 .text.vApplicationStackOverflowHook
                0x0000000008000a6c        0x4 build/freertos.o
                0x0000000008000a6c                vApplicationStackOverflowHook
 .text.NMI_Handler
                0x0000000008000a70        0x4 build/stm32f4xx_it.o
                0x0000000008000a70                NMI_Handler
 .text.HardFault_Handler
                0x0000000008000a74        0x4 build/stm32f4xx_it.o
                0x0000000008000a74                HardFault_Handler
 .text.MemManage_Handler
                0x0000000008000a78        0x4 build/stm32f4xx_it.o
                0x0000000008000a78                MemManage_Handler
 .text.BusFault_Handler
                0x0000000008000a7c        0x4 build/stm32f4xx_it.o
                0x0000000008000a7c                BusFault_Handler
 .text.UsageFault_Handler
                0x0000000008000a80        0x4 build/stm32f4xx_it.o
                0x0000000008000a80                UsageFault_Handler
 .text.DebugMon_Handler
                0x0000000008000a84        0x4 build/stm32f4xx_it.o
                0x0000000008000a84                DebugMon_Handler
 .text.TIM6_DAC_IRQHandler
                0x0000000008000a88        0xc build/stm32f4xx_it.o
                0x0000000008000a88                TIM6_DAC_IRQHandler
 .text.OTG_HS_IRQHandler
                0x0000000008000a94        0xc build/stm32f4xx_it.o
                0x0000000008000a94                OTG_HS_IRQHandler
 .text.LTDC_IRQHandler
                0x0000000008000aa0        0xc build/stm32f4xx_it.o
                0x0000000008000aa0                LTDC_IRQHandler
 .text.DMA2D_IRQHandler
                0x0000000008000aac        0xc build/stm32f4xx_it.o
                0x0000000008000aac                DMA2D_IRQHandler
 .text.HAL_MspInit
                0x0000000008000ab8       0x40 build/stm32f4xx_hal_msp.o
                0x0000000008000ab8                HAL_MspInit
 .text.HAL_CRC_MspInit
                0x0000000008000af8       0x34 build/stm32f4xx_hal_msp.o
                0x0000000008000af8                HAL_CRC_MspInit
 .text.HAL_DMA2D_MspInit
                0x0000000008000b2c       0x40 build/stm32f4xx_hal_msp.o
                0x0000000008000b2c                HAL_DMA2D_MspInit
 .text.HAL_I2C_MspInit
                0x0000000008000b6c       0xac build/stm32f4xx_hal_msp.o
                0x0000000008000b6c                HAL_I2C_MspInit
 .text.HAL_LTDC_MspInit
                0x0000000008000c18      0x1c0 build/stm32f4xx_hal_msp.o
                0x0000000008000c18                HAL_LTDC_MspInit
 .text.HAL_SPI_MspInit
                0x0000000008000dd8       0x6c build/stm32f4xx_hal_msp.o
                0x0000000008000dd8                HAL_SPI_MspInit
 .text.HAL_SPI_MspDeInit
                0x0000000008000e44       0x2c build/stm32f4xx_hal_msp.o
                0x0000000008000e44                HAL_SPI_MspDeInit
 .text.HAL_TIM_Base_MspInit
                0x0000000008000e70       0x30 build/stm32f4xx_hal_msp.o
                0x0000000008000e70                HAL_TIM_Base_MspInit
 .text.HAL_UART_MspInit
                0x0000000008000ea0       0x70 build/stm32f4xx_hal_msp.o
                0x0000000008000ea0                HAL_UART_MspInit
 .text.HAL_SDRAM_MspInit
                0x0000000008000f10       0xd8 build/stm32f4xx_hal_msp.o
                0x0000000008000f10                HAL_SDRAM_MspInit
 .text.HAL_InitTick
                0x0000000008000fe8       0x80 build/stm32f4xx_hal_timebase_tim.o
                0x0000000008000fe8                HAL_InitTick
 .text.SPIx_Init.part.0
                0x0000000008001068       0x90 build/stm32f429i_discovery.o
 .text.LCD_IO_Init
                0x00000000080010f8       0xc8 build/stm32f429i_discovery.o
                0x00000000080010f8                LCD_IO_Init
 .text.LCD_IO_WriteData
                0x00000000080011c0       0x68 build/stm32f429i_discovery.o
                0x00000000080011c0                LCD_IO_WriteData
 .text.LCD_IO_WriteReg
                0x0000000008001228       0x68 build/stm32f429i_discovery.o
                0x0000000008001228                LCD_IO_WriteReg
 .text.LCD_IO_ReadData
                0x0000000008001290       0x9c build/stm32f429i_discovery.o
                0x0000000008001290                LCD_IO_ReadData
 .text.LCD_Delay
                0x000000000800132c        0x4 build/stm32f429i_discovery.o
                0x000000000800132c                LCD_Delay
 .text.FillBuffer
                0x0000000008001330       0x6c build/stm32f429i_discovery_lcd.o
 .text.DrawChar
                0x000000000800139c      0x110 build/stm32f429i_discovery_lcd.o
 .text.BSP_LCD_LayerDefaultInit
                0x00000000080014ac       0x90 build/stm32f429i_discovery_lcd.o
                0x00000000080014ac                BSP_LCD_LayerDefaultInit
 .text.BSP_LCD_SelectLayer
                0x000000000800153c        0xc build/stm32f429i_discovery_lcd.o
                0x000000000800153c                BSP_LCD_SelectLayer
 .text.BSP_LCD_SetTextColor
                0x0000000008001548       0x18 build/stm32f429i_discovery_lcd.o
                0x0000000008001548                BSP_LCD_SetTextColor
 .text.BSP_LCD_Clear
                0x0000000008001560       0x48 build/stm32f429i_discovery_lcd.o
                0x0000000008001560                BSP_LCD_Clear
 .text.BSP_LCD_DisplayStringAt
                0x00000000080015a8       0xf0 build/stm32f429i_discovery_lcd.o
                0x00000000080015a8                BSP_LCD_DisplayStringAt
 .text.BSP_LCD_DisplayStringAtLine
                0x0000000008001698       0x2c build/stm32f429i_discovery_lcd.o
                0x0000000008001698                BSP_LCD_DisplayStringAtLine
 .text.BSP_LCD_DrawHLine
                0x00000000080016c4       0x58 build/stm32f429i_discovery_lcd.o
                0x00000000080016c4                BSP_LCD_DrawHLine
 .text.BSP_LCD_DrawCircle
                0x000000000800171c      0x20c build/stm32f429i_discovery_lcd.o
                0x000000000800171c                BSP_LCD_DrawCircle
 .text.BSP_LCD_FillRect
                0x0000000008001928       0x70 build/stm32f429i_discovery_lcd.o
                0x0000000008001928                BSP_LCD_FillRect
 .text.BSP_LCD_ClearStringLine
                0x0000000008001998       0x64 build/stm32f429i_discovery_lcd.o
                0x0000000008001998                BSP_LCD_ClearStringLine
 .text.BSP_LCD_DisplayOn
                0x00000000080019fc       0x10 build/stm32f429i_discovery_lcd.o
                0x00000000080019fc                BSP_LCD_DisplayOn
 .text.BSP_LCD_MspInit
                0x0000000008001a0c      0x144 build/stm32f429i_discovery_lcd.o
                0x0000000008001a0c                BSP_LCD_MspInit
 .text.BSP_LCD_Init
                0x0000000008001b50       0xa8 build/stm32f429i_discovery_lcd.o
                0x0000000008001b50                BSP_LCD_Init
 .text.BSP_SDRAM_Initialization_sequence
                0x0000000008001bf8       0x9c build/stm32f429i_discovery_sdram.o
                0x0000000008001bf8                BSP_SDRAM_Initialization_sequence
 .text.BSP_SDRAM_MspInit
                0x0000000008001c94      0x188 build/stm32f429i_discovery_sdram.o
                0x0000000008001c94                BSP_SDRAM_MspInit
 .text.BSP_SDRAM_Init
                0x0000000008001e1c       0x7c build/stm32f429i_discovery_sdram.o
                0x0000000008001e1c                BSP_SDRAM_Init
 .text.ili9341_GetLcdPixelWidth
                0x0000000008001e98        0x4 build/ili9341.o
                0x0000000008001e98                ili9341_GetLcdPixelWidth
 .text.ili9341_GetLcdPixelHeight
                0x0000000008001e9c        0x8 build/ili9341.o
                0x0000000008001e9c                ili9341_GetLcdPixelHeight
 .text.ili9341_DisplayOn
                0x0000000008001ea4        0x8 build/ili9341.o
                0x0000000008001ea4                ili9341_DisplayOn
 .text.ili9341_DisplayOff
                0x0000000008001eac        0x8 build/ili9341.o
                0x0000000008001eac                ili9341_DisplayOff
 .text.ili9341_Init
                0x0000000008001eb4      0x294 build/ili9341.o
                0x0000000008001eb4                ili9341_Init
 .text.ili9341_ReadID
                0x0000000008002148       0x14 build/ili9341.o
                0x0000000008002148                ili9341_ReadID
 .text.HAL_HCD_SOF_Callback
                0x000000000800215c        0x8 build/usbh_conf.o
                0x000000000800215c                HAL_HCD_SOF_Callback
 .text.HAL_HCD_Connect_Callback
                0x0000000008002164        0x8 build/usbh_conf.o
                0x0000000008002164                HAL_HCD_Connect_Callback
 .text.HAL_HCD_Disconnect_Callback
                0x000000000800216c        0x8 build/usbh_conf.o
                0x000000000800216c                HAL_HCD_Disconnect_Callback
 .text.HAL_HCD_HC_NotifyURBChange_Callback
                0x0000000008002174        0x8 build/usbh_conf.o
                0x0000000008002174                HAL_HCD_HC_NotifyURBChange_Callback
 .text.HAL_HCD_PortEnabled_Callback
                0x000000000800217c        0x8 build/usbh_conf.o
                0x000000000800217c                HAL_HCD_PortEnabled_Callback
 .text.HAL_HCD_PortDisabled_Callback
                0x0000000008002184        0x8 build/usbh_conf.o
                0x0000000008002184                HAL_HCD_PortDisabled_Callback
 .text.USBH_LL_Stop
                0x000000000800218c       0x1c build/usbh_conf.o
                0x000000000800218c                USBH_LL_Stop
 .text.HAL_HCD_IRQHandler
                0x00000000080021a8      0x868 build/stm32f4xx_hal_hcd.o
                0x00000000080021a8                HAL_HCD_IRQHandler
 .text.HAL_HCD_Stop
                0x0000000008002a10       0x24 build/stm32f4xx_hal_hcd.o
                0x0000000008002a10                HAL_HCD_Stop
 .text.USB_FlushTxFifo
                0x0000000008002a34       0x34 build/stm32f4xx_ll_usb.o
                0x0000000008002a34                USB_FlushTxFifo
 .text.USB_FlushRxFifo
                0x0000000008002a68       0x30 build/stm32f4xx_ll_usb.o
                0x0000000008002a68                USB_FlushRxFifo
 .text.USB_ReadPacket
                0x0000000008002a98       0x4c build/stm32f4xx_ll_usb.o
                0x0000000008002a98                USB_ReadPacket
 .text.USB_ReadInterrupts
                0x0000000008002ae4        0x8 build/stm32f4xx_ll_usb.o
                0x0000000008002ae4                USB_ReadInterrupts
 .text.USB_GetMode
                0x0000000008002aec        0x8 build/stm32f4xx_ll_usb.o
                0x0000000008002aec                USB_GetMode
 .text.USB_InitFSLSPClkSel
                0x0000000008002af4       0x3c build/stm32f4xx_ll_usb.o
                0x0000000008002af4                USB_InitFSLSPClkSel
 .text.USB_HC_ReadInterrupt
                0x0000000008002b30        0xc build/stm32f4xx_ll_usb.o
                0x0000000008002b30                USB_HC_ReadInterrupt
 .text.USB_HC_Halt
                0x0000000008002b3c       0xdc build/stm32f4xx_ll_usb.o
                0x0000000008002b3c                USB_HC_Halt
 .text.USB_StopHost
                0x0000000008002c18       0xb4 build/stm32f4xx_ll_usb.o
                0x0000000008002c18                USB_StopHost
 .text.HAL_RCC_OscConfig
                0x0000000008002ccc      0x3c8 build/stm32f4xx_hal_rcc.o
                0x0000000008002ccc                HAL_RCC_OscConfig
 .text.HAL_RCC_GetSysClockFreq
                0x0000000008003094       0x68 build/stm32f4xx_hal_rcc.o
                0x0000000008003094                HAL_RCC_GetSysClockFreq
 .text.HAL_RCC_ClockConfig
                0x00000000080030fc      0x13c build/stm32f4xx_hal_rcc.o
                0x00000000080030fc                HAL_RCC_ClockConfig
 .text.HAL_RCC_GetPCLK1Freq
                0x0000000008003238       0x20 build/stm32f4xx_hal_rcc.o
                0x0000000008003238                HAL_RCC_GetPCLK1Freq
 .text.HAL_RCC_GetPCLK2Freq
                0x0000000008003258       0x20 build/stm32f4xx_hal_rcc.o
                0x0000000008003258                HAL_RCC_GetPCLK2Freq
 .text.HAL_RCC_GetClockConfig
                0x0000000008003278       0x44 build/stm32f4xx_hal_rcc.o
                0x0000000008003278                HAL_RCC_GetClockConfig
 .text.HAL_RCCEx_PeriphCLKConfig
                0x00000000080032bc      0x258 build/stm32f4xx_hal_rcc_ex.o
                0x00000000080032bc                HAL_RCCEx_PeriphCLKConfig
 .text.HAL_GPIO_Init
                0x0000000008003514      0x278 build/stm32f4xx_hal_gpio.o
                0x0000000008003514                HAL_GPIO_Init
 .text.HAL_GPIO_DeInit
                0x000000000800378c      0x180 build/stm32f4xx_hal_gpio.o
                0x000000000800378c                HAL_GPIO_DeInit
 .text.HAL_GPIO_WritePin
                0x000000000800390c        0x8 build/stm32f4xx_hal_gpio.o
                0x000000000800390c                HAL_GPIO_WritePin
 .text.HAL_DMA_Init
                0x0000000008003914      0x130 build/stm32f4xx_hal_dma.o
                0x0000000008003914                HAL_DMA_Init
 .text.HAL_DMA_DeInit
                0x0000000008003a44       0x80 build/stm32f4xx_hal_dma.o
                0x0000000008003a44                HAL_DMA_DeInit
 .text.HAL_NVIC_SetPriorityGrouping
                0x0000000008003ac4       0x24 build/stm32f4xx_hal_cortex.o
                0x0000000008003ac4                HAL_NVIC_SetPriorityGrouping
 .text.HAL_NVIC_SetPriority
                0x0000000008003ae8       0x7c build/stm32f4xx_hal_cortex.o
                0x0000000008003ae8                HAL_NVIC_SetPriority
 .text.HAL_NVIC_EnableIRQ
                0x0000000008003b64       0x1c build/stm32f4xx_hal_cortex.o
                0x0000000008003b64                HAL_NVIC_EnableIRQ
 .text.HAL_Init
                0x0000000008003b80       0x34 build/stm32f4xx_hal.o
                0x0000000008003b80                HAL_Init
 .text.HAL_IncTick
                0x0000000008003bb4       0x18 build/stm32f4xx_hal.o
                0x0000000008003bb4                HAL_IncTick
 .text.HAL_GetTick
                0x0000000008003bcc        0xc build/stm32f4xx_hal.o
                0x0000000008003bcc                HAL_GetTick
 .text.HAL_Delay
                0x0000000008003bd8       0x24 build/stm32f4xx_hal.o
                0x0000000008003bd8                HAL_Delay
 .text.HAL_CRC_Init
                0x0000000008003bfc       0x28 build/stm32f4xx_hal_crc.o
                0x0000000008003bfc                HAL_CRC_Init
 .text.DMA2D_SetConfig
                0x0000000008003c24       0x8c build/stm32f4xx_hal_dma2d.o
 .text.HAL_DMA2D_Init
                0x0000000008003cb0       0x5c build/stm32f4xx_hal_dma2d.o
                0x0000000008003cb0                HAL_DMA2D_Init
 .text.HAL_DMA2D_Start
                0x0000000008003d0c       0x3c build/stm32f4xx_hal_dma2d.o
                0x0000000008003d0c                HAL_DMA2D_Start
 .text.HAL_DMA2D_PollForTransfer
                0x0000000008003d48      0x108 build/stm32f4xx_hal_dma2d.o
                0x0000000008003d48                HAL_DMA2D_PollForTransfer
 .text.HAL_DMA2D_LineEventCallback
                0x0000000008003e50        0x4 build/stm32f4xx_hal_dma2d.o
                0x0000000008003e50                HAL_DMA2D_LineEventCallback
 .text.HAL_DMA2D_CLUTLoadingCpltCallback
                0x0000000008003e54        0x4 build/stm32f4xx_hal_dma2d.o
                0x0000000008003e54                HAL_DMA2D_CLUTLoadingCpltCallback
 .text.HAL_DMA2D_IRQHandler
                0x0000000008003e58      0x128 build/stm32f4xx_hal_dma2d.o
                0x0000000008003e58                HAL_DMA2D_IRQHandler
 .text.HAL_DMA2D_ConfigLayer
                0x0000000008003f80       0xac build/stm32f4xx_hal_dma2d.o
                0x0000000008003f80                HAL_DMA2D_ConfigLayer
 .text.FMC_SDRAM_Init
                0x000000000800402c       0x7c build/stm32f4xx_ll_fmc.o
                0x000000000800402c                FMC_SDRAM_Init
 .text.FMC_SDRAM_Timing_Init
                0x00000000080040a8       0x9c build/stm32f4xx_ll_fmc.o
                0x00000000080040a8                FMC_SDRAM_Timing_Init
 .text.FMC_SDRAM_SendCommand
                0x0000000008004144       0x50 build/stm32f4xx_ll_fmc.o
                0x0000000008004144                FMC_SDRAM_SendCommand
 .text.FMC_SDRAM_ProgramRefreshRate
                0x0000000008004194       0x10 build/stm32f4xx_ll_fmc.o
                0x0000000008004194                FMC_SDRAM_ProgramRefreshRate
 .text.HAL_SDRAM_Init
                0x00000000080041a4       0x44 build/stm32f4xx_hal_sdram.o
                0x00000000080041a4                HAL_SDRAM_Init
 .text.HAL_SDRAM_SendCommand
                0x00000000080041e8       0x30 build/stm32f4xx_hal_sdram.o
                0x00000000080041e8                HAL_SDRAM_SendCommand
 .text.HAL_SDRAM_ProgramRefreshRate
                0x0000000008004218       0x28 build/stm32f4xx_hal_sdram.o
                0x0000000008004218                HAL_SDRAM_ProgramRefreshRate
 .text.HAL_I2C_Init
                0x0000000008004240      0x190 build/stm32f4xx_hal_i2c.o
                0x0000000008004240                HAL_I2C_Init
 .text.HAL_I2CEx_ConfigAnalogFilter
                0x00000000080043d0       0x40 build/stm32f4xx_hal_i2c_ex.o
                0x00000000080043d0                HAL_I2CEx_ConfigAnalogFilter
 .text.HAL_I2CEx_ConfigDigitalFilter
                0x0000000008004410       0x48 build/stm32f4xx_hal_i2c_ex.o
                0x0000000008004410                HAL_I2CEx_ConfigDigitalFilter
 .text.LTDC_SetConfig
                0x0000000008004458      0x118 build/stm32f4xx_hal_ltdc.o
 .text.HAL_LTDC_Init
                0x0000000008004570       0xe0 build/stm32f4xx_hal_ltdc.o
                0x0000000008004570                HAL_LTDC_Init
 .text.HAL_LTDC_ErrorCallback
                0x0000000008004650        0x4 build/stm32f4xx_hal_ltdc.o
                0x0000000008004650                HAL_LTDC_ErrorCallback
 .text.HAL_LTDC_LineEventCallback
                0x0000000008004654        0x4 build/stm32f4xx_hal_ltdc.o
                0x0000000008004654                HAL_LTDC_LineEventCallback
 .text.HAL_LTDC_ReloadEventCallback
                0x0000000008004658        0x4 build/stm32f4xx_hal_ltdc.o
                0x0000000008004658                HAL_LTDC_ReloadEventCallback
 .text.HAL_LTDC_IRQHandler
                0x000000000800465c       0xc4 build/stm32f4xx_hal_ltdc.o
                0x000000000800465c                HAL_LTDC_IRQHandler
 .text.HAL_LTDC_ConfigLayer
                0x0000000008004720       0x6c build/stm32f4xx_hal_ltdc.o
                0x0000000008004720                HAL_LTDC_ConfigLayer
 .text.HAL_LTDC_EnableDither
                0x000000000800478c       0x34 build/stm32f4xx_hal_ltdc.o
                0x000000000800478c                HAL_LTDC_EnableDither
 .text.SPI_WaitFlagStateUntilTimeout.constprop.0
                0x00000000080047c0       0xb8 build/stm32f4xx_hal_spi.o
 .text.SPI_EndRxTransaction
                0x0000000008004878       0x78 build/stm32f4xx_hal_spi.o
 .text.SPI_EndRxTxTransaction
                0x00000000080048f0       0x64 build/stm32f4xx_hal_spi.o
 .text.HAL_SPI_Init
                0x0000000008004954       0xc4 build/stm32f4xx_hal_spi.o
                0x0000000008004954                HAL_SPI_Init
 .text.HAL_SPI_DeInit
                0x0000000008004a18       0x2c build/stm32f4xx_hal_spi.o
                0x0000000008004a18                HAL_SPI_DeInit
 .text.HAL_SPI_Transmit
                0x0000000008004a44      0x194 build/stm32f4xx_hal_spi.o
                0x0000000008004a44                HAL_SPI_Transmit
 .text.HAL_SPI_TransmitReceive
                0x0000000008004bd8      0x1f4 build/stm32f4xx_hal_spi.o
                0x0000000008004bd8                HAL_SPI_TransmitReceive
 .text.HAL_SPI_Receive
                0x0000000008004dcc      0x170 build/stm32f4xx_hal_spi.o
                0x0000000008004dcc                HAL_SPI_Receive
 .text.HAL_SPI_GetState
                0x0000000008004f3c        0x8 build/stm32f4xx_hal_spi.o
                0x0000000008004f3c                HAL_SPI_GetState
 .text.HAL_TIM_Base_Start_IT
                0x0000000008004f44       0x78 build/stm32f4xx_hal_tim.o
                0x0000000008004f44                HAL_TIM_Base_Start_IT
 .text.HAL_TIM_ConfigClockSource
                0x0000000008004fbc      0x160 build/stm32f4xx_hal_tim.o
                0x0000000008004fbc                HAL_TIM_ConfigClockSource
 .text.HAL_TIM_OC_DelayElapsedCallback
                0x000000000800511c        0x4 build/stm32f4xx_hal_tim.o
                0x000000000800511c                HAL_TIM_OC_DelayElapsedCallback
 .text.HAL_TIM_IC_CaptureCallback
                0x0000000008005120        0x4 build/stm32f4xx_hal_tim.o
                0x0000000008005120                HAL_TIM_IC_CaptureCallback
 .text.HAL_TIM_PWM_PulseFinishedCallback
                0x0000000008005124        0x4 build/stm32f4xx_hal_tim.o
                0x0000000008005124                HAL_TIM_PWM_PulseFinishedCallback
 .text.HAL_TIM_TriggerCallback
                0x0000000008005128        0x4 build/stm32f4xx_hal_tim.o
                0x0000000008005128                HAL_TIM_TriggerCallback
 .text.HAL_TIM_IRQHandler
                0x000000000800512c      0x154 build/stm32f4xx_hal_tim.o
                0x000000000800512c                HAL_TIM_IRQHandler
 .text.TIM_Base_SetConfig
                0x0000000008005280       0xd8 build/stm32f4xx_hal_tim.o
                0x0000000008005280                TIM_Base_SetConfig
 .text.HAL_TIM_Base_Init
                0x0000000008005358       0x5c build/stm32f4xx_hal_tim.o
                0x0000000008005358                HAL_TIM_Base_Init
 .text.HAL_TIMEx_MasterConfigSynchronization
                0x00000000080053b4       0x80 build/stm32f4xx_hal_tim_ex.o
                0x00000000080053b4                HAL_TIMEx_MasterConfigSynchronization
 .text.HAL_TIMEx_CommutCallback
                0x0000000008005434        0x4 build/stm32f4xx_hal_tim_ex.o
                0x0000000008005434                HAL_TIMEx_CommutCallback
 .text.HAL_TIMEx_BreakCallback
                0x0000000008005438        0x4 build/stm32f4xx_hal_tim_ex.o
                0x0000000008005438                HAL_TIMEx_BreakCallback
 .text.UART_SetConfig
                0x000000000800543c       0xe0 build/stm32f4xx_hal_uart.o
 .text.HAL_UART_Init
                0x000000000800551c       0x60 build/stm32f4xx_hal_uart.o
                0x000000000800551c                HAL_UART_Init
 .text.SystemInit
                0x000000000800557c       0x14 build/system_stm32f4xx.o
                0x000000000800557c                SystemInit
 .text.vListInsertEnd
                0x0000000008005590       0x20 build/list.o
                0x0000000008005590                vListInsertEnd
 .text.vListInsert
                0x00000000080055b0       0x30 build/list.o
                0x00000000080055b0                vListInsert
 .text.uxListRemove
                0x00000000080055e0       0x28 build/list.o
                0x00000000080055e0                uxListRemove
 .text.prvCopyDataToQueue
                0x0000000008005608       0x78 build/queue.o
 .text.prvUnlockQueue
                0x0000000008005680       0x8c build/queue.o
 .text.xQueueGenericSend
                0x000000000800570c      0x180 build/queue.o
                0x000000000800570c                xQueueGenericSend
 .text.xQueueGenericSendFromISR
                0x000000000800588c       0xcc build/queue.o
                0x000000000800588c                xQueueGenericSendFromISR
 .text.prvAddCurrentTaskToDelayedList
                0x0000000008005958       0x8c build/tasks.o
 .text.vTaskSwitchContext.part.0
                0x00000000080059e4       0x94 build/tasks.o
 .text.xTaskIncrementTick.part.0
                0x0000000008005a78      0x150 build/tasks.o
 .text.xTaskResumeAll.part.0
                0x0000000008005bc8      0x134 build/tasks.o
 .text.vTaskSuspendAll
                0x0000000008005cfc       0x10 build/tasks.o
                0x0000000008005cfc                vTaskSuspendAll
 .text.xTaskResumeAll
                0x0000000008005d0c       0x20 build/tasks.o
                0x0000000008005d0c                xTaskResumeAll
 .text.xTaskIncrementTick
                0x0000000008005d2c       0x20 build/tasks.o
                0x0000000008005d2c                xTaskIncrementTick
 .text.vTaskSwitchContext
                0x0000000008005d4c       0x1c build/tasks.o
                0x0000000008005d4c                vTaskSwitchContext
 .text.vTaskPlaceOnEventList
                0x0000000008005d68       0x34 build/tasks.o
                0x0000000008005d68                vTaskPlaceOnEventList
 .text.xTaskRemoveFromEventList
                0x0000000008005d9c       0x90 build/tasks.o
                0x0000000008005d9c                xTaskRemoveFromEventList
 .text.vTaskInternalSetTimeOutState
                0x0000000008005e2c       0x18 build/tasks.o
                0x0000000008005e2c                vTaskInternalSetTimeOutState
 .text.xTaskCheckForTimeOut
                0x0000000008005e44       0x90 build/tasks.o
                0x0000000008005e44                xTaskCheckForTimeOut
 .text.vTaskMissedYield
                0x0000000008005ed4        0xc build/tasks.o
                0x0000000008005ed4                vTaskMissedYield
 .text.xTaskGetSchedulerState
                0x0000000008005ee0       0x20 build/tasks.o
                0x0000000008005ee0                xTaskGetSchedulerState
 .text.xTaskPriorityDisinherit
                0x0000000008005f00       0xb8 build/tasks.o
                0x0000000008005f00                xTaskPriorityDisinherit
 .text.osMessagePut
                0x0000000008005fb8       0x58 build/cmsis_os.o
                0x0000000008005fb8                osMessagePut
 .text.SVC_Handler
                0x0000000008006010       0x24 build/port.o
                0x0000000008006010                SVC_Handler
 .text.vPortEnterCritical
                0x0000000008006034       0x44 build/port.o
                0x0000000008006034                vPortEnterCritical
 .text.vPortExitCritical
                0x0000000008006078       0x28 build/port.o
                0x0000000008006078                vPortExitCritical
 .text.PendSV_Handler
                0x00000000080060a0       0x64 build/port.o
                0x00000000080060a0                PendSV_Handler
 .text.SysTick_Handler
                0x0000000008006104       0x2c build/port.o
                0x0000000008006104                SysTick_Handler
 .text.vPortValidateInterruptPriority
                0x0000000008006130       0x5c build/port.o
                0x0000000008006130                vPortValidateInterruptPriority
 .text.USBH_LL_IncTimer
                0x000000000800618c       0x20 build/usbh_core.o
                0x000000000800618c                USBH_LL_IncTimer
 .text.USBH_LL_PortEnabled
                0x00000000080061ac       0x18 build/usbh_core.o
                0x00000000080061ac                USBH_LL_PortEnabled
 .text.USBH_LL_PortDisabled
                0x00000000080061c4        0x8 build/usbh_core.o
                0x00000000080061c4                USBH_LL_PortDisabled
 .text.USBH_LL_Connect
                0x00000000080061cc       0x24 build/usbh_core.o
                0x00000000080061cc                USBH_LL_Connect
 .text.USBH_LL_Disconnect
                0x00000000080061f0       0x3c build/usbh_core.o
                0x00000000080061f0                USBH_LL_Disconnect
 .text.USBH_LL_NotifyURBChange
                0x000000000800622c       0x18 build/usbh_core.o
                0x000000000800622c                USBH_LL_NotifyURBChange
 .text.USBH_FreePipe
                0x0000000008006244       0x18 build/usbh_pipes.o
                0x0000000008006244                USBH_FreePipe
 .text.Reset_Handler
                0x000000000800625c       0x50 build/startup_stm32f429xx.o
                0x000000000800625c                Reset_Handler
 .text.Default_Handler
                0x00000000080062ac        0x2 build/startup_stm32f429xx.o
                0x00000000080062ac                RTC_Alarm_IRQHandler
                0x00000000080062ac                HASH_RNG_IRQHandler
                0x00000000080062ac                EXTI2_IRQHandler
                0x00000000080062ac                TIM8_CC_IRQHandler
                0x00000000080062ac                UART8_IRQHandler
                0x00000000080062ac                SPI4_IRQHandler
                0x00000000080062ac                TIM1_CC_IRQHandler
                0x00000000080062ac                DMA2_Stream5_IRQHandler
                0x00000000080062ac                DMA1_Stream5_IRQHandler
                0x00000000080062ac                PVD_IRQHandler
                0x00000000080062ac                SDIO_IRQHandler
                0x00000000080062ac                TAMP_STAMP_IRQHandler
                0x00000000080062ac                CAN2_RX1_IRQHandler
                0x00000000080062ac                EXTI3_IRQHandler
                0x00000000080062ac                TIM8_TRG_COM_TIM14_IRQHandler
                0x00000000080062ac                TIM1_UP_TIM10_IRQHandler
                0x00000000080062ac                TIM8_UP_TIM13_IRQHandler
                0x00000000080062ac                I2C3_ER_IRQHandler
                0x00000000080062ac                EXTI0_IRQHandler
                0x00000000080062ac                I2C2_EV_IRQHandler
                0x00000000080062ac                DMA1_Stream2_IRQHandler
                0x00000000080062ac                CAN1_RX0_IRQHandler
                0x00000000080062ac                FPU_IRQHandler
                0x00000000080062ac                OTG_HS_WKUP_IRQHandler
                0x00000000080062ac                LTDC_ER_IRQHandler
                0x00000000080062ac                CAN2_SCE_IRQHandler
                0x00000000080062ac                DMA2_Stream2_IRQHandler
                0x00000000080062ac                SPI1_IRQHandler
                0x00000000080062ac                TIM1_BRK_TIM9_IRQHandler
                0x00000000080062ac                DCMI_IRQHandler
                0x00000000080062ac                CAN2_RX0_IRQHandler
                0x00000000080062ac                DMA2_Stream3_IRQHandler
                0x00000000080062ac                USART6_IRQHandler
                0x00000000080062ac                USART3_IRQHandler
                0x00000000080062ac                CAN1_RX1_IRQHandler
                0x00000000080062ac                UART5_IRQHandler
                0x00000000080062ac                DMA2_Stream0_IRQHandler
                0x00000000080062ac                TIM4_IRQHandler
                0x00000000080062ac                I2C1_EV_IRQHandler
                0x00000000080062ac                DMA1_Stream6_IRQHandler
                0x00000000080062ac                DMA1_Stream1_IRQHandler
                0x00000000080062ac                UART4_IRQHandler
                0x00000000080062ac                TIM3_IRQHandler
                0x00000000080062ac                RCC_IRQHandler
                0x00000000080062ac                TIM8_BRK_TIM12_IRQHandler
                0x00000000080062ac                Default_Handler
                0x00000000080062ac                EXTI15_10_IRQHandler
                0x00000000080062ac                ADC_IRQHandler
                0x00000000080062ac                DMA1_Stream7_IRQHandler
                0x00000000080062ac                SPI5_IRQHandler
                0x00000000080062ac                TIM7_IRQHandler
                0x00000000080062ac                CAN2_TX_IRQHandler
                0x00000000080062ac                TIM5_IRQHandler
                0x00000000080062ac                DMA2_Stream7_IRQHandler
                0x00000000080062ac                I2C3_EV_IRQHandler
                0x00000000080062ac                EXTI9_5_IRQHandler
                0x00000000080062ac                RTC_WKUP_IRQHandler
                0x00000000080062ac                ETH_WKUP_IRQHandler
                0x00000000080062ac                SPI2_IRQHandler
                0x00000000080062ac                OTG_HS_EP1_IN_IRQHandler
                0x00000000080062ac                DMA1_Stream0_IRQHandler
                0x00000000080062ac                CAN1_TX_IRQHandler
                0x00000000080062ac                EXTI4_IRQHandler
                0x00000000080062ac                ETH_IRQHandler
                0x00000000080062ac                OTG_HS_EP1_OUT_IRQHandler
                0x00000000080062ac                WWDG_IRQHandler
                0x00000000080062ac                SPI6_IRQHandler
                0x00000000080062ac                TIM2_IRQHandler
                0x00000000080062ac                OTG_FS_WKUP_IRQHandler
                0x00000000080062ac                TIM1_TRG_COM_TIM11_IRQHandler
                0x00000000080062ac                EXTI1_IRQHandler
                0x00000000080062ac                UART7_IRQHandler
                0x00000000080062ac                USART2_IRQHandler
                0x00000000080062ac                I2C2_ER_IRQHandler
                0x00000000080062ac                DMA2_Stream1_IRQHandler
                0x00000000080062ac                CAN1_SCE_IRQHandler
                0x00000000080062ac                FLASH_IRQHandler
                0x00000000080062ac                DMA2_Stream4_IRQHandler
                0x00000000080062ac                USART1_IRQHandler
                0x00000000080062ac                OTG_FS_IRQHandler
                0x00000000080062ac                SPI3_IRQHandler
                0x00000000080062ac                DMA1_Stream4_IRQHandler
                0x00000000080062ac                I2C1_ER_IRQHandler
                0x00000000080062ac                FMC_IRQHandler
                0x00000000080062ac                DMA2_Stream6_IRQHandler
                0x00000000080062ac                SAI1_IRQHandler
                0x00000000080062ac                DMA1_Stream3_IRQHandler
 *fill*         0x00000000080062ae        0x2 
 .text.__libc_init_array
                0x00000000080062b0       0x48 /home/irfan/Desktop/arm/gcc-arm-none-eabi-10.3-2021.10-x86_64-linux/gcc-arm-none-eabi-10.3-2021.10/bin/../lib/gcc/arm-none-eabi/10.3.1/../../../../arm-none-eabi/lib/thumb/v7e-m+fp/hard/libc_nano.a(lib_a-init.o)
                0x00000000080062b0                __libc_init_array
 .text.memcpy   0x00000000080062f8       0x1c /home/irfan/Desktop/arm/gcc-arm-none-eabi-10.3-2021.10-x86_64-linux/gcc-arm-none-eabi-10.3-2021.10/bin/../lib/gcc/arm-none-eabi/10.3.1/../../../../arm-none-eabi/lib/thumb/v7e-m+fp/hard/libc_nano.a(lib_a-memcpy-stub.o)
                0x00000000080062f8                memcpy
 .text.memset   0x0000000008006314       0x10 /home/irfan/Desktop/arm/gcc-arm-none-eabi-10.3-2021.10-x86_64-linux/gcc-arm-none-eabi-10.3-2021.10/bin/../lib/gcc/arm-none-eabi/10.3.1/../../../../arm-none-eabi/lib/thumb/v7e-m+fp/hard/libc_nano.a(lib_a-memset.o)
                0x0000000008006314                memset
 *(.glue_7)
 .glue_7        0x0000000008006324        0x0 linker stubs
 *(.glue_7t)
 .glue_7t       0x0000000008006324        0x0 linker stubs
 *(.eh_frame)
 .eh_frame      0x0000000008006324        0x0 /home/irfan/Desktop/arm/gcc-arm-none-eabi-10.3-2021.10-x86_64-linux/gcc-arm-none-eabi-10.3-2021.10/bin/../lib/gcc/arm-none-eabi/10.3.1/thumb/v7e-m+fp/hard/crtbegin.o
 *(.init)
 .init          0x0000000008006324        0x4 /home/irfan/Desktop/arm/gcc-arm-none-eabi-10.3-2021.10-x86_64-linux/gcc-arm-none-eabi-10.3-2021.10/bin/../lib/gcc/arm-none-eabi/10.3.1/thumb/v7e-m+fp/hard/crti.o
                0x0000000008006324                _init
 .init          0x0000000008006328        0x8 /home/irfan/Desktop/arm/gcc-arm-none-eabi-10.3-2021.10-x86_64-linux/gcc-arm-none-eabi-10.3-2021.10/bin/../lib/gcc/arm-none-eabi/10.3.1/thumb/v7e-m+fp/hard/crtn.o
 *(.fini)
 .fini          0x0000000008006330        0x4 /home/irfan/Desktop/arm/gcc-arm-none-eabi-10.3-2021.10-x86_64-linux/gcc-arm-none-eabi-10.3-2021.10/bin/../lib/gcc/arm-none-eabi/10.3.1/thumb/v7e-m+fp/hard/crti.o
                0x0000000008006330                _fini
 .fini          0x0000000008006334        0x8 /home/irfan/Desktop/arm/gcc-arm-none-eabi-10.3-2021.10-x86_64-linux/gcc-arm-none-eabi-10.3-2021.10/bin/../lib/gcc/arm-none-eabi/10.3.1/thumb/v7e-m+fp/hard/crtn.o
                0x000000000800633c                . = ALIGN (0x4)
                0x000000000800633c                _etext = .

.vfp11_veneer   0x000000000800633c        0x0
 .vfp11_veneer  0x000000000800633c        0x0 linker stubs

.v4_bx          0x000000000800633c        0x0
 .v4_bx         0x000000000800633c        0x0 linker stubs

.iplt           0x000000000800633c        0x0
 .iplt          0x000000000800633c        0x0 /home/irfan/Desktop/arm/gcc-arm-none-eabi-10.3-2021.10-x86_64-linux/gcc-arm-none-eabi-10.3-2021.10/bin/../lib/gcc/arm-none-eabi/10.3.1/thumb/v7e-m+fp/hard/crtbegin.o

.rodata         0x000000000800633c     0x1afc
                0x000000000800633c                . = ALIGN (0x4)
 *(.rodata)
 *(.rodata*)
 .rodata.main.str1.4
                0x000000000800633c       0x1d build/main.o
 *fill*         0x0000000008006359        0x3 
 .rodata.Font24_Table
                0x000000000800635c     0x1ab8 build/stm32f429i_discovery_lcd.o
                0x000000000800635c                Font24_Table
 .rodata.CSWTCH.19
                0x0000000008007e14        0x4 build/usbh_conf.o
 .rodata.flagBitshiftOffset.0
                0x0000000008007e18        0x8 build/stm32f4xx_hal_dma.o
 .rodata.AHBPrescTable
                0x0000000008007e20       0x10 build/system_stm32f4xx.o
                0x0000000008007e20                AHBPrescTable
 .rodata.APBPrescTable
                0x0000000008007e30        0x8 build/system_stm32f4xx.o
                0x0000000008007e30                APBPrescTable
                0x0000000008007e38                . = ALIGN (0x4)

.ARM.extab
 *(.ARM.extab* .gnu.linkonce.armextab.*)

.ARM            0x0000000008007e38        0x8
                0x0000000008007e38                __exidx_start = .
 *(.ARM.exidx*)
 .ARM.exidx     0x0000000008007e38        0x8 /home/irfan/Desktop/arm/gcc-arm-none-eabi-10.3-2021.10-x86_64-linux/gcc-arm-none-eabi-10.3-2021.10/bin/../lib/gcc/arm-none-eabi/10.3.1/thumb/v7e-m+fp/hard/libgcc.a(_udivmoddi4.o)
                0x0000000008007e40                __exidx_end = .

.rel.dyn        0x0000000008007e40        0x0
 .rel.iplt      0x0000000008007e40        0x0 /home/irfan/Desktop/arm/gcc-arm-none-eabi-10.3-2021.10-x86_64-linux/gcc-arm-none-eabi-10.3-2021.10/bin/../lib/gcc/arm-none-eabi/10.3.1/thumb/v7e-m+fp/hard/crtbegin.o

.preinit_array  0x0000000008007e40        0x0
                0x0000000008007e40                PROVIDE (__preinit_array_start = .)
 *(.preinit_array*)
                0x0000000008007e40                PROVIDE (__preinit_array_end = .)

.init_array     0x0000000008007e40        0x4
                0x0000000008007e40                PROVIDE (__init_array_start = .)
 *(SORT_BY_NAME(.init_array.*))
 *(.init_array*)
 .init_array    0x0000000008007e40        0x4 /home/irfan/Desktop/arm/gcc-arm-none-eabi-10.3-2021.10-x86_64-linux/gcc-arm-none-eabi-10.3-2021.10/bin/../lib/gcc/arm-none-eabi/10.3.1/thumb/v7e-m+fp/hard/crtbegin.o
                0x0000000008007e44                PROVIDE (__init_array_end = .)

.fini_array     0x0000000008007e44        0x4
                [!provide]                        PROVIDE (__fini_array_start = .)
 *(SORT_BY_NAME(.fini_array.*))
 *(.fini_array*)
 .fini_array    0x0000000008007e44        0x4 /home/irfan/Desktop/arm/gcc-arm-none-eabi-10.3-2021.10-x86_64-linux/gcc-arm-none-eabi-10.3-2021.10/bin/../lib/gcc/arm-none-eabi/10.3.1/thumb/v7e-m+fp/hard/crtbegin.o
                [!provide]                        PROVIDE (__fini_array_end = .)
                0x0000000008007e48                _sidata = LOADADDR (.data)

.data           0x0000000020000000       0x58 load address 0x0000000008007e48
                0x0000000020000000                . = ALIGN (0x4)
                0x0000000020000000                _sdata = .
 *(.data)
 *(.data*)
 .data.SpixTimeout
                0x0000000020000000        0x4 build/stm32f429i_discovery.o
                0x0000000020000000                SpixTimeout
 .data.Font24   0x0000000020000004        0x8 build/stm32f429i_discovery_lcd.o
                0x0000000020000004                Font24
 .data.sdramstatus.2
                0x000000002000000c        0x1 build/stm32f429i_discovery_sdram.o
 *fill*         0x000000002000000d        0x3 
 .data.ili9341_drv
                0x0000000020000010       0x38 build/ili9341.o
                0x0000000020000010                ili9341_drv
 .data.uwTickFreq
                0x0000000020000048        0x1 build/stm32f4xx_hal.o
                0x0000000020000048                uwTickFreq
 *fill*         0x0000000020000049        0x3 
 .data.uwTickPrio
                0x000000002000004c        0x4 build/stm32f4xx_hal.o
                0x000000002000004c                uwTickPrio
 .data.SystemCoreClock
                0x0000000020000050        0x4 build/system_stm32f4xx.o
                0x0000000020000050                SystemCoreClock
 .data.uxCriticalNesting
                0x0000000020000054        0x4 build/port.o
                0x0000000020000058                . = ALIGN (0x4)
                0x0000000020000058                _edata = .
                0x0000000008007ea0                _siccmram = LOADADDR (.ccmram)

.igot.plt       0x0000000020000058        0x0 load address 0x0000000008007ea0
 .igot.plt      0x0000000020000058        0x0 /home/irfan/Desktop/arm/gcc-arm-none-eabi-10.3-2021.10-x86_64-linux/gcc-arm-none-eabi-10.3-2021.10/bin/../lib/gcc/arm-none-eabi/10.3.1/thumb/v7e-m+fp/hard/crtbegin.o

.ccmram         0x0000000010000000        0x0 load address 0x0000000008007ea0
                0x0000000010000000                . = ALIGN (0x4)
                0x0000000010000000                _sccmram = .
 *(.ccmram)
 *(.ccmram*)
                0x0000000010000000                . = ALIGN (0x4)
                0x0000000010000000                _eccmram = .
                0x0000000010000000                . = ALIGN (0x4)

.bss            0x0000000020000058      0x90c
                0x0000000020000058                _sbss = .
                0x0000000020000058                __bss_start__ = _sbss
 *(.bss)
 .bss           0x0000000020000058       0x1c /home/irfan/Desktop/arm/gcc-arm-none-eabi-10.3-2021.10-x86_64-linux/gcc-arm-none-eabi-10.3-2021.10/bin/../lib/gcc/arm-none-eabi/10.3.1/thumb/v7e-m+fp/hard/crtbegin.o
 *(.bss*)
 .bss.hcrc      0x0000000020000074        0x8 build/main.o
                0x0000000020000074                hcrc
 .bss.hdma2d    0x000000002000007c       0x40 build/main.o
                0x000000002000007c                hdma2d
 .bss.hi2c3     0x00000000200000bc       0x54 build/main.o
                0x00000000200000bc                hi2c3
 .bss.hltdc     0x0000000020000110       0xa8 build/main.o
                0x0000000020000110                hltdc
 .bss.hsdram1   0x00000000200001b8       0x34 build/main.o
                0x00000000200001b8                hsdram1
 .bss.hspi5     0x00000000200001ec       0x58 build/main.o
                0x00000000200001ec                hspi5
 .bss.htim1     0x0000000020000244       0x48 build/main.o
                0x0000000020000244                htim1
 .bss.huart1    0x000000002000028c       0x44 build/main.o
                0x000000002000028c                huart1
 .bss.FMC_Initialized
                0x00000000200002d0        0x4 build/stm32f4xx_hal_msp.o
 .bss.htim6     0x00000000200002d4       0x48 build/stm32f4xx_hal_timebase_tim.o
                0x00000000200002d4                htim6
 .bss.Is_LCD_IO_Initialized
                0x000000002000031c        0x1 build/stm32f429i_discovery.o
 *fill*         0x000000002000031d        0x3 
 .bss.SpiHandle
                0x0000000020000320       0x58 build/stm32f429i_discovery.o
 .bss.ActiveLayer
                0x0000000020000378        0x4 build/stm32f429i_discovery_lcd.o
 .bss.Dma2dHandler
                0x000000002000037c       0x40 build/stm32f429i_discovery_lcd.o
 .bss.DrawProp  0x00000000200003bc       0x18 build/stm32f429i_discovery_lcd.o
 .bss.LcdDrv    0x00000000200003d4        0x4 build/stm32f429i_discovery_lcd.o
                0x00000000200003d4                LcdDrv
 .bss.LtdcHandler
                0x00000000200003d8       0xa8 build/stm32f429i_discovery_lcd.o
                0x00000000200003d8                LtdcHandler
 .bss.PeriphClkInitStruct
                0x0000000020000480       0x30 build/stm32f429i_discovery_lcd.o
 .bss.Command   0x00000000200004b0       0x10 build/stm32f429i_discovery_sdram.o
 .bss.SdramHandle
                0x00000000200004c0       0x34 build/stm32f429i_discovery_sdram.o
 .bss.Timing    0x00000000200004f4       0x1c build/stm32f429i_discovery_sdram.o
 .bss.dmaHandle.1
                0x0000000020000510       0x60 build/stm32f429i_discovery_sdram.o
 .bss.hhcd_USB_OTG_HS
                0x0000000020000570      0x304 build/usbh_conf.o
                0x0000000020000570                hhcd_USB_OTG_HS
 .bss.uwTick    0x0000000020000874        0x4 build/stm32f4xx_hal.o
                0x0000000020000874                uwTick
 .bss.pxCurrentTCB
                0x0000000020000878        0x4 build/tasks.o
                0x0000000020000878                pxCurrentTCB
 .bss.pxDelayedTaskList
                0x000000002000087c        0x4 build/tasks.o
 .bss.pxOverflowDelayedTaskList
                0x0000000020000880        0x4 build/tasks.o
 .bss.pxReadyTasksLists
                0x0000000020000884       0x8c build/tasks.o
 .bss.uxCurrentNumberOfTasks
                0x0000000020000910        0x4 build/tasks.o
 .bss.uxSchedulerSuspended
                0x0000000020000914        0x4 build/tasks.o
 .bss.uxTopReadyPriority
                0x0000000020000918        0x4 build/tasks.o
 .bss.xNextTaskUnblockTime
                0x000000002000091c        0x4 build/tasks.o
 .bss.xNumOfOverflows
                0x0000000020000920        0x4 build/tasks.o
 .bss.xPendedTicks
                0x0000000020000924        0x4 build/tasks.o
 .bss.xPendingReadyList
                0x0000000020000928       0x14 build/tasks.o
 .bss.xSchedulerRunning
                0x000000002000093c        0x4 build/tasks.o
 .bss.xSuspendedTaskList
                0x0000000020000940       0x14 build/tasks.o
 .bss.xTickCount
                0x0000000020000954        0x4 build/tasks.o
 .bss.xYieldPending
                0x0000000020000958        0x4 build/tasks.o
 .bss.ucMaxSysCallPriority
                0x000000002000095c        0x1 build/port.o
 *fill*         0x000000002000095d        0x3 
 .bss.ulMaxPRIGROUPValue
                0x0000000020000960        0x4 build/port.o
 *(COMMON)
                0x0000000020000964                . = ALIGN (0x4)
                0x0000000020000964                _ebss = .
                0x0000000020000964                __bss_end__ = _ebss

._user_heap_stack
                0x0000000020000964      0x604
                0x0000000020000968                . = ALIGN (0x8)
 *fill*         0x0000000020000964        0x4 
                0x0000000020000968                PROVIDE (end = .)
                [!provide]                        PROVIDE (_end = .)
                0x0000000020000b68                . = (. + _Min_Heap_Size)
 *fill*         0x0000000020000968      0x200 
                0x0000000020000f68                . = (. + _Min_Stack_Size)
 *fill*         0x0000000020000b68      0x400 
                0x0000000020000f68                . = ALIGN (0x8)

/DISCARD/
 libc.a(*)
 libm.a(*)
 libgcc.a(*)

.ARM.attributes
                0x0000000000000000       0x30
 *(.ARM.attributes)
 .ARM.attributes
                0x0000000000000000       0x1e /home/irfan/Desktop/arm/gcc-arm-none-eabi-10.3-2021.10-x86_64-linux/gcc-arm-none-eabi-10.3-2021.10/bin/../lib/gcc/arm-none-eabi/10.3.1/thumb/v7e-m+fp/hard/crti.o
 .ARM.attributes
                0x000000000000001e       0x34 /home/irfan/Desktop/arm/gcc-arm-none-eabi-10.3-2021.10-x86_64-linux/gcc-arm-none-eabi-10.3-2021.10/bin/../lib/gcc/arm-none-eabi/10.3.1/thumb/v7e-m+fp/hard/crtbegin.o
 .ARM.attributes
                0x0000000000000052       0x34 build/main.o
 .ARM.attributes
                0x0000000000000086       0x34 build/freertos.o
 .ARM.attributes
                0x00000000000000ba       0x34 build/stm32f4xx_it.o
 .ARM.attributes
                0x00000000000000ee       0x34 build/stm32f4xx_hal_msp.o
 .ARM.attributes
                0x0000000000000122       0x34 build/stm32f4xx_hal_timebase_tim.o
 .ARM.attributes
                0x0000000000000156       0x34 build/stm32f429i_discovery.o
 .ARM.attributes
                0x000000000000018a       0x34 build/stm32f429i_discovery_lcd.o
 .ARM.attributes
                0x00000000000001be       0x34 build/stm32f429i_discovery_sdram.o
 .ARM.attributes
                0x00000000000001f2       0x34 build/ili9341.o
 .ARM.attributes
                0x0000000000000226       0x34 build/usbh_conf.o
 .ARM.attributes
                0x000000000000025a       0x34 build/stm32f4xx_hal_hcd.o
 .ARM.attributes
                0x000000000000028e       0x34 build/stm32f4xx_ll_usb.o
 .ARM.attributes
                0x00000000000002c2       0x34 build/stm32f4xx_hal_rcc.o
 .ARM.attributes
                0x00000000000002f6       0x34 build/stm32f4xx_hal_rcc_ex.o
 .ARM.attributes
                0x000000000000032a       0x34 build/stm32f4xx_hal_gpio.o
 .ARM.attributes
                0x000000000000035e       0x34 build/stm32f4xx_hal_dma.o
 .ARM.attributes
                0x0000000000000392       0x34 build/stm32f4xx_hal_cortex.o
 .ARM.attributes
                0x00000000000003c6       0x34 build/stm32f4xx_hal.o
 .ARM.attributes
                0x00000000000003fa       0x34 build/stm32f4xx_hal_crc.o
 .ARM.attributes
                0x000000000000042e       0x34 build/stm32f4xx_hal_dma2d.o
 .ARM.attributes
                0x0000000000000462       0x34 build/stm32f4xx_ll_fmc.o
 .ARM.attributes
                0x0000000000000496       0x34 build/stm32f4xx_hal_sdram.o
 .ARM.attributes
                0x00000000000004ca       0x34 build/stm32f4xx_hal_i2c.o
 .ARM.attributes
                0x00000000000004fe       0x34 build/stm32f4xx_hal_i2c_ex.o
 .ARM.attributes
                0x0000000000000532       0x34 build/stm32f4xx_hal_ltdc.o
 .ARM.attributes
                0x0000000000000566       0x34 build/stm32f4xx_hal_spi.o
 .ARM.attributes
                0x000000000000059a       0x34 build/stm32f4xx_hal_tim.o
 .ARM.attributes
                0x00000000000005ce       0x34 build/stm32f4xx_hal_tim_ex.o
 .ARM.attributes
                0x0000000000000602       0x34 build/stm32f4xx_hal_uart.o
 .ARM.attributes
                0x0000000000000636       0x34 build/system_stm32f4xx.o
 .ARM.attributes
                0x000000000000066a       0x34 build/list.o
 .ARM.attributes
                0x000000000000069e       0x34 build/queue.o
 .ARM.attributes
                0x00000000000006d2       0x34 build/tasks.o
 .ARM.attributes
                0x0000000000000706       0x34 build/cmsis_os.o
 .ARM.attributes
                0x000000000000073a       0x34 build/port.o
 .ARM.attributes
                0x000000000000076e       0x34 build/usbh_core.o
 .ARM.attributes
                0x00000000000007a2       0x34 build/usbh_pipes.o
 .ARM.attributes
                0x00000000000007d6       0x21 build/startup_stm32f429xx.o
 .ARM.attributes
                0x00000000000007f7       0x34 /home/irfan/Desktop/arm/gcc-arm-none-eabi-10.3-2021.10-x86_64-linux/gcc-arm-none-eabi-10.3-2021.10/bin/../lib/gcc/arm-none-eabi/10.3.1/../../../../arm-none-eabi/lib/thumb/v7e-m+fp/hard/libc_nano.a(lib_a-init.o)
 .ARM.attributes
                0x000000000000082b       0x34 /home/irfan/Desktop/arm/gcc-arm-none-eabi-10.3-2021.10-x86_64-linux/gcc-arm-none-eabi-10.3-2021.10/bin/../lib/gcc/arm-none-eabi/10.3.1/../../../../arm-none-eabi/lib/thumb/v7e-m+fp/hard/libc_nano.a(lib_a-memcpy-stub.o)
 .ARM.attributes
                0x000000000000085f       0x34 /home/irfan/Desktop/arm/gcc-arm-none-eabi-10.3-2021.10-x86_64-linux/gcc-arm-none-eabi-10.3-2021.10/bin/../lib/gcc/arm-none-eabi/10.3.1/../../../../arm-none-eabi/lib/thumb/v7e-m+fp/hard/libc_nano.a(lib_a-memset.o)
 .ARM.attributes
                0x0000000000000893       0x1e /home/irfan/Desktop/arm/gcc-arm-none-eabi-10.3-2021.10-x86_64-linux/gcc-arm-none-eabi-10.3-2021.10/bin/../lib/gcc/arm-none-eabi/10.3.1/thumb/v7e-m+fp/hard/libgcc.a(_aeabi_uldivmod.o)
 .ARM.attributes
                0x00000000000008b1       0x34 /home/irfan/Desktop/arm/gcc-arm-none-eabi-10.3-2021.10-x86_64-linux/gcc-arm-none-eabi-10.3-2021.10/bin/../lib/gcc/arm-none-eabi/10.3.1/thumb/v7e-m+fp/hard/libgcc.a(_udivmoddi4.o)
 .ARM.attributes
                0x00000000000008e5       0x1e /home/irfan/Desktop/arm/gcc-arm-none-eabi-10.3-2021.10-x86_64-linux/gcc-arm-none-eabi-10.3-2021.10/bin/../lib/gcc/arm-none-eabi/10.3.1/thumb/v7e-m+fp/hard/libgcc.a(_dvmd_tls.o)
 .ARM.attributes
                0x0000000000000903       0x1e /home/irfan/Desktop/arm/gcc-arm-none-eabi-10.3-2021.10-x86_64-linux/gcc-arm-none-eabi-10.3-2021.10/bin/../lib/gcc/arm-none-eabi/10.3.1/thumb/v7e-m+fp/hard/crtn.o
OUTPUT(build/STM32_DISC1_TFT.elf elf32-littlearm)
LOAD linker stubs
LOAD /home/irfan/Desktop/arm/gcc-arm-none-eabi-10.3-2021.10-x86_64-linux/gcc-arm-none-eabi-10.3-2021.10/bin/../lib/gcc/arm-none-eabi/10.3.1/../../../../arm-none-eabi/lib/thumb/v7e-m+fp/hard/libc.a
LOAD /home/irfan/Desktop/arm/gcc-arm-none-eabi-10.3-2021.10-x86_64-linux/gcc-arm-none-eabi-10.3-2021.10/bin/../lib/gcc/arm-none-eabi/10.3.1/../../../../arm-none-eabi/lib/thumb/v7e-m+fp/hard/libm.a
LOAD /home/irfan/Desktop/arm/gcc-arm-none-eabi-10.3-2021.10-x86_64-linux/gcc-arm-none-eabi-10.3-2021.10/bin/../lib/gcc/arm-none-eabi/10.3.1/thumb/v7e-m+fp/hard/libgcc.a

.debug_info     0x0000000000000000    0x3ff2b
 .debug_info    0x0000000000000000     0x4c03 build/main.o
 .debug_info    0x0000000000004c03      0x337 build/freertos.o
 .debug_info    0x0000000000004f3a     0x1500 build/stm32f4xx_it.o
 .debug_info    0x000000000000643a     0x2b9c build/stm32f4xx_hal_msp.o
 .debug_info    0x0000000000008fd6      0xd9f build/stm32f4xx_hal_timebase_tim.o
 .debug_info    0x0000000000009d75     0x2b55 build/stm32f429i_discovery.o
 .debug_info    0x000000000000c8ca     0x3919 build/stm32f429i_discovery_lcd.o
 .debug_info    0x00000000000101e3     0x14c3 build/stm32f429i_discovery_sdram.o
 .debug_info    0x00000000000116a6     0x1c49 build/ili9341.o
 .debug_info    0x00000000000132ef     0x23ab build/usbh_conf.o
 .debug_info    0x000000000001569a     0x15e0 build/stm32f4xx_hal_hcd.o
 .debug_info    0x0000000000016c7a     0x24d3 build/stm32f4xx_ll_usb.o
 .debug_info    0x000000000001914d      0xc71 build/stm32f4xx_hal_rcc.o
 .debug_info    0x0000000000019dbe      0x8b1 build/stm32f4xx_hal_rcc_ex.o
 .debug_info    0x000000000001a66f      0x86c build/stm32f4xx_hal_gpio.o
 .debug_info    0x000000000001aedb      0xc16 build/stm32f4xx_hal_dma.o
 .debug_info    0x000000000001baf1     0x11a8 build/stm32f4xx_hal_cortex.o
 .debug_info    0x000000000001cc99      0xb87 build/stm32f4xx_hal.o
 .debug_info    0x000000000001d820      0x437 build/stm32f4xx_hal_crc.o
 .debug_info    0x000000000001dc57     0x13f7 build/stm32f4xx_hal_dma2d.o
 .debug_info    0x000000000001f04e     0x1198 build/stm32f4xx_ll_fmc.o
 .debug_info    0x00000000000201e6      0xff2 build/stm32f4xx_hal_sdram.o
 .debug_info    0x00000000000211d8     0x3e3c build/stm32f4xx_hal_i2c.o
 .debug_info    0x0000000000025014      0x759 build/stm32f4xx_hal_i2c_ex.o
 .debug_info    0x000000000002576d     0x1679 build/stm32f4xx_hal_ltdc.o
 .debug_info    0x0000000000026de6     0x2096 build/stm32f4xx_hal_spi.o
 .debug_info    0x0000000000028e7c     0x4afb build/stm32f4xx_hal_tim.o
 .debug_info    0x000000000002d977     0x1cc0 build/stm32f4xx_hal_tim_ex.o
 .debug_info    0x000000000002f637     0x4524 build/stm32f4xx_hal_uart.o
 .debug_info    0x0000000000033b5b      0x5d5 build/system_stm32f4xx.o
 .debug_info    0x0000000000034130      0x311 build/list.o
 .debug_info    0x0000000000034441     0x2d85 build/queue.o
 .debug_info    0x00000000000371c6     0x3200 build/tasks.o
 .debug_info    0x000000000003a3c6     0x2838 build/cmsis_os.o
 .debug_info    0x000000000003cbfe      0x5f6 build/port.o
 .debug_info    0x000000000003d1f4     0x2043 build/usbh_core.o
 .debug_info    0x000000000003f237      0xcd2 build/usbh_pipes.o
 .debug_info    0x000000000003ff09       0x22 build/startup_stm32f429xx.o

.debug_abbrev   0x0000000000000000     0x71e9
 .debug_abbrev  0x0000000000000000      0x4ed build/main.o
 .debug_abbrev  0x00000000000004ed      0x125 build/freertos.o
 .debug_abbrev  0x0000000000000612      0x1c2 build/stm32f4xx_it.o
 .debug_abbrev  0x00000000000007d4      0x30b build/stm32f4xx_hal_msp.o
 .debug_abbrev  0x0000000000000adf      0x1ed build/stm32f4xx_hal_timebase_tim.o
 .debug_abbrev  0x0000000000000ccc      0x444 build/stm32f429i_discovery.o
 .debug_abbrev  0x0000000000001110      0x4f4 build/stm32f429i_discovery_lcd.o
 .debug_abbrev  0x0000000000001604      0x2ff build/stm32f429i_discovery_sdram.o
 .debug_abbrev  0x0000000000001903      0x228 build/ili9341.o
 .debug_abbrev  0x0000000000001b2b      0x427 build/usbh_conf.o
 .debug_abbrev  0x0000000000001f52      0x34c build/stm32f4xx_hal_hcd.o
 .debug_abbrev  0x000000000000229e      0x41f build/stm32f4xx_ll_usb.o
 .debug_abbrev  0x00000000000026bd      0x34d build/stm32f4xx_hal_rcc.o
 .debug_abbrev  0x0000000000002a0a      0x19f build/stm32f4xx_hal_rcc_ex.o
 .debug_abbrev  0x0000000000002ba9      0x23d build/stm32f4xx_hal_gpio.o
 .debug_abbrev  0x0000000000002de6      0x351 build/stm32f4xx_hal_dma.o
 .debug_abbrev  0x0000000000003137      0x378 build/stm32f4xx_hal_cortex.o
 .debug_abbrev  0x00000000000034af      0x26b build/stm32f4xx_hal.o
 .debug_abbrev  0x000000000000371a      0x1d8 build/stm32f4xx_hal_crc.o
 .debug_abbrev  0x00000000000038f2      0x2bb build/stm32f4xx_hal_dma2d.o
 .debug_abbrev  0x0000000000003bad      0x1fc build/stm32f4xx_ll_fmc.o
 .debug_abbrev  0x0000000000003da9      0x279 build/stm32f4xx_hal_sdram.o
 .debug_abbrev  0x0000000000004022      0x455 build/stm32f4xx_hal_i2c.o
 .debug_abbrev  0x0000000000004477      0x162 build/stm32f4xx_hal_i2c_ex.o
 .debug_abbrev  0x00000000000045d9      0x29a build/stm32f4xx_hal_ltdc.o
 .debug_abbrev  0x0000000000004873      0x394 build/stm32f4xx_hal_spi.o
 .debug_abbrev  0x0000000000004c07      0x392 build/stm32f4xx_hal_tim.o
 .debug_abbrev  0x0000000000004f99      0x347 build/stm32f4xx_hal_tim_ex.o
 .debug_abbrev  0x00000000000052e0      0x44f build/stm32f4xx_hal_uart.o
 .debug_abbrev  0x000000000000572f      0x11b build/system_stm32f4xx.o
 .debug_abbrev  0x000000000000584a      0x124 build/list.o
 .debug_abbrev  0x000000000000596e      0x483 build/queue.o
 .debug_abbrev  0x0000000000005df1      0x4f8 build/tasks.o
 .debug_abbrev  0x00000000000062e9      0x490 build/cmsis_os.o
 .debug_abbrev  0x0000000000006779      0x2a8 build/port.o
 .debug_abbrev  0x0000000000006a21      0x507 build/usbh_core.o
 .debug_abbrev  0x0000000000006f28      0x2af build/usbh_pipes.o
 .debug_abbrev  0x00000000000071d7       0x12 build/startup_stm32f429xx.o

.debug_loc      0x0000000000000000    0x30c5e
 .debug_loc     0x0000000000000000      0x10f build/main.o
 .debug_loc     0x000000000000010f       0x2c build/freertos.o
 .debug_loc     0x000000000000013b      0x4a9 build/stm32f4xx_hal_msp.o
 .debug_loc     0x00000000000005e4       0xfc build/stm32f4xx_hal_timebase_tim.o
 .debug_loc     0x00000000000006e0     0x1048 build/stm32f429i_discovery.o
 .debug_loc     0x0000000000001728     0x31ec build/stm32f429i_discovery_lcd.o
 .debug_loc     0x0000000000004914      0x561 build/stm32f429i_discovery_sdram.o
 .debug_loc     0x0000000000004e75      0xa4b build/ili9341.o
 .debug_loc     0x00000000000058c0      0xd50 build/usbh_conf.o
 .debug_loc     0x0000000000006610     0x125b build/stm32f4xx_hal_hcd.o
 .debug_loc     0x000000000000786b     0x3082 build/stm32f4xx_ll_usb.o
 .debug_loc     0x000000000000a8ed      0x695 build/stm32f4xx_hal_rcc.o
 .debug_loc     0x000000000000af82      0x5ab build/stm32f4xx_hal_rcc_ex.o
 .debug_loc     0x000000000000b52d      0x613 build/stm32f4xx_hal_gpio.o
 .debug_loc     0x000000000000bb40      0xc86 build/stm32f4xx_hal_dma.o
 .debug_loc     0x000000000000c7c6      0x853 build/stm32f4xx_hal_cortex.o
 .debug_loc     0x000000000000d019      0x208 build/stm32f4xx_hal.o
 .debug_loc     0x000000000000d221      0x318 build/stm32f4xx_hal_crc.o
 .debug_loc     0x000000000000d539     0x1de5 build/stm32f4xx_hal_dma2d.o
 .debug_loc     0x000000000000f31e     0x1011 build/stm32f4xx_ll_fmc.o
 .debug_loc     0x000000000001032f      0xfc8 build/stm32f4xx_hal_sdram.o
 .debug_loc     0x00000000000112f7     0x565e build/stm32f4xx_hal_i2c.o
 .debug_loc     0x0000000000016955      0x124 build/stm32f4xx_hal_i2c_ex.o
 .debug_loc     0x0000000000016a79     0x1bcd build/stm32f4xx_hal_ltdc.o
 .debug_loc     0x0000000000018646     0x2664 build/stm32f4xx_hal_spi.o
 .debug_loc     0x000000000001acaa     0x66eb build/stm32f4xx_hal_tim.o
 .debug_loc     0x0000000000021395     0x1da6 build/stm32f4xx_hal_tim_ex.o
 .debug_loc     0x000000000002313b     0x5098 build/stm32f4xx_hal_uart.o
 .debug_loc     0x00000000000281d3      0x118 build/system_stm32f4xx.o
 .debug_loc     0x00000000000282eb      0x14c build/list.o
 .debug_loc     0x0000000000028437     0x2a2d build/queue.o
 .debug_loc     0x000000000002ae64     0x2b61 build/tasks.o
 .debug_loc     0x000000000002d9c5     0x20bb build/cmsis_os.o
 .debug_loc     0x000000000002fa80      0x1ce build/port.o
 .debug_loc     0x000000000002fc4e      0xda2 build/usbh_core.o
 .debug_loc     0x00000000000309f0      0x26e build/usbh_pipes.o

.debug_aranges  0x0000000000000000     0x1e78
 .debug_aranges
                0x0000000000000000       0x40 build/main.o
 .debug_aranges
                0x0000000000000040       0x30 build/freertos.o
 .debug_aranges
                0x0000000000000070       0x68 build/stm32f4xx_it.o
 .debug_aranges
                0x00000000000000d8       0xa0 build/stm32f4xx_hal_msp.o
 .debug_aranges
                0x0000000000000178       0x30 build/stm32f4xx_hal_timebase_tim.o
 .debug_aranges
                0x00000000000001a8       0xd8 build/stm32f429i_discovery.o
 .debug_aranges
                0x0000000000000280      0x1a0 build/stm32f429i_discovery_lcd.o
 .debug_aranges
                0x0000000000000420       0x68 build/stm32f429i_discovery_sdram.o
 .debug_aranges
                0x0000000000000488       0x60 build/ili9341.o
 .debug_aranges
                0x00000000000004e8       0xd8 build/usbh_conf.o
 .debug_aranges
                0x00000000000005c0       0xa8 build/stm32f4xx_hal_hcd.o
 .debug_aranges
                0x0000000000000668      0x198 build/stm32f4xx_ll_usb.o
 .debug_aranges
                0x0000000000000800       0x88 build/stm32f4xx_hal_rcc.o
 .debug_aranges
                0x0000000000000888       0x58 build/stm32f4xx_hal_rcc_ex.o
 .debug_aranges
                0x00000000000008e0       0x58 build/stm32f4xx_hal_gpio.o
 .debug_aranges
                0x0000000000000938       0x78 build/stm32f4xx_hal_dma.o
 .debug_aranges
                0x00000000000009b0       0xa8 build/stm32f4xx_hal_cortex.o
 .debug_aranges
                0x0000000000000a58       0xf8 build/stm32f4xx_hal.o
 .debug_aranges
                0x0000000000000b50       0x48 build/stm32f4xx_hal_crc.o
 .debug_aranges
                0x0000000000000b98      0x100 build/stm32f4xx_hal_dma2d.o
 .debug_aranges
                0x0000000000000c98       0xf0 build/stm32f4xx_ll_fmc.o
 .debug_aranges
                0x0000000000000d88       0xb0 build/stm32f4xx_hal_sdram.o
 .debug_aranges
                0x0000000000000e38      0x1a8 build/stm32f4xx_hal_i2c.o
 .debug_aranges
                0x0000000000000fe0       0x28 build/stm32f4xx_hal_i2c_ex.o
 .debug_aranges
                0x0000000000001008      0x138 build/stm32f4xx_hal_ltdc.o
 .debug_aranges
                0x0000000000001140      0x188 build/stm32f4xx_hal_spi.o
 .debug_aranges
                0x00000000000012c8      0x298 build/stm32f4xx_hal_tim.o
 .debug_aranges
                0x0000000000001560      0x110 build/stm32f4xx_hal_tim_ex.o
 .debug_aranges
                0x0000000000001670      0x1a0 build/stm32f4xx_hal_uart.o
 .debug_aranges
                0x0000000000001810       0x28 build/system_stm32f4xx.o
 .debug_aranges
                0x0000000000001838       0x40 build/list.o
 .debug_aranges
                0x0000000000001878       0xf8 build/queue.o
 .debug_aranges
                0x0000000000001970      0x1d0 build/tasks.o
 .debug_aranges
                0x0000000000001b40      0x1a0 build/cmsis_os.o
 .debug_aranges
                0x0000000000001ce0       0x80 build/port.o
 .debug_aranges
                0x0000000000001d60       0xb8 build/usbh_core.o
 .debug_aranges
                0x0000000000001e18       0x38 build/usbh_pipes.o
 .debug_aranges
                0x0000000000001e50       0x28 build/startup_stm32f429xx.o

.debug_ranges   0x0000000000000000     0x4c58
 .debug_ranges  0x0000000000000000      0x360 build/main.o
 .debug_ranges  0x0000000000000360       0x20 build/freertos.o
 .debug_ranges  0x0000000000000380       0x58 build/stm32f4xx_it.o
 .debug_ranges  0x00000000000003d8      0x230 build/stm32f4xx_hal_msp.o
 .debug_ranges  0x0000000000000608       0x40 build/stm32f4xx_hal_timebase_tim.o
 .debug_ranges  0x0000000000000648      0x618 build/stm32f429i_discovery.o
 .debug_ranges  0x0000000000000c60      0xa80 build/stm32f429i_discovery_lcd.o
 .debug_ranges  0x00000000000016e0       0xe8 build/stm32f429i_discovery_sdram.o
 .debug_ranges  0x00000000000017c8       0x68 build/ili9341.o
 .debug_ranges  0x0000000000001830      0x1b0 build/usbh_conf.o
 .debug_ranges  0x00000000000019e0      0x1d8 build/stm32f4xx_hal_hcd.o
 .debug_ranges  0x0000000000001bb8      0x298 build/stm32f4xx_ll_usb.o
 .debug_ranges  0x0000000000001e50      0x140 build/stm32f4xx_hal_rcc.o
 .debug_ranges  0x0000000000001f90       0x60 build/stm32f4xx_hal_rcc_ex.o
 .debug_ranges  0x0000000000001ff0       0x60 build/stm32f4xx_hal_gpio.o
 .debug_ranges  0x0000000000002050      0x108 build/stm32f4xx_hal_dma.o
 .debug_ranges  0x0000000000002158      0x190 build/stm32f4xx_hal_cortex.o
 .debug_ranges  0x00000000000022e8       0xe8 build/stm32f4xx_hal.o
 .debug_ranges  0x00000000000023d0       0x38 build/stm32f4xx_hal_crc.o
 .debug_ranges  0x0000000000002408       0xf0 build/stm32f4xx_hal_dma2d.o
 .debug_ranges  0x00000000000024f8       0xe0 build/stm32f4xx_ll_fmc.o
 .debug_ranges  0x00000000000025d8       0xa0 build/stm32f4xx_hal_sdram.o
 .debug_ranges  0x0000000000002678      0x898 build/stm32f4xx_hal_i2c.o
 .debug_ranges  0x0000000000002f10       0x18 build/stm32f4xx_hal_i2c_ex.o
 .debug_ranges  0x0000000000002f28      0x128 build/stm32f4xx_hal_ltdc.o
 .debug_ranges  0x0000000000003050      0x2a0 build/stm32f4xx_hal_spi.o
 .debug_ranges  0x00000000000032f0      0x5b0 build/stm32f4xx_hal_tim.o
 .debug_ranges  0x00000000000038a0      0x1b0 build/stm32f4xx_hal_tim_ex.o
 .debug_ranges  0x0000000000003a50      0x248 build/stm32f4xx_hal_uart.o
 .debug_ranges  0x0000000000003c98       0x18 build/system_stm32f4xx.o
 .debug_ranges  0x0000000000003cb0       0x30 build/list.o
 .debug_ranges  0x0000000000003ce0      0x4d0 build/queue.o
 .debug_ranges  0x00000000000041b0      0x400 build/tasks.o
 .debug_ranges  0x00000000000045b0      0x410 build/cmsis_os.o
 .debug_ranges  0x00000000000049c0       0xb8 build/port.o
 .debug_ranges  0x0000000000004a78      0x178 build/usbh_core.o
 .debug_ranges  0x0000000000004bf0       0x48 build/usbh_pipes.o
 .debug_ranges  0x0000000000004c38       0x20 build/startup_stm32f429xx.o

.debug_line     0x0000000000000000    0x2e3fe
 .debug_line    0x0000000000000000     0x1032 build/main.o
 .debug_line    0x0000000000001032      0x245 build/freertos.o
 .debug_line    0x0000000000001277      0x376 build/stm32f4xx_it.o
 .debug_line    0x00000000000015ed      0xa4b build/stm32f4xx_hal_msp.o
 .debug_line    0x0000000000002038      0x2f8 build/stm32f4xx_hal_timebase_tim.o
 .debug_line    0x0000000000002330      0xe72 build/stm32f429i_discovery.o
 .debug_line    0x00000000000031a2     0x2057 build/stm32f429i_discovery_lcd.o
 .debug_line    0x00000000000051f9      0x61e build/stm32f429i_discovery_sdram.o
 .debug_line    0x0000000000005817      0x8fc build/ili9341.o
 .debug_line    0x0000000000006113      0x86c build/usbh_conf.o
 .debug_line    0x000000000000697f     0x10f5 build/stm32f4xx_hal_hcd.o
 .debug_line    0x0000000000007a74     0x223a build/stm32f4xx_ll_usb.o
 .debug_line    0x0000000000009cae      0xc75 build/stm32f4xx_hal_rcc.o
 .debug_line    0x000000000000a923      0x9d8 build/stm32f4xx_hal_rcc_ex.o
 .debug_line    0x000000000000b2fb      0x83a build/stm32f4xx_hal_gpio.o
 .debug_line    0x000000000000bb35      0xf23 build/stm32f4xx_hal_dma.o
 .debug_line    0x000000000000ca58      0x867 build/stm32f4xx_hal_cortex.o
 .debug_line    0x000000000000d2bf      0x632 build/stm32f4xx_hal.o
 .debug_line    0x000000000000d8f1      0x3fc build/stm32f4xx_hal_crc.o
 .debug_line    0x000000000000dced     0x1490 build/stm32f4xx_hal_dma2d.o
 .debug_line    0x000000000000f17d      0xd2d build/stm32f4xx_ll_fmc.o
 .debug_line    0x000000000000feaa      0xabe build/stm32f4xx_hal_sdram.o
 .debug_line    0x0000000000010968     0x5a09 build/stm32f4xx_hal_i2c.o
 .debug_line    0x0000000000016371      0x2e5 build/stm32f4xx_hal_i2c_ex.o
 .debug_line    0x0000000000016656     0x1e7d build/stm32f4xx_hal_ltdc.o
 .debug_line    0x00000000000184d3     0x2749 build/stm32f4xx_hal_spi.o
 .debug_line    0x000000000001ac1c     0x4def build/stm32f4xx_hal_tim.o
 .debug_line    0x000000000001fa0b     0x19fb build/stm32f4xx_hal_tim_ex.o
 .debug_line    0x0000000000021406     0x474b build/stm32f4xx_hal_uart.o
 .debug_line    0x0000000000025b51      0x27d build/system_stm32f4xx.o
 .debug_line    0x0000000000025dce      0x3cb build/list.o
 .debug_line    0x0000000000026199     0x25b8 build/queue.o
 .debug_line    0x0000000000028751     0x2d3d build/tasks.o
 .debug_line    0x000000000002b48e     0x143d build/cmsis_os.o
 .debug_line    0x000000000002c8cb      0x868 build/port.o
 .debug_line    0x000000000002d133      0xf17 build/usbh_core.o
 .debug_line    0x000000000002e04a      0x33e build/usbh_pipes.o
 .debug_line    0x000000000002e388       0x76 build/startup_stm32f429xx.o

.debug_str      0x0000000000000000     0xb716
 .debug_str     0x0000000000000000     0x26f0 build/main.o
                                       0x29cb (size before relaxing)
 .debug_str     0x00000000000026f0      0x1a5 build/freertos.o
                                        0x3d6 (size before relaxing)
 .debug_str     0x0000000000002895      0x460 build/stm32f4xx_it.o
                                       0x102b (size before relaxing)
 .debug_str     0x0000000000002cf5      0x84e build/stm32f4xx_hal_msp.o
                                       0x1d5c (size before relaxing)
 .debug_str     0x0000000000003543       0xe3 build/stm32f4xx_hal_timebase_tim.o
                                        0xef2 (size before relaxing)
 .debug_str     0x0000000000003626      0x31f build/stm32f429i_discovery.o
                                       0x1476 (size before relaxing)
 .debug_str     0x0000000000003945      0x4e3 build/stm32f429i_discovery_lcd.o
                                       0x1438 (size before relaxing)
 .debug_str     0x0000000000003e28      0x163 build/stm32f429i_discovery_sdram.o
                                       0x105c (size before relaxing)
 .debug_str     0x0000000000003f8b       0x1b build/ili9341.o
                                        0x3bb (size before relaxing)
 .debug_str     0x0000000000003fa6      0xc46 build/usbh_conf.o
                                       0x1a83 (size before relaxing)
 .debug_str     0x0000000000004bec      0x332 build/stm32f4xx_hal_hcd.o
                                        0xb79 (size before relaxing)
 .debug_str     0x0000000000004f1e      0x4fc build/stm32f4xx_ll_usb.o
                                        0xcaf (size before relaxing)
 .debug_str     0x000000000000541a      0x1e2 build/stm32f4xx_hal_rcc.o
                                        0x754 (size before relaxing)
 .debug_str     0x00000000000055fc      0x130 build/stm32f4xx_hal_rcc_ex.o
                                        0x5be (size before relaxing)
 .debug_str     0x000000000000572c       0xf8 build/stm32f4xx_hal_gpio.o
                                        0x52e (size before relaxing)
 .debug_str     0x0000000000005824      0x2cf build/stm32f4xx_hal_dma.o
                                        0x7b1 (size before relaxing)
 .debug_str     0x0000000000005af3      0x4b1 build/stm32f4xx_hal_cortex.o
                                        0xccb (size before relaxing)
 .debug_str     0x0000000000005fa4      0x2a4 build/stm32f4xx_hal.o
                                        0xc47 (size before relaxing)
 .debug_str     0x0000000000006248       0x87 build/stm32f4xx_hal_crc.o
                                        0x3de (size before relaxing)
 .debug_str     0x00000000000062cf      0x321 build/stm32f4xx_hal_dma2d.o
                                        0x965 (size before relaxing)
 .debug_str     0x00000000000065f0      0x59e build/stm32f4xx_ll_fmc.o
                                        0x9e8 (size before relaxing)
 .debug_str     0x0000000000006b8e      0x1aa build/stm32f4xx_hal_sdram.o
                                        0xa81 (size before relaxing)
 .debug_str     0x0000000000006d38      0x80d build/stm32f4xx_hal_i2c.o
                                       0x1070 (size before relaxing)
 .debug_str     0x0000000000007545       0x38 build/stm32f4xx_hal_i2c_ex.o
                                        0x792 (size before relaxing)
 .debug_str     0x000000000000757d      0x23e build/stm32f4xx_hal_ltdc.o
                                        0x9ed (size before relaxing)
 .debug_str     0x00000000000077bb      0x4b7 build/stm32f4xx_hal_spi.o
                                        0xc35 (size before relaxing)
 .debug_str     0x0000000000007c72      0xdfb build/stm32f4xx_hal_tim.o
                                       0x16f4 (size before relaxing)
 .debug_str     0x0000000000008a6d      0x521 build/stm32f4xx_hal_tim_ex.o
                                        0xef5 (size before relaxing)
 .debug_str     0x0000000000008f8e      0x5d6 build/stm32f4xx_hal_uart.o
                                        0xd94 (size before relaxing)
 .debug_str     0x0000000000009564       0x47 build/system_stm32f4xx.o
                                        0x3c3 (size before relaxing)
 .debug_str     0x00000000000095ab      0x136 build/list.o
                                        0x33d (size before relaxing)
 .debug_str     0x00000000000096e1      0x8f0 build/queue.o
                                        0xc5d (size before relaxing)
 .debug_str     0x0000000000009fd1      0xa35 build/tasks.o
                                       0x1162 (size before relaxing)
 .debug_str     0x000000000000aa06      0x86a build/cmsis_os.o
                                       0x1102 (size before relaxing)
 .debug_str     0x000000000000b270      0x17d build/port.o
                                        0x4b9 (size before relaxing)
 .debug_str     0x000000000000b3ed      0x2a1 build/usbh_core.o
                                       0x129e (size before relaxing)
 .debug_str     0x000000000000b68e       0x64 build/usbh_pipes.o
                                        0xb32 (size before relaxing)
 .debug_str     0x000000000000b6f2       0x24 build/startup_stm32f429xx.o
                                         0x59 (size before relaxing)

.comment        0x0000000000000000       0x49
 .comment       0x0000000000000000       0x49 build/main.o
                                         0x4a (size before relaxing)
 .comment       0x0000000000000049       0x4a build/freertos.o
 .comment       0x0000000000000049       0x4a build/stm32f4xx_it.o
 .comment       0x0000000000000049       0x4a build/stm32f4xx_hal_msp.o
 .comment       0x0000000000000049       0x4a build/stm32f4xx_hal_timebase_tim.o
 .comment       0x0000000000000049       0x4a build/stm32f429i_discovery.o
 .comment       0x0000000000000049       0x4a build/stm32f429i_discovery_lcd.o
 .comment       0x0000000000000049       0x4a build/stm32f429i_discovery_sdram.o
 .comment       0x0000000000000049       0x4a build/ili9341.o
 .comment       0x0000000000000049       0x4a build/usbh_conf.o
 .comment       0x0000000000000049       0x4a build/stm32f4xx_hal_hcd.o
 .comment       0x0000000000000049       0x4a build/stm32f4xx_ll_usb.o
 .comment       0x0000000000000049       0x4a build/stm32f4xx_hal_rcc.o
 .comment       0x0000000000000049       0x4a build/stm32f4xx_hal_rcc_ex.o
 .comment       0x0000000000000049       0x4a build/stm32f4xx_hal_gpio.o
 .comment       0x0000000000000049       0x4a build/stm32f4xx_hal_dma.o
 .comment       0x0000000000000049       0x4a build/stm32f4xx_hal_cortex.o
 .comment       0x0000000000000049       0x4a build/stm32f4xx_hal.o
 .comment       0x0000000000000049       0x4a build/stm32f4xx_hal_crc.o
 .comment       0x0000000000000049       0x4a build/stm32f4xx_hal_dma2d.o
 .comment       0x0000000000000049       0x4a build/stm32f4xx_ll_fmc.o
 .comment       0x0000000000000049       0x4a build/stm32f4xx_hal_sdram.o
 .comment       0x0000000000000049       0x4a build/stm32f4xx_hal_i2c.o
 .comment       0x0000000000000049       0x4a build/stm32f4xx_hal_i2c_ex.o
 .comment       0x0000000000000049       0x4a build/stm32f4xx_hal_ltdc.o
 .comment       0x0000000000000049       0x4a build/stm32f4xx_hal_spi.o
 .comment       0x0000000000000049       0x4a build/stm32f4xx_hal_tim.o
 .comment       0x0000000000000049       0x4a build/stm32f4xx_hal_tim_ex.o
 .comment       0x0000000000000049       0x4a build/stm32f4xx_hal_uart.o
 .comment       0x0000000000000049       0x4a build/system_stm32f4xx.o
 .comment       0x0000000000000049       0x4a build/list.o
 .comment       0x0000000000000049       0x4a build/queue.o
 .comment       0x0000000000000049       0x4a build/tasks.o
 .comment       0x0000000000000049       0x4a build/cmsis_os.o
 .comment       0x0000000000000049       0x4a build/port.o
 .comment       0x0000000000000049       0x4a build/usbh_core.o
 .comment       0x0000000000000049       0x4a build/usbh_pipes.o

.debug_frame    0x0000000000000000     0x67d8
 .debug_frame   0x0000000000000000       0x8c build/main.o
 .debug_frame   0x000000000000008c       0x5c build/freertos.o
 .debug_frame   0x00000000000000e8       0xb0 build/stm32f4xx_it.o
 .debug_frame   0x0000000000000198      0x1f0 build/stm32f4xx_hal_msp.o
 .debug_frame   0x0000000000000388       0x58 build/stm32f4xx_hal_timebase_tim.o
 .debug_frame   0x00000000000003e0      0x35c build/stm32f429i_discovery.o
 .debug_frame   0x000000000000073c      0x618 build/stm32f429i_discovery_lcd.o
 .debug_frame   0x0000000000000d54      0x13c build/stm32f429i_discovery_sdram.o
 .debug_frame   0x0000000000000e90       0xb8 build/ili9341.o
 .debug_frame   0x0000000000000f48      0x214 build/usbh_conf.o
 .debug_frame   0x000000000000115c      0x240 build/stm32f4xx_hal_hcd.o
 .debug_frame   0x000000000000139c      0x4c8 build/stm32f4xx_ll_usb.o
 .debug_frame   0x0000000000001864      0x18c build/stm32f4xx_hal_rcc.o
 .debug_frame   0x00000000000019f0       0xf0 build/stm32f4xx_hal_rcc_ex.o
 .debug_frame   0x0000000000001ae0       0xd8 build/stm32f4xx_hal_gpio.o
 .debug_frame   0x0000000000001bb8      0x19c build/stm32f4xx_hal_dma.o
 .debug_frame   0x0000000000001d54      0x164 build/stm32f4xx_hal_cortex.o
 .debug_frame   0x0000000000001eb8      0x214 build/stm32f4xx_hal.o
 .debug_frame   0x00000000000020cc       0xb0 build/stm32f4xx_hal_crc.o
 .debug_frame   0x000000000000217c      0x3ac build/stm32f4xx_hal_dma2d.o
 .debug_frame   0x0000000000002528      0x2b8 build/stm32f4xx_ll_fmc.o
 .debug_frame   0x00000000000027e0      0x240 build/stm32f4xx_hal_sdram.o
 .debug_frame   0x0000000000002a20      0x8cc build/stm32f4xx_hal_i2c.o
 .debug_frame   0x00000000000032ec       0x3c build/stm32f4xx_hal_i2c_ex.o
 .debug_frame   0x0000000000003328      0x42c build/stm32f4xx_hal_ltdc.o
 .debug_frame   0x0000000000003754      0x630 build/stm32f4xx_hal_spi.o
 .debug_frame   0x0000000000003d84      0xabc build/stm32f4xx_hal_tim.o
 .debug_frame   0x0000000000004840      0x3d4 build/stm32f4xx_hal_tim_ex.o
 .debug_frame   0x0000000000004c14      0x61c build/stm32f4xx_hal_uart.o
 .debug_frame   0x0000000000005230       0x30 build/system_stm32f4xx.o
 .debug_frame   0x0000000000005260       0x88 build/list.o
 .debug_frame   0x00000000000052e8      0x3b8 build/queue.o
 .debug_frame   0x00000000000056a0      0x718 build/tasks.o
 .debug_frame   0x0000000000005db8      0x5e0 build/cmsis_os.o
 .debug_frame   0x0000000000006398      0x11c build/port.o
 .debug_frame   0x00000000000064b4      0x1d8 build/usbh_core.o
 .debug_frame   0x000000000000668c       0x78 build/usbh_pipes.o
 .debug_frame   0x0000000000006704       0x2c /home/irfan/Desktop/arm/gcc-arm-none-eabi-10.3-2021.10-x86_64-linux/gcc-arm-none-eabi-10.3-2021.10/bin/../lib/gcc/arm-none-eabi/10.3.1/../../../../arm-none-eabi/lib/thumb/v7e-m+fp/hard/libc_nano.a(lib_a-init.o)
 .debug_frame   0x0000000000006730       0x28 /home/irfan/Desktop/arm/gcc-arm-none-eabi-10.3-2021.10-x86_64-linux/gcc-arm-none-eabi-10.3-2021.10/bin/../lib/gcc/arm-none-eabi/10.3.1/../../../../arm-none-eabi/lib/thumb/v7e-m+fp/hard/libc_nano.a(lib_a-memcpy-stub.o)
 .debug_frame   0x0000000000006758       0x20 /home/irfan/Desktop/arm/gcc-arm-none-eabi-10.3-2021.10-x86_64-linux/gcc-arm-none-eabi-10.3-2021.10/bin/../lib/gcc/arm-none-eabi/10.3.1/../../../../arm-none-eabi/lib/thumb/v7e-m+fp/hard/libc_nano.a(lib_a-memset.o)
 .debug_frame   0x0000000000006778       0x2c /home/irfan/Desktop/arm/gcc-arm-none-eabi-10.3-2021.10-x86_64-linux/gcc-arm-none-eabi-10.3-2021.10/bin/../lib/gcc/arm-none-eabi/10.3.1/thumb/v7e-m+fp/hard/libgcc.a(_aeabi_uldivmod.o)
 .debug_frame   0x00000000000067a4       0x34 /home/irfan/Desktop/arm/gcc-arm-none-eabi-10.3-2021.10-x86_64-linux/gcc-arm-none-eabi-10.3-2021.10/bin/../lib/gcc/arm-none-eabi/10.3.1/thumb/v7e-m+fp/hard/libgcc.a(_udivmoddi4.o)

Cross Reference Table

Symbol                                            File
ADC_IRQHandler                                    build/startup_stm32f429xx.o
AHBPrescTable                                     build/system_stm32f4xx.o
                                                  build/stm32f4xx_hal_rcc.o
APBPrescTable                                     build/system_stm32f4xx.o
                                                  build/stm32f4xx_hal_rcc.o
Appli_state                                       build/usb_host.o
BSP_GetVersion                                    build/stm32f429i_discovery.o
BSP_LCD_Clear                                     build/stm32f429i_discovery_lcd.o
                                                  build/main.o
BSP_LCD_ClearStringLine                           build/stm32f429i_discovery_lcd.o
                                                  build/main.o
BSP_LCD_DisplayChar                               build/stm32f429i_discovery_lcd.o
BSP_LCD_DisplayOff                                build/stm32f429i_discovery_lcd.o
BSP_LCD_DisplayOn                                 build/stm32f429i_discovery_lcd.o
                                                  build/main.o
BSP_LCD_DisplayStringAt                           build/stm32f429i_discovery_lcd.o
BSP_LCD_DisplayStringAtLine                       build/stm32f429i_discovery_lcd.o
                                                  build/main.o
BSP_LCD_DrawBitmap                                build/stm32f429i_discovery_lcd.o
BSP_LCD_DrawCircle                                build/stm32f429i_discovery_lcd.o
                                                  build/main.o
BSP_LCD_DrawEllipse                               build/stm32f429i_discovery_lcd.o
BSP_LCD_DrawHLine                                 build/stm32f429i_discovery_lcd.o
                                                  build/main.o
BSP_LCD_DrawLine                                  build/stm32f429i_discovery_lcd.o
BSP_LCD_DrawPixel                                 build/stm32f429i_discovery_lcd.o
BSP_LCD_DrawPolygon                               build/stm32f429i_discovery_lcd.o
BSP_LCD_DrawRect                                  build/stm32f429i_discovery_lcd.o
BSP_LCD_DrawVLine                                 build/stm32f429i_discovery_lcd.o
BSP_LCD_FillCircle                                build/stm32f429i_discovery_lcd.o
BSP_LCD_FillEllipse                               build/stm32f429i_discovery_lcd.o
BSP_LCD_FillPolygon                               build/stm32f429i_discovery_lcd.o
BSP_LCD_FillRect                                  build/stm32f429i_discovery_lcd.o
BSP_LCD_FillTriangle                              build/stm32f429i_discovery_lcd.o
BSP_LCD_GetBackColor                              build/stm32f429i_discovery_lcd.o
BSP_LCD_GetFont                                   build/stm32f429i_discovery_lcd.o
BSP_LCD_GetTextColor                              build/stm32f429i_discovery_lcd.o
BSP_LCD_GetXSize                                  build/stm32f429i_discovery_lcd.o
BSP_LCD_GetYSize                                  build/stm32f429i_discovery_lcd.o
BSP_LCD_Init                                      build/stm32f429i_discovery_lcd.o
                                                  build/main.o
BSP_LCD_LayerDefaultInit                          build/stm32f429i_discovery_lcd.o
                                                  build/main.o
BSP_LCD_MspInit                                   build/stm32f429i_discovery_lcd.o
BSP_LCD_ReadPixel                                 build/stm32f429i_discovery_lcd.o
BSP_LCD_Relaod                                    build/stm32f429i_discovery_lcd.o
BSP_LCD_ResetColorKeying                          build/stm32f429i_discovery_lcd.o
BSP_LCD_ResetColorKeying_NoReload                 build/stm32f429i_discovery_lcd.o
BSP_LCD_SelectLayer                               build/stm32f429i_discovery_lcd.o
                                                  build/main.o
BSP_LCD_SetBackColor                              build/stm32f429i_discovery_lcd.o
BSP_LCD_SetColorKeying                            build/stm32f429i_discovery_lcd.o
BSP_LCD_SetColorKeying_NoReload                   build/stm32f429i_discovery_lcd.o
BSP_LCD_SetFont                                   build/stm32f429i_discovery_lcd.o
BSP_LCD_SetLayerAddress                           build/stm32f429i_discovery_lcd.o
BSP_LCD_SetLayerAddress_NoReload                  build/stm32f429i_discovery_lcd.o
BSP_LCD_SetLayerVisible                           build/stm32f429i_discovery_lcd.o
BSP_LCD_SetLayerVisible_NoReload                  build/stm32f429i_discovery_lcd.o
BSP_LCD_SetLayerWindow                            build/stm32f429i_discovery_lcd.o
BSP_LCD_SetLayerWindow_NoReload                   build/stm32f429i_discovery_lcd.o
BSP_LCD_SetTextColor                              build/stm32f429i_discovery_lcd.o
                                                  build/main.o
BSP_LCD_SetTransparency                           build/stm32f429i_discovery_lcd.o
BSP_LCD_SetTransparency_NoReload                  build/stm32f429i_discovery_lcd.o