main.c:91:5:main	32	static
main.c:202:6:SystemClock_Config	88	static
main.c:246:13:MX_CRC_Init	8	static
main.c:272:13:MX_DMA2D_Init	8	static
main.c:309:13:MX_I2C3_Init	8	static
main.c:355:13:MX_LTDC_Init	64	static
main.c:417:13:MX_SPI5_Init	8	static
main.c:455:13:MX_TIM1_Init	32	static
main.c:501:13:MX_USART1_UART_Init	8	static
main.c:530:13:MX_FMC_Init	40	static
main.c:581:13:MX_GPIO_Init	64	static
main.c:672:6:StartDefaultTask	16	static
main.c:693:6:HAL_TIM_PeriodElapsedCallback	16	static
main.c:710:6:Error_Handler	4	static,ignoring_inline_asm
