Archive member included to satisfy reference by file (symbol)

/home/irfan/Desktop/arm/gcc-arm-none-eabi-10.3-2021.10-x86_64-linux/gcc-arm-none-eabi-10.3-2021.10/bin/../lib/gcc/arm-none-eabi/10.3.1/../../../../arm-none-eabi/lib/thumb/v7e-m+fp/hard/libc_nano.a(lib_a-exit.o)
                              /home/irfan/Desktop/arm/gcc-arm-none-eabi-10.3-2021.10-x86_64-linux/gcc-arm-none-eabi-10.3-2021.10/bin/../lib/gcc/arm-none-eabi/10.3.1/../../../../arm-none-eabi/lib/thumb/v7e-m+fp/hard/crt0.o (exit)
/home/irfan/Desktop/arm/gcc-arm-none-eabi-10.3-2021.10-x86_64-linux/gcc-arm-none-eabi-10.3-2021.10/bin/../lib/gcc/arm-none-eabi/10.3.1/../../../../arm-none-eabi/lib/thumb/v7e-m+fp/hard/libc_nano.a(lib_a-impure.o)
                              /home/irfan/Desktop/arm/gcc-arm-none-eabi-10.3-2021.10-x86_64-linux/gcc-arm-none-eabi-10.3-2021.10/bin/../lib/gcc/arm-none-eabi/10.3.1/../../../../arm-none-eabi/lib/thumb/v7e-m+fp/hard/libc_nano.a(lib_a-exit.o) (_global_impure_ptr)
/home/irfan/Desktop/arm/gcc-arm-none-eabi-10.3-2021.10-x86_64-linux/gcc-arm-none-eabi-10.3-2021.10/bin/../lib/gcc/arm-none-eabi/10.3.1/../../../../arm-none-eabi/lib/thumb/v7e-m+fp/hard/libc_nano.a(lib_a-init.o)
                              /home/irfan/Desktop/arm/gcc-arm-none-eabi-10.3-2021.10-x86_64-linux/gcc-arm-none-eabi-10.3-2021.10/bin/../lib/gcc/arm-none-eabi/10.3.1/../../../../arm-none-eabi/lib/thumb/v7e-m+fp/hard/crt0.o (__libc_init_array)
/home/irfan/Desktop/arm/gcc-arm-none-eabi-10.3-2021.10-x86_64-linux/gcc-arm-none-eabi-10.3-2021.10/bin/../lib/gcc/arm-none-eabi/10.3.1/../../../../arm-none-eabi/lib/thumb/v7e-m+fp/hard/libc_nano.a(lib_a-malloc.o)
                              build/usbh_cdc.o (malloc)
/home/irfan/Desktop/arm/gcc-arm-none-eabi-10.3-2021.10-x86_64-linux/gcc-arm-none-eabi-10.3-2021.10/bin/../lib/gcc/arm-none-eabi/10.3.1/../../../../arm-none-eabi/lib/thumb/v7e-m+fp/hard/libc_nano.a(lib_a-memcpy-stub.o)
                              build/queue.o (memcpy)
/home/irfan/Desktop/arm/gcc-arm-none-eabi-10.3-2021.10-x86_64-linux/gcc-arm-none-eabi-10.3-2021.10/bin/../lib/gcc/arm-none-eabi/10.3.1/../../../../arm-none-eabi/lib/thumb/v7e-m+fp/hard/libc_nano.a(lib_a-memset.o)
                              /home/irfan/Desktop/arm/gcc-arm-none-eabi-10.3-2021.10-x86_64-linux/gcc-arm-none-eabi-10.3-2021.10/bin/../lib/gcc/arm-none-eabi/10.3.1/../../../../arm-none-eabi/lib/thumb/v7e-m+fp/hard/crt0.o (memset)
/home/irfan/Desktop/arm/gcc-arm-none-eabi-10.3-2021.10-x86_64-linux/gcc-arm-none-eabi-10.3-2021.10/bin/../lib/gcc/arm-none-eabi/10.3.1/../../../../arm-none-eabi/lib/thumb/v7e-m+fp/hard/libc_nano.a(lib_a-nano-freer.o)
                              /home/irfan/Desktop/arm/gcc-arm-none-eabi-10.3-2021.10-x86_64-linux/gcc-arm-none-eabi-10.3-2021.10/bin/../lib/gcc/arm-none-eabi/10.3.1/../../../../arm-none-eabi/lib/thumb/v7e-m+fp/hard/libc_nano.a(lib_a-malloc.o) (_free_r)
/home/irfan/Desktop/arm/gcc-arm-none-eabi-10.3-2021.10-x86_64-linux/gcc-arm-none-eabi-10.3-2021.10/bin/../lib/gcc/arm-none-eabi/10.3.1/../../../../arm-none-eabi/lib/thumb/v7e-m+fp/hard/libc_nano.a(lib_a-nano-mallocr.o)
                              /home/irfan/Desktop/arm/gcc-arm-none-eabi-10.3-2021.10-x86_64-linux/gcc-arm-none-eabi-10.3-2021.10/bin/../lib/gcc/arm-none-eabi/10.3.1/../../../../arm-none-eabi/lib/thumb/v7e-m+fp/hard/libc_nano.a(lib_a-malloc.o) (_malloc_r)
/home/irfan/Desktop/arm/gcc-arm-none-eabi-10.3-2021.10-x86_64-linux/gcc-arm-none-eabi-10.3-2021.10/bin/../lib/gcc/arm-none-eabi/10.3.1/../../../../arm-none-eabi/lib/thumb/v7e-m+fp/hard/libc_nano.a(lib_a-sbrkr.o)
                              /home/irfan/Desktop/arm/gcc-arm-none-eabi-10.3-2021.10-x86_64-linux/gcc-arm-none-eabi-10.3-2021.10/bin/../lib/gcc/arm-none-eabi/10.3.1/../../../../arm-none-eabi/lib/thumb/v7e-m+fp/hard/libc_nano.a(lib_a-nano-mallocr.o) (_sbrk_r)
/home/irfan/Desktop/arm/gcc-arm-none-eabi-10.3-2021.10-x86_64-linux/gcc-arm-none-eabi-10.3-2021.10/bin/../lib/gcc/arm-none-eabi/10.3.1/../../../../arm-none-eabi/lib/thumb/v7e-m+fp/hard/libc_nano.a(lib_a-mlock.o)
                              /home/irfan/Desktop/arm/gcc-arm-none-eabi-10.3-2021.10-x86_64-linux/gcc-arm-none-eabi-10.3-2021.10/bin/../lib/gcc/arm-none-eabi/10.3.1/../../../../arm-none-eabi/lib/thumb/v7e-m+fp/hard/libc_nano.a(lib_a-nano-freer.o) (__malloc_lock)
/home/irfan/Desktop/arm/gcc-arm-none-eabi-10.3-2021.10-x86_64-linux/gcc-arm-none-eabi-10.3-2021.10/bin/../lib/gcc/arm-none-eabi/10.3.1/../../../../arm-none-eabi/lib/thumb/v7e-m+fp/hard/libc_nano.a(lib_a-reent.o)
                              /home/irfan/Desktop/arm/gcc-arm-none-eabi-10.3-2021.10-x86_64-linux/gcc-arm-none-eabi-10.3-2021.10/bin/../lib/gcc/arm-none-eabi/10.3.1/../../../../arm-none-eabi/lib/thumb/v7e-m+fp/hard/libc_nano.a(lib_a-sbrkr.o) (errno)
/home/irfan/Desktop/arm/gcc-arm-none-eabi-10.3-2021.10-x86_64-linux/gcc-arm-none-eabi-10.3-2021.10/bin/../lib/gcc/arm-none-eabi/10.3.1/../../../../arm-none-eabi/lib/thumb/v7e-m+fp/hard/libc_nano.a(lib_a-lock.o)
[...]
Memory Configuration

Name             Origin             Length             Attributes
RAM              0x0000000020000000 0x0000000000030000 xrw
CCMRAM           0x0000000010000000 0x0000000000010000 xrw
FLASH            0x0000000008000000 0x0000000000200000 xr
*default*        0x0000000000000000 0xffffffffffffffff

Linker script and memory map

LOAD /home/irfan/Desktop/arm/gcc-arm-none-eabi-10.3-2021.10-x86_64-linux/gcc-arm-none-eabi-10.3-2021.10/bin/../lib/gcc/arm-none-eabi/10.3.1/thumb/v7e-m+fp/hard/crti.o
LOAD /home/irfan/Desktop/arm/gcc-arm-none-eabi-10.3-2021.10-x86_64-linux/gcc-arm-none-eabi-10.3-2021.10/bin/../lib/gcc/arm-none-eabi/10.3.1/thumb/v7e-m+fp/hard/crtbegin.o
LOAD /home/irfan/Desktop/arm/gcc-arm-none-eabi-10.3-2021.10-x86_64-linux/gcc-arm-none-eabi-10.3-2021.10/bin/../lib/gcc/arm-none-eabi/10.3.1/../../../../arm-none-eabi/lib/thumb/v7e-m+fp/hard/crt0.o
LOAD build/stm32f429i_discovery.o
LOAD build/stm32f429i_discovery_lcd.o
LOAD build/stm32f429i_discovery_sdram.o
LOAD build/ili9341.o
LOAD build/stm32f4xx_hal_hcd.o
LOAD build/stm32f4xx_ll_usb.o
LOAD build/stm32f4xx_hal_rcc.o
LOAD build/stm32f4xx_hal_rcc_ex.o
LOAD build/stm32f4xx_hal_flash.o
LOAD build/stm32f4xx_hal_flash_ex.o
LOAD build/stm32f4xx_hal_flash_ramfunc.o
LOAD build/stm32f4xx_hal_gpio.o
LOAD build/stm32f4xx_hal_dma_ex.o
LOAD build/stm32f4xx_hal_dma.o
LOAD build/stm32f4xx_hal_pwr.o
LOAD build/stm32f4xx_hal_pwr_ex.o
LOAD build/stm32f4xx_hal_cortex.o
LOAD build/stm32f4xx_hal.o
LOAD build/stm32f4xx_hal_exti.o
LOAD build/stm32f4xx_hal_crc.o
LOAD build/stm32f4xx_hal_dma2d.o
LOAD build/stm32f4xx_ll_fmc.o
LOAD build/stm32f4xx_hal_sdram.o
LOAD build/stm32f4xx_hal_i2c.o
LOAD build/stm32f4xx_hal_i2c_ex.o
LOAD build/stm32f4xx_hal_ltdc.o
LOAD build/stm32f4xx_hal_ltdc_ex.o
LOAD build/stm32f4xx_hal_dsi.o
LOAD build/stm32f4xx_hal_spi.o
LOAD build/stm32f4xx_hal_tim.o
LOAD build/stm32f4xx_hal_tim_ex.o
LOAD build/stm32f4xx_hal_uart.o
LOAD build/croutine.o
LOAD build/event_groups.o
LOAD build/list.o
LOAD build/queue.o
LOAD build/stream_buffer.o
LOAD build/tasks.o
LOAD build/timers.o
LOAD build/cmsis_os.o
LOAD build/heap_4.o
LOAD build/port.o
LOAD build/usbh_core.o
LOAD build/usbh_ctlreq.o
LOAD build/usbh_ioreq.o
LOAD build/usbh_pipes.o
LOAD build/usbh_cdc.o
LOAD build/main.o
LOAD build/freertos.o
LOAD build/usb_host.o
LOAD build/usbh_conf.o
LOAD build/usbh_platform.o
LOAD build/stm32f4xx_it.o
LOAD build/stm32f4xx_hal_msp.o
LOAD build/stm32f4xx_hal_timebase_tim.o
LOAD build/system_stm32f4xx.o
LOAD build/startup_stm32f429xx.o
LOAD /home/irfan/Desktop/arm/gcc-arm-none-eabi-10.3-2021.10-x86_64-linux/gcc-arm-none-eabi-10.3-2021.10/bin/../lib/gcc/arm-none-eabi/10.3.1/../../../../arm-none-eabi/lib/thumb/v7e-m+fp/hard/libc_nano.a
LOAD /home/irfan/Desktop/arm/gcc-arm-none-eabi-10.3-2021.10-x86_64-linux/gcc-arm-none-eabi-10.3-2021.10/bin/../lib/gcc/arm-none-eabi/10.3.1/../../../../arm-none-eabi/lib/thumb/v7e-m+fp/hard/libm.a
LOAD /home/irfan/Desktop/arm/gcc-arm-none-eabi-10.3-2021.10-x86_64-linux/gcc-arm-none-eabi-10.3-2021.10/bin/../lib/gcc/arm-none-eabi/10.3.1/../../../../arm-none-eabi/lib/thumb/v7e-m+fp/hard/libnosys.a
START GROUP
LOAD /home/irfan/Desktop/arm/gcc-arm-none-eabi-10.3-2021.10-x86_64-linux/gcc-arm-none-eabi-10.3-2021.10/bin/../lib/gcc/arm-none-eabi/10.3.1/thumb/v7e-m+fp/hard/libgcc.a
LOAD /home/irfan/Desktop/arm/gcc-arm-none-eabi-10.3-2021.10-x86_64-linux/gcc-arm-none-eabi-10.3-2021.10/bin/../lib/gcc/arm-none-eabi/10.3.1/../../../../arm-none-eabi/lib/thumb/v7e-m+fp/hard/libc_nano.a
END GROUP
START GROUP
LOAD /home/irfan/Desktop/arm/gcc-arm-none-eabi-10.3-2021.10-x86_64-linux/gcc-arm-none-eabi-10.3-2021.10/bin/../lib/gcc/arm-none-eabi/10.3.1/thumb/v7e-m+fp/hard/libgcc.a
LOAD /home/irfan/Desktop/arm/gcc-arm-none-eabi-10.3-2021.10-x86_64-linux/gcc-arm-none-eabi-10.3-2021.10/bin/../lib/gcc/arm-none-eabi/10.3.1/../../../../arm-none-eabi/lib/thumb/v7e-m+fp/hard/libc_nano.a
END GROUP
LOAD /home/irfan/Desktop/arm/gcc-arm-none-eabi-10.3-2021.10-x86_64-linux/gcc-arm-none-eabi-10.3-2021.10/bin/../lib/gcc/arm-none-eabi/10.3.1/thumb/v7e-m+fp/hard/crtend.o
LOAD /home/irfan/Desktop/arm/gcc-arm-none-eabi-10.3-2021.10-x86_64-linux/gcc-arm-none-eabi-10.3-2021.10/bin/../lib/gcc/arm-none-eabi/10.3.1/thumb/v7e-m+fp/hard/crtn.o
                0x0000000020030000                _estack = 0x20030000
                0x0000000000000200                _Min_Heap_Size = 0x200
                0x0000000000000400                _Min_Stack_Size = 0x400

.isr_vector     0x0000000008000000      0x1ac
                0x0000000008000000                . = ALIGN (0x4)
 *(.isr_vector)
 .isr_vector    0x0000000008000000      0x1ac build/startup_stm32f429xx.o
                0x0000000008000000                g_pfnVectors
                0x00000000080001ac                . = ALIGN (0x4)

.text           0x00000000080001b0     0x1df4
                0x00000000080001b0                . = ALIGN (0x4)
 *(.text)
 .text          0x00000000080001b0       0x40 /home/irfan/Desktop/arm/gcc-arm-none-eabi-10.3-2021.10-x86_64-linux/gcc-arm-none-eabi-10.3-2021.10/bin/../lib/gcc/arm-none-eabi/10.3.1/thumb/v7e-m+fp/hard/crtbegin.o
 *(.text*)
 .text.HCD_RXQLVL_IRQHandler
                0x00000000080001f0       0x9e build/stm32f4xx_hal_hcd.o
 .text.HCD_Port_IRQHandler
                0x000000000800028e       0xb0 build/stm32f4xx_hal_hcd.o
 .text.HCD_HC_IN_IRQHandler
                0x000000000800033e      0x324 build/stm32f4xx_hal_hcd.o
 .text.HCD_HC_OUT_IRQHandler
                0x0000000008000662      0x30a build/stm32f4xx_hal_hcd.o
 .text.HAL_HCD_IRQHandler
                0x000000000800096c      0x154 build/stm32f4xx_hal_hcd.o
                0x000000000800096c                HAL_HCD_IRQHandler
 .text.HAL_HCD_Stop
                0x0000000008000ac0       0x24 build/stm32f4xx_hal_hcd.o
                0x0000000008000ac0                HAL_HCD_Stop
 .text.USB_EnableGlobalInt
                0x0000000008000ae4        0xc build/stm32f4xx_ll_usb.o
                0x0000000008000ae4                USB_EnableGlobalInt
 .text.USB_DisableGlobalInt
                0x0000000008000af0        0xc build/stm32f4xx_ll_usb.o
                0x0000000008000af0                USB_DisableGlobalInt
 .text.USB_FlushTxFifo
                0x0000000008000afc       0x30 build/stm32f4xx_ll_usb.o
                0x0000000008000afc                USB_FlushTxFifo
 .text.USB_FlushRxFifo
                0x0000000008000b2c       0x2c build/stm32f4xx_ll_usb.o
                0x0000000008000b2c                USB_FlushRxFifo
 .text.USB_ReadPacket
                0x0000000008000b58       0x54 build/stm32f4xx_ll_usb.o
                0x0000000008000b58                USB_ReadPacket
 .text.USB_ReadInterrupts
                0x0000000008000bac        0x8 build/stm32f4xx_ll_usb.o
                0x0000000008000bac                USB_ReadInterrupts
 .text.USB_GetMode
                0x0000000008000bb4        0x8 build/stm32f4xx_ll_usb.o
                0x0000000008000bb4                USB_GetMode
 .text.USB_InitFSLSPClkSel
                0x0000000008000bbc       0x3e build/stm32f4xx_ll_usb.o
                0x0000000008000bbc                USB_InitFSLSPClkSel
 .text.USB_HC_ReadInterrupt
                0x0000000008000bfa        0xa build/stm32f4xx_ll_usb.o
                0x0000000008000bfa                USB_HC_ReadInterrupt
 .text.USB_HC_Halt
                0x0000000008000c04       0xe4 build/stm32f4xx_ll_usb.o
                0x0000000008000c04                USB_HC_Halt
 .text.USB_StopHost
                0x0000000008000ce8       0x7c build/stm32f4xx_ll_usb.o
                0x0000000008000ce8                USB_StopHost
 .text.HAL_IncTick
                0x0000000008000d64       0x18 build/stm32f4xx_hal.o
                0x0000000008000d64                HAL_IncTick
 .text.HAL_DMA2D_LineEventCallback
                0x0000000008000d7c        0x2 build/stm32f4xx_hal_dma2d.o
                0x0000000008000d7c                HAL_DMA2D_LineEventCallback
 .text.HAL_DMA2D_CLUTLoadingCpltCallback
                0x0000000008000d7e        0x2 build/stm32f4xx_hal_dma2d.o
                0x0000000008000d7e                HAL_DMA2D_CLUTLoadingCpltCallback
 .text.HAL_DMA2D_IRQHandler
                0x0000000008000d80      0x13c build/stm32f4xx_hal_dma2d.o
                0x0000000008000d80                HAL_DMA2D_IRQHandler
 .text.HAL_LTDC_ErrorCallback
                0x0000000008000ebc        0x2 build/stm32f4xx_hal_ltdc.o
                0x0000000008000ebc                HAL_LTDC_ErrorCallback
 .text.HAL_LTDC_LineEventCallback
                0x0000000008000ebe        0x2 build/stm32f4xx_hal_ltdc.o
                0x0000000008000ebe                HAL_LTDC_LineEventCallback
 .text.HAL_LTDC_ReloadEventCallback
                0x0000000008000ec0        0x2 build/stm32f4xx_hal_ltdc.o
                0x0000000008000ec0                HAL_LTDC_ReloadEventCallback
 .text.HAL_LTDC_IRQHandler
                0x0000000008000ec2       0xda build/stm32f4xx_hal_ltdc.o
                0x0000000008000ec2                HAL_LTDC_IRQHandler
 .text.HAL_TIM_OC_DelayElapsedCallback
                0x0000000008000f9c        0x2 build/stm32f4xx_hal_tim.o
                0x0000000008000f9c                HAL_TIM_OC_DelayElapsedCallback
 .text.HAL_TIM_IC_CaptureCallback
                0x0000000008000f9e        0x2 build/stm32f4xx_hal_tim.o
                0x0000000008000f9e                HAL_TIM_IC_CaptureCallback
 .text.HAL_TIM_PWM_PulseFinishedCallback
                0x0000000008000fa0        0x2 build/stm32f4xx_hal_tim.o
                0x0000000008000fa0                HAL_TIM_PWM_PulseFinishedCallback
 .text.HAL_TIM_TriggerCallback
                0x0000000008000fa2        0x2 build/stm32f4xx_hal_tim.o
                0x0000000008000fa2                HAL_TIM_TriggerCallback
 .text.HAL_TIM_IRQHandler
                0x0000000008000fa4      0x17a build/stm32f4xx_hal_tim.o
                0x0000000008000fa4                HAL_TIM_IRQHandler
 .text.HAL_TIMEx_CommutCallback
                0x000000000800111e        0x2 build/stm32f4xx_hal_tim_ex.o
                0x000000000800111e                HAL_TIMEx_CommutCallback
 .text.HAL_TIMEx_BreakCallback
                0x0000000008001120        0x2 build/stm32f4xx_hal_tim_ex.o
                0x0000000008001120                HAL_TIMEx_BreakCallback
 .text.vListInsertEnd
                0x0000000008001122       0x16 build/list.o
                0x0000000008001122                vListInsertEnd
 .text.vListInsert
                0x0000000008001138       0x32 build/list.o
                0x0000000008001138                vListInsert
 .text.uxListRemove
                0x000000000800116a       0x26 build/list.o
                0x000000000800116a                uxListRemove
 .text.prvIsQueueFull
                0x0000000008001190       0x1e build/queue.o
 .text.prvCopyDataToQueue
                0x00000000080011ae       0x76 build/queue.o
 .text.prvUnlockQueue
                0x0000000008001224       0x6e build/queue.o
 .text.xQueueGenericSend
                0x0000000008001292      0x188 build/queue.o
                0x0000000008001292                xQueueGenericSend
 .text.xQueueGenericSendFromISR
                0x000000000800141a       0xce build/queue.o
                0x000000000800141a                xQueueGenericSendFromISR
 .text.prvResetNextTaskUnblockTime
                0x00000000080014e8       0x2c build/tasks.o
 .text.prvAddCurrentTaskToDelayedList
                0x0000000008001514       0x98 build/tasks.o
 .text.vTaskSuspendAll
                0x00000000080015ac       0x10 build/tasks.o
                0x00000000080015ac                vTaskSuspendAll
 .text.xTaskIncrementTick
                0x00000000080015bc      0x118 build/tasks.o
                0x00000000080015bc                xTaskIncrementTick
 .text.xTaskResumeAll
                0x00000000080016d4       0xf8 build/tasks.o
                0x00000000080016d4                xTaskResumeAll
 .text.vTaskSwitchContext
                0x00000000080017cc       0xcc build/tasks.o
                0x00000000080017cc                vTaskSwitchContext
 .text.vTaskPlaceOnEventList
                0x0000000008001898       0x30 build/tasks.o
                0x0000000008001898                vTaskPlaceOnEventList
 .text.xTaskRemoveFromEventList
                0x00000000080018c8       0x8c build/tasks.o
                0x00000000080018c8                xTaskRemoveFromEventList
 .text.vTaskInternalSetTimeOutState
                0x0000000008001954       0x18 build/tasks.o
                0x0000000008001954                vTaskInternalSetTimeOutState
 .text.xTaskCheckForTimeOut
                0x000000000800196c       0x84 build/tasks.o
                0x000000000800196c                xTaskCheckForTimeOut
 .text.vTaskMissedYield
                0x00000000080019f0        0xc build/tasks.o
                0x00000000080019f0                vTaskMissedYield
 .text.xTaskGetSchedulerState
                0x00000000080019fc       0x20 build/tasks.o
                0x00000000080019fc                xTaskGetSchedulerState
 .text.xTaskPriorityDisinherit
                0x0000000008001a1c       0xb4 build/tasks.o
                0x0000000008001a1c                xTaskPriorityDisinherit
 .text.inHandlerMode
                0x0000000008001ad0        0xc build/cmsis_os.o
 .text.osMessagePut
                0x0000000008001adc       0x66 build/cmsis_os.o
                0x0000000008001adc                osMessagePut
 *fill*         0x0000000008001b42        0xe 
 .text.SVC_Handler
                0x0000000008001b50       0x24 build/port.o
                0x0000000008001b50                SVC_Handler
 .text.vPortEnterCritical
                0x0000000008001b74       0x44 build/port.o
                0x0000000008001b74                vPortEnterCritical
 .text.vPortExitCritical
                0x0000000008001bb8       0x2c build/port.o
                0x0000000008001bb8                vPortExitCritical
 *fill*         0x0000000008001be4        0xc 
 .text.PendSV_Handler
                0x0000000008001bf0       0x64 build/port.o
                0x0000000008001bf0                PendSV_Handler
 .text.SysTick_Handler
                0x0000000008001c54       0x2c build/port.o
                0x0000000008001c54                SysTick_Handler
 .text.vPortValidateInterruptPriority
                0x0000000008001c80       0x5c build/port.o
                0x0000000008001c80                vPortValidateInterruptPriority
 .text.USBH_HandleSof
                0x0000000008001cdc       0x1a build/usbh_core.o
 .text.USBH_LL_IncTimer
                0x0000000008001cf6       0x12 build/usbh_core.o
                0x0000000008001cf6                USBH_LL_IncTimer
 .text.USBH_LL_PortEnabled
                0x0000000008001d08       0x18 build/usbh_core.o
                0x0000000008001d08                USBH_LL_PortEnabled
 .text.USBH_LL_PortDisabled
                0x0000000008001d20        0x8 build/usbh_core.o
                0x0000000008001d20                USBH_LL_PortDisabled
 .text.USBH_LL_Connect
                0x0000000008001d28       0x24 build/usbh_core.o
                0x0000000008001d28                USBH_LL_Connect
 .text.USBH_LL_Disconnect
                0x0000000008001d4c       0x3c build/usbh_core.o
                0x0000000008001d4c                USBH_LL_Disconnect
 .text.USBH_LL_NotifyURBChange
                0x0000000008001d88       0x16 build/usbh_core.o
                0x0000000008001d88                USBH_LL_NotifyURBChange
 .text.USBH_FreePipe
                0x0000000008001d9e       0x16 build/usbh_pipes.o
                0x0000000008001d9e                USBH_FreePipe
 .text.HAL_TIM_PeriodElapsedCallback
                0x0000000008001db4       0x18 build/main.o
                0x0000000008001db4                HAL_TIM_PeriodElapsedCallback
 .text.vApplicationStackOverflowHook
                0x0000000008001dcc        0x2 build/freertos.o
                0x0000000008001dcc                vApplicationStackOverflowHook
 .text.HAL_HCD_SOF_Callback
                0x0000000008001dce        0xc build/usbh_conf.o
                0x0000000008001dce                HAL_HCD_SOF_Callback
 .text.HAL_HCD_Connect_Callback
                0x0000000008001dda        0xc build/usbh_conf.o
                0x0000000008001dda                HAL_HCD_Connect_Callback
 .text.HAL_HCD_Disconnect_Callback
                0x0000000008001de6        0xc build/usbh_conf.o
                0x0000000008001de6                HAL_HCD_Disconnect_Callback
 .text.HAL_HCD_HC_NotifyURBChange_Callback
                0x0000000008001df2        0xc build/usbh_conf.o
                0x0000000008001df2                HAL_HCD_HC_NotifyURBChange_Callback
 .text.HAL_HCD_PortEnabled_Callback
                0x0000000008001dfe        0xc build/usbh_conf.o
                0x0000000008001dfe                HAL_HCD_PortEnabled_Callback
 .text.HAL_HCD_PortDisabled_Callback
                0x0000000008001e0a        0xc build/usbh_conf.o
                0x0000000008001e0a                HAL_HCD_PortDisabled_Callback
 .text.USBH_Get_USB_Status
                0x0000000008001e16       0x14 build/usbh_conf.o
                0x0000000008001e16                USBH_Get_USB_Status
 .text.USBH_LL_Stop
                0x0000000008001e2a       0x10 build/usbh_conf.o
                0x0000000008001e2a                USBH_LL_Stop
 .text.NMI_Handler
                0x0000000008001e3a        0x2 build/stm32f4xx_it.o
                0x0000000008001e3a                NMI_Handler
 .text.HardFault_Handler
                0x0000000008001e3c        0x2 build/stm32f4xx_it.o
                0x0000000008001e3c                HardFault_Handler
 .text.MemManage_Handler
                0x0000000008001e3e        0x2 build/stm32f4xx_it.o
                0x0000000008001e3e                MemManage_Handler
 .text.BusFault_Handler
                0x0000000008001e40        0x2 build/stm32f4xx_it.o
                0x0000000008001e40                BusFault_Handler
 .text.UsageFault_Handler
                0x0000000008001e42        0x2 build/stm32f4xx_it.o
                0x0000000008001e42                UsageFault_Handler
 .text.DebugMon_Handler
                0x0000000008001e44        0x2 build/stm32f4xx_it.o
                0x0000000008001e44                DebugMon_Handler
 *fill*         0x0000000008001e46        0x2 
 .text.TIM6_DAC_IRQHandler
                0x0000000008001e48       0x10 build/stm32f4xx_it.o
                0x0000000008001e48                TIM6_DAC_IRQHandler
 .text.OTG_HS_IRQHandler
                0x0000000008001e58       0x10 build/stm32f4xx_it.o
                0x0000000008001e58                OTG_HS_IRQHandler
 .text.LTDC_IRQHandler
                0x0000000008001e68       0x10 build/stm32f4xx_it.o
                0x0000000008001e68                LTDC_IRQHandler
 .text.DMA2D_IRQHandler
                0x0000000008001e78       0x10 build/stm32f4xx_it.o
                0x0000000008001e78                DMA2D_IRQHandler
 .text.SystemInit
                0x0000000008001e88       0x4c build/system_stm32f4xx.o
                0x0000000008001e88                SystemInit
 .text.Reset_Handler
                0x0000000008001ed4       0x50 build/startup_stm32f429xx.o
                0x0000000008001ed4                Reset_Handler
 .text.Default_Handler
                0x0000000008001f24        0x2 build/startup_stm32f429xx.o
                0x0000000008001f24                RTC_Alarm_IRQHandler
                0x0000000008001f24                HASH_RNG_IRQHandler
                0x0000000008001f24                EXTI2_IRQHandler
                0x0000000008001f24                TIM8_CC_IRQHandler
                0x0000000008001f24                UART8_IRQHandler
                0x0000000008001f24                SPI4_IRQHandler
                0x0000000008001f24                TIM1_CC_IRQHandler
                0x0000000008001f24                DMA2_Stream5_IRQHandler
                0x0000000008001f24                DMA1_Stream5_IRQHandler
                0x0000000008001f24                PVD_IRQHandler
                0x0000000008001f24                SDIO_IRQHandler
                0x0000000008001f24                TAMP_STAMP_IRQHandler
                0x0000000008001f24                CAN2_RX1_IRQHandler
                0x0000000008001f24                EXTI3_IRQHandler
                0x0000000008001f24                TIM8_TRG_COM_TIM14_IRQHandler
                0x0000000008001f24                TIM1_UP_TIM10_IRQHandler
                0x0000000008001f24                TIM8_UP_TIM13_IRQHandler
                0x0000000008001f24                I2C3_ER_IRQHandler
                0x0000000008001f24                EXTI0_IRQHandler
                0x0000000008001f24                I2C2_EV_IRQHandler
                0x0000000008001f24                DMA1_Stream2_IRQHandler
                0x0000000008001f24                CAN1_RX0_IRQHandler
                0x0000000008001f24                FPU_IRQHandler
                0x0000000008001f24                OTG_HS_WKUP_IRQHandler
                0x0000000008001f24                LTDC_ER_IRQHandler
                0x0000000008001f24                CAN2_SCE_IRQHandler
                0x0000000008001f24                DMA2_Stream2_IRQHandler
                0x0000000008001f24                SPI1_IRQHandler
                0x0000000008001f24                TIM1_BRK_TIM9_IRQHandler
                0x0000000008001f24                DCMI_IRQHandler
                0x0000000008001f24                CAN2_RX0_IRQHandler
                0x0000000008001f24                DMA2_Stream3_IRQHandler
                0x0000000008001f24                USART6_IRQHandler
                0x0000000008001f24                USART3_IRQHandler
                0x0000000008001f24                CAN1_RX1_IRQHandler
                0x0000000008001f24                UART5_IRQHandler
                0x0000000008001f24                DMA2_Stream0_IRQHandler
                0x0000000008001f24                TIM4_IRQHandler
                0x0000000008001f24                I2C1_EV_IRQHandler
                0x0000000008001f24                DMA1_Stream6_IRQHandler
                0x0000000008001f24                DMA1_Stream1_IRQHandler
                0x0000000008001f24                UART4_IRQHandler
                0x0000000008001f24                TIM3_IRQHandler
                0x0000000008001f24                RCC_IRQHandler
                0x0000000008001f24                TIM8_BRK_TIM12_IRQHandler
                0x0000000008001f24                Default_Handler
                0x0000000008001f24                EXTI15_10_IRQHandler
                0x0000000008001f24                ADC_IRQHandler
                0x0000000008001f24                DMA1_Stream7_IRQHandler
                0x0000000008001f24                SPI5_IRQHandler
                0x0000000008001f24                TIM7_IRQHandler
                0x0000000008001f24                CAN2_TX_IRQHandler
                0x0000000008001f24                TIM5_IRQHandler
                0x0000000008001f24                DMA2_Stream7_IRQHandler
                0x0000000008001f24                I2C3_EV_IRQHandler
                0x0000000008001f24                EXTI9_5_IRQHandler
                0x0000000008001f24                RTC_WKUP_IRQHandler
                0x0000000008001f24                ETH_WKUP_IRQHandler
                0x0000000008001f24                SPI2_IRQHandler
                0x0000000008001f24                OTG_HS_EP1_IN_IRQHandler
                0x0000000008001f24                DMA1_Stream0_IRQHandler
                0x0000000008001f24                CAN1_TX_IRQHandler
                0x0000000008001f24                EXTI4_IRQHandler
                0x0000000008001f24                ETH_IRQHandler
                0x0000000008001f24                OTG_HS_EP1_OUT_IRQHandler
                0x0000000008001f24                WWDG_IRQHandler
                0x0000000008001f24                SPI6_IRQHandler
                0x0000000008001f24                TIM2_IRQHandler
                0x0000000008001f24                OTG_FS_WKUP_IRQHandler
                0x0000000008001f24                TIM1_TRG_COM_TIM11_IRQHandler
                0x0000000008001f24                EXTI1_IRQHandler
                0x0000000008001f24                UART7_IRQHandler
                0x0000000008001f24                USART2_IRQHandler
                0x0000000008001f24                I2C2_ER_IRQHandler
                0x0000000008001f24                DMA2_Stream1_IRQHandler
                0x0000000008001f24                CAN1_SCE_IRQHandler
                0x0000000008001f24                FLASH_IRQHandler
                0x0000000008001f24                DMA2_Stream4_IRQHandler
                0x0000000008001f24                USART1_IRQHandler
                0x0000000008001f24                OTG_FS_IRQHandler
                0x0000000008001f24                SPI3_IRQHandler
                0x0000000008001f24                DMA1_Stream4_IRQHandler
                0x0000000008001f24                I2C1_ER_IRQHandler
                0x0000000008001f24                FMC_IRQHandler
                0x0000000008001f24                DMA2_Stream6_IRQHandler
                0x0000000008001f24                SAI1_IRQHandler
                0x0000000008001f24                DMA1_Stream3_IRQHandler
 *fill*         0x0000000008001f26        0x2 
 .text.__libc_init_array
                0x0000000008001f28       0x48 /home/irfan/Desktop/arm/gcc-arm-none-eabi-10.3-2021.10-x86_64-linux/gcc-arm-none-eabi-10.3-2021.10/bin/../lib/gcc/arm-none-eabi/10.3.1/../../../../arm-none-eabi/lib/thumb/v7e-m+fp/hard/libc_nano.a(lib_a-init.o)
                0x0000000008001f28                __libc_init_array
 .text.memcpy   0x0000000008001f70       0x1c /home/irfan/Desktop/arm/gcc-arm-none-eabi-10.3-2021.10-x86_64-linux/gcc-arm-none-eabi-10.3-2021.10/bin/../lib/gcc/arm-none-eabi/10.3.1/../../../../arm-none-eabi/lib/thumb/v7e-m+fp/hard/libc_nano.a(lib_a-memcpy-stub.o)
                0x0000000008001f70                memcpy
 *(.glue_7)
 .glue_7        0x0000000008001f8c        0x0 linker stubs
 *(.glue_7t)
 .glue_7t       0x0000000008001f8c        0x0 linker stubs
 *(.eh_frame)
 .eh_frame      0x0000000008001f8c        0x0 /home/irfan/Desktop/arm/gcc-arm-none-eabi-10.3-2021.10-x86_64-linux/gcc-arm-none-eabi-10.3-2021.10/bin/../lib/gcc/arm-none-eabi/10.3.1/thumb/v7e-m+fp/hard/crtbegin.o
 *(.init)
 .init          0x0000000008001f8c        0x4 /home/irfan/Desktop/arm/gcc-arm-none-eabi-10.3-2021.10-x86_64-linux/gcc-arm-none-eabi-10.3-2021.10/bin/../lib/gcc/arm-none-eabi/10.3.1/thumb/v7e-m+fp/hard/crti.o
                0x0000000008001f8c                _init
 .init          0x0000000008001f90        0x8 /home/irfan/Desktop/arm/gcc-arm-none-eabi-10.3-2021.10-x86_64-linux/gcc-arm-none-eabi-10.3-2021.10/bin/../lib/gcc/arm-none-eabi/10.3.1/thumb/v7e-m+fp/hard/crtn.o
 *(.fini)
 .fini          0x0000000008001f98        0x4 /home/irfan/Desktop/arm/gcc-arm-none-eabi-10.3-2021.10-x86_64-linux/gcc-arm-none-eabi-10.3-2021.10/bin/../lib/gcc/arm-none-eabi/10.3.1/thumb/v7e-m+fp/hard/crti.o
                0x0000000008001f98                _fini
 .fini          0x0000000008001f9c        0x8 /home/irfan/Desktop/arm/gcc-arm-none-eabi-10.3-2021.10-x86_64-linux/gcc-arm-none-eabi-10.3-2021.10/bin/../lib/gcc/arm-none-eabi/10.3.1/thumb/v7e-m+fp/hard/crtn.o
                0x0000000008001fa4                . = ALIGN (0x4)
                0x0000000008001fa4                _etext = .

.vfp11_veneer   0x0000000008001fa4        0x0
 .vfp11_veneer  0x0000000008001fa4        0x0 linker stubs

.v4_bx          0x0000000008001fa4        0x0
 .v4_bx         0x0000000008001fa4        0x0 linker stubs

.iplt           0x0000000008001fa4        0x0
 .iplt          0x0000000008001fa4        0x0 /home/irfan/Desktop/arm/gcc-arm-none-eabi-10.3-2021.10-x86_64-linux/gcc-arm-none-eabi-10.3-2021.10/bin/../lib/gcc/arm-none-eabi/10.3.1/thumb/v7e-m+fp/hard/crtbegin.o

.rel.dyn        0x0000000008001fa4        0x0
 .rel.iplt      0x0000000008001fa4        0x0 /home/irfan/Desktop/arm/gcc-arm-none-eabi-10.3-2021.10-x86_64-linux/gcc-arm-none-eabi-10.3-2021.10/bin/../lib/gcc/arm-none-eabi/10.3.1/thumb/v7e-m+fp/hard/crtbegin.o

.rodata         0x0000000008001fa4        0x0
                0x0000000008001fa4                . = ALIGN (0x4)
 *(.rodata)
 *(.rodata*)
                0x0000000008001fa4                . = ALIGN (0x4)

.ARM.extab
 *(.ARM.extab* .gnu.linkonce.armextab.*)

.ARM            0x0000000008001fa4        0x0
                0x0000000008001fa4                __exidx_start = .
 *(.ARM.exidx*)
                0x0000000008001fa4                __exidx_end = .

.preinit_array  0x0000000008001fa4        0x0
                0x0000000008001fa4                PROVIDE (__preinit_array_start = .)
 *(.preinit_array*)
                0x0000000008001fa4                PROVIDE (__preinit_array_end = .)

.init_array     0x0000000008001fa4        0x4
                0x0000000008001fa4                PROVIDE (__init_array_start = .)
 *(SORT_BY_NAME(.init_array.*))
 *(.init_array*)
 .init_array    0x0000000008001fa4        0x4 /home/irfan/Desktop/arm/gcc-arm-none-eabi-10.3-2021.10-x86_64-linux/gcc-arm-none-eabi-10.3-2021.10/bin/../lib/gcc/arm-none-eabi/10.3.1/thumb/v7e-m+fp/hard/crtbegin.o
                0x0000000008001fa8                PROVIDE (__init_array_end = .)

.fini_array     0x0000000008001fa8        0x4
                [!provide]                        PROVIDE (__fini_array_start = .)
 *(SORT_BY_NAME(.fini_array.*))
 *(.fini_array*)
 .fini_array    0x0000000008001fa8        0x4 /home/irfan/Desktop/arm/gcc-arm-none-eabi-10.3-2021.10-x86_64-linux/gcc-arm-none-eabi-10.3-2021.10/bin/../lib/gcc/arm-none-eabi/10.3.1/thumb/v7e-m+fp/hard/crtbegin.o
                [!provide]                        PROVIDE (__fini_array_end = .)
                0x0000000008001fac                _sidata = LOADADDR (.data)

.data           0x0000000020000000        0x8 load address 0x0000000008001fac
                0x0000000020000000                . = ALIGN (0x4)
                0x0000000020000000                _sdata = .
 *(.data)
 *(.data*)
 .data.uwTickFreq
                0x0000000020000000        0x1 build/stm32f4xx_hal.o
                0x0000000020000000                uwTickFreq
 *fill*         0x0000000020000001        0x3 
 .data.uxCriticalNesting
                0x0000000020000004        0x4 build/port.o
                0x0000000020000008                . = ALIGN (0x4)
                0x0000000020000008                _edata = .
                0x0000000008001fb4                _siccmram = LOADADDR (.ccmram)

.igot.plt       0x0000000020000008        0x0 load address 0x0000000008001fb4
 .igot.plt      0x0000000020000008        0x0 /home/irfan/Desktop/arm/gcc-arm-none-eabi-10.3-2021.10-x86_64-linux/gcc-arm-none-eabi-10.3-2021.10/bin/../lib/gcc/arm-none-eabi/10.3.1/thumb/v7e-m+fp/hard/crtbegin.o

.ccmram         0x0000000010000000        0x0 load address 0x0000000008001fb4
                0x0000000010000000                . = ALIGN (0x4)
                0x0000000010000000                _sccmram = .
 *(.ccmram)
 *(.ccmram*)
                0x0000000010000000                . = ALIGN (0x4)
                0x0000000010000000                _eccmram = .
                0x0000000010000000                . = ALIGN (0x4)

.bss            0x0000000020000008      0x540
                0x0000000020000008                _sbss = .
                0x0000000020000008                __bss_start__ = _sbss
 *(.bss)
 .bss           0x0000000020000008       0x1c /home/irfan/Desktop/arm/gcc-arm-none-eabi-10.3-2021.10-x86_64-linux/gcc-arm-none-eabi-10.3-2021.10/bin/../lib/gcc/arm-none-eabi/10.3.1/thumb/v7e-m+fp/hard/crtbegin.o
 *(.bss*)
 .bss.uwTick    0x0000000020000024        0x4 build/stm32f4xx_hal.o
                0x0000000020000024                uwTick
 .bss.pxCurrentTCB
                0x0000000020000028        0x4 build/tasks.o
                0x0000000020000028                pxCurrentTCB
 .bss.pxDelayedTaskList
                0x000000002000002c        0x4 build/tasks.o
 .bss.pxOverflowDelayedTaskList
                0x0000000020000030        0x4 build/tasks.o
 .bss.pxReadyTasksLists
                0x0000000020000034       0x8c build/tasks.o
 .bss.uxCurrentNumberOfTasks
                0x00000000200000c0        0x4 build/tasks.o
 .bss.uxSchedulerSuspended
                0x00000000200000c4        0x4 build/tasks.o
 .bss.uxTopReadyPriority
                0x00000000200000c8        0x4 build/tasks.o
 .bss.xNextTaskUnblockTime
                0x00000000200000cc        0x4 build/tasks.o
 .bss.xNumOfOverflows
                0x00000000200000d0        0x4 build/tasks.o
 .bss.xPendedTicks
                0x00000000200000d4        0x4 build/tasks.o
 .bss.xPendingReadyList
                0x00000000200000d8       0x14 build/tasks.o
 .bss.xSchedulerRunning
                0x00000000200000ec        0x4 build/tasks.o
 .bss.xSuspendedTaskList
                0x00000000200000f0       0x14 build/tasks.o
 .bss.xTickCount
                0x0000000020000104        0x4 build/tasks.o
 .bss.xYieldPending
                0x0000000020000108        0x4 build/tasks.o
 .bss.ucMaxSysCallPriority
                0x000000002000010c        0x1 build/port.o
 *fill*         0x000000002000010d        0x3 
 .bss.ulMaxPRIGROUPValue
                0x0000000020000110        0x4 build/port.o
 .bss.hdma2d    0x0000000020000114       0x40 build/main.o
                0x0000000020000114                hdma2d
 .bss.hltdc     0x0000000020000154       0xa8 build/main.o
                0x0000000020000154                hltdc
 .bss.hhcd_USB_OTG_HS
                0x00000000200001fc      0x304 build/usbh_conf.o
                0x00000000200001fc                hhcd_USB_OTG_HS
 .bss.htim6     0x0000000020000500       0x48 build/stm32f4xx_hal_timebase_tim.o
                0x0000000020000500                htim6
 *(COMMON)
                0x0000000020000548                . = ALIGN (0x4)
                0x0000000020000548                _ebss = .
                0x0000000020000548                __bss_end__ = _ebss

._user_heap_stack
                0x0000000020000548      0x600
                0x0000000020000548                . = ALIGN (0x8)
                0x0000000020000548                PROVIDE (end = .)
                [!provide]                        PROVIDE (_end = .)
                0x0000000020000748                . = (. + _Min_Heap_Size)
 *fill*         0x0000000020000548      0x200 
                0x0000000020000b48                . = (. + _Min_Stack_Size)
 *fill*         0x0000000020000748      0x400 
                0x0000000020000b48                . = ALIGN (0x8)

/DISCARD/
 libc.a(*)
 libm.a(*)
 libgcc.a(*)

.ARM.attributes
                0x0000000000000000       0x30
 *(.ARM.attributes)
 .ARM.attributes
                0x0000000000000000       0x1e /home/irfan/Desktop/arm/gcc-arm-none-eabi-10.3-2021.10-x86_64-linux/gcc-arm-none-eabi-10.3-2021.10/bin/../lib/gcc/arm-none-eabi/10.3.1/thumb/v7e-m+fp/hard/crti.o
 .ARM.attributes
                0x000000000000001e       0x34 /home/irfan/Desktop/arm/gcc-arm-none-eabi-10.3-2021.10-x86_64-linux/gcc-arm-none-eabi-10.3-2021.10/bin/../lib/gcc/arm-none-eabi/10.3.1/thumb/v7e-m+fp/hard/crtbegin.o
 .ARM.attributes
                0x0000000000000052       0x34 build/stm32f4xx_hal_hcd.o
 .ARM.attributes
                0x0000000000000086       0x34 build/stm32f4xx_ll_usb.o
 .ARM.attributes
                0x00000000000000ba       0x34 build/stm32f4xx_hal.o
 .ARM.attributes
                0x00000000000000ee       0x34 build/stm32f4xx_hal_dma2d.o
 .ARM.attributes
                0x0000000000000122       0x34 build/stm32f4xx_hal_ltdc.o
 .ARM.attributes
                0x0000000000000156       0x34 build/stm32f4xx_hal_tim.o
 .ARM.attributes
                0x000000000000018a       0x34 build/stm32f4xx_hal_tim_ex.o
 .ARM.attributes
                0x00000000000001be       0x34 build/list.o
 .ARM.attributes
                0x00000000000001f2       0x34 build/queue.o
 .ARM.attributes
                0x0000000000000226       0x34 build/tasks.o
 .ARM.attributes
                0x000000000000025a       0x34 build/cmsis_os.o
 .ARM.attributes
                0x000000000000028e       0x34 build/port.o
 .ARM.attributes
                0x00000000000002c2       0x34 build/usbh_core.o
 .ARM.attributes
                0x00000000000002f6       0x34 build/usbh_pipes.o
 .ARM.attributes
                0x000000000000032a       0x34 build/main.o
 .ARM.attributes
                0x000000000000035e       0x34 build/freertos.o
 .ARM.attributes
                0x0000000000000392       0x34 build/usbh_conf.o
 .ARM.attributes
                0x00000000000003c6       0x34 build/stm32f4xx_it.o
 .ARM.attributes
                0x00000000000003fa       0x34 build/stm32f4xx_hal_timebase_tim.o
 .ARM.attributes
                0x000000000000042e       0x34 build/system_stm32f4xx.o
 .ARM.attributes
                0x0000000000000462       0x21 build/startup_stm32f429xx.o
 .ARM.attributes
                0x0000000000000483       0x34 /home/irfan/Desktop/arm/gcc-arm-none-eabi-10.3-2021.10-x86_64-linux/gcc-arm-none-eabi-10.3-2021.10/bin/../lib/gcc/arm-none-eabi/10.3.1/../../../../arm-none-eabi/lib/thumb/v7e-m+fp/hard/libc_nano.a(lib_a-init.o)
 .ARM.attributes
                0x00000000000004b7       0x34 /home/irfan/Desktop/arm/gcc-arm-none-eabi-10.3-2021.10-x86_64-linux/gcc-arm-none-eabi-10.3-2021.10/bin/../lib/gcc/arm-none-eabi/10.3.1/../../../../arm-none-eabi/lib/thumb/v7e-m+fp/hard/libc_nano.a(lib_a-memcpy-stub.o)
 .ARM.attributes
                0x00000000000004eb       0x1e /home/irfan/Desktop/arm/gcc-arm-none-eabi-10.3-2021.10-x86_64-linux/gcc-arm-none-eabi-10.3-2021.10/bin/../lib/gcc/arm-none-eabi/10.3.1/thumb/v7e-m+fp/hard/crtn.o
OUTPUT(build/DISC_TFT.elf elf32-littlearm)
LOAD linker stubs
LOAD /home/irfan/Desktop/arm/gcc-arm-none-eabi-10.3-2021.10-x86_64-linux/gcc-arm-none-eabi-10.3-2021.10/bin/../lib/gcc/arm-none-eabi/10.3.1/../../../../arm-none-eabi/lib/thumb/v7e-m+fp/hard/libc.a
LOAD /home/irfan/Desktop/arm/gcc-arm-none-eabi-10.3-2021.10-x86_64-linux/gcc-arm-none-eabi-10.3-2021.10/bin/../lib/gcc/arm-none-eabi/10.3.1/../../../../arm-none-eabi/lib/thumb/v7e-m+fp/hard/libm.a
LOAD /home/irfan/Desktop/arm/gcc-arm-none-eabi-10.3-2021.10-x86_64-linux/gcc-arm-none-eabi-10.3-2021.10/bin/../lib/gcc/arm-none-eabi/10.3.1/thumb/v7e-m+fp/hard/libgcc.a

.debug_info     0x0000000000000000    0x1e641
 .debug_info    0x0000000000000000     0x15ec build/stm32f4xx_hal_hcd.o
 .debug_info    0x00000000000015ec     0x20a8 build/stm32f4xx_ll_usb.o
 .debug_info    0x0000000000003694      0xb55 build/stm32f4xx_hal.o
 .debug_info    0x00000000000041e9     0x1416 build/stm32f4xx_hal_dma2d.o
 .debug_info    0x00000000000055ff     0x1689 build/stm32f4xx_hal_ltdc.o
 .debug_info    0x0000000000006c88     0x4062 build/stm32f4xx_hal_tim.o
 .debug_info    0x000000000000acea     0x1c6a build/stm32f4xx_hal_tim_ex.o
 .debug_info    0x000000000000c954      0x30f build/list.o
 .debug_info    0x000000000000cc63     0x26ed build/queue.o
 .debug_info    0x000000000000f350     0x2deb build/tasks.o
 .debug_info    0x000000000001213b     0x2505 build/cmsis_os.o
 .debug_info    0x0000000000014640      0x5c8 build/port.o
 .debug_info    0x0000000000014c08     0x1fa4 build/usbh_core.o
 .debug_info    0x0000000000016bac      0xcd1 build/usbh_pipes.o
 .debug_info    0x000000000001787d     0x1fc9 build/main.o
 .debug_info    0x0000000000019846      0x33c build/freertos.o
 .debug_info    0x0000000000019b82     0x221f build/usbh_conf.o
 .debug_info    0x000000000001bda1     0x1500 build/stm32f4xx_it.o
 .debug_info    0x000000000001d2a1      0xda9 build/stm32f4xx_hal_timebase_tim.o
 .debug_info    0x000000000001e04a      0x5d5 build/system_stm32f4xx.o
 .debug_info    0x000000000001e61f       0x22 build/startup_stm32f429xx.o

.debug_abbrev   0x0000000000000000     0x3243
 .debug_abbrev  0x0000000000000000      0x2b8 build/stm32f4xx_hal_hcd.o
 .debug_abbrev  0x00000000000002b8      0x2f9 build/stm32f4xx_ll_usb.o
 .debug_abbrev  0x00000000000005b1      0x209 build/stm32f4xx_hal.o
 .debug_abbrev  0x00000000000007ba      0x285 build/stm32f4xx_hal_dma2d.o
 .debug_abbrev  0x0000000000000a3f      0x255 build/stm32f4xx_hal_ltdc.o
 .debug_abbrev  0x0000000000000c94      0x282 build/stm32f4xx_hal_tim.o
 .debug_abbrev  0x0000000000000f16      0x298 build/stm32f4xx_hal_tim_ex.o
 .debug_abbrev  0x00000000000011ae      0x124 build/list.o
 .debug_abbrev  0x00000000000012d2      0x3c4 build/queue.o
 .debug_abbrev  0x0000000000001696      0x3a3 build/tasks.o
 .debug_abbrev  0x0000000000001a39      0x37d build/cmsis_os.o
 .debug_abbrev  0x0000000000001db6      0x28a build/port.o
 .debug_abbrev  0x0000000000002040      0x410 build/usbh_core.o
 .debug_abbrev  0x0000000000002450      0x28d build/usbh_pipes.o
 .debug_abbrev  0x00000000000026dd      0x240 build/main.o
 .debug_abbrev  0x000000000000291d       0xef build/freertos.o
 .debug_abbrev  0x0000000000002a0c      0x35c build/usbh_conf.o
 .debug_abbrev  0x0000000000002d68      0x1bf build/stm32f4xx_it.o
 .debug_abbrev  0x0000000000002f27      0x1ef build/stm32f4xx_hal_timebase_tim.o
 .debug_abbrev  0x0000000000003116      0x11b build/system_stm32f4xx.o
 .debug_abbrev  0x0000000000003231       0x12 build/startup_stm32f429xx.o

.debug_loc      0x0000000000000000    0x17119
 .debug_loc     0x0000000000000000     0x147c build/stm32f4xx_hal_hcd.o
 .debug_loc     0x000000000000147c     0x2a0e build/stm32f4xx_ll_usb.o
 .debug_loc     0x0000000000003e8a      0x1e1 build/stm32f4xx_hal.o
 .debug_loc     0x000000000000406b     0x16ea build/stm32f4xx_hal_dma2d.o
 .debug_loc     0x0000000000005755     0x1bbf build/stm32f4xx_hal_ltdc.o
 .debug_loc     0x0000000000007314     0x5bbc build/stm32f4xx_hal_tim.o
 .debug_loc     0x000000000000ced0     0x2137 build/stm32f4xx_hal_tim_ex.o
 .debug_loc     0x000000000000f007       0xe5 build/list.o
 .debug_loc     0x000000000000f0ec     0x1da9 build/queue.o
 .debug_loc     0x0000000000010e95     0x269f build/tasks.o
 .debug_loc     0x0000000000013534     0x1bc6 build/cmsis_os.o
 .debug_loc     0x00000000000150fa      0x1c0 build/port.o
 .debug_loc     0x00000000000152ba      0xc4b build/usbh_core.o
 .debug_loc     0x0000000000015f05      0x26e build/usbh_pipes.o
 .debug_loc     0x0000000000016173       0xe0 build/main.o
 .debug_loc     0x0000000000016253      0xc32 build/usbh_conf.o
 .debug_loc     0x0000000000016e85       0x80 build/stm32f4xx_it.o
 .debug_loc     0x0000000000016f05       0xbc build/stm32f4xx_hal_timebase_tim.o
 .debug_loc     0x0000000000016fc1      0x158 build/system_stm32f4xx.o

.debug_aranges  0x0000000000000000     0x1410
 .debug_aranges
                0x0000000000000000       0xf8 build/stm32f4xx_hal_hcd.o
 .debug_aranges
                0x00000000000000f8      0x198 build/stm32f4xx_ll_usb.o
 .debug_aranges
                0x0000000000000290      0x100 build/stm32f4xx_hal.o
 .debug_aranges
                0x0000000000000390      0x118 build/stm32f4xx_hal_dma2d.o
 .debug_aranges
                0x00000000000004a8      0x158 build/stm32f4xx_hal_ltdc.o
 .debug_aranges
                0x0000000000000600      0x3d0 build/stm32f4xx_hal_tim.o
 .debug_aranges
                0x00000000000009d0      0x168 build/stm32f4xx_hal_tim_ex.o
 .debug_aranges
                0x0000000000000b38       0x40 build/list.o
 .debug_aranges
                0x0000000000000b78      0x128 build/queue.o
 .debug_aranges
                0x0000000000000ca0      0x1d8 build/tasks.o
 .debug_aranges
                0x0000000000000e78      0x1d8 build/cmsis_os.o
 .debug_aranges
                0x0000000000001050       0x80 build/port.o
 .debug_aranges
                0x00000000000010d0       0xd0 build/usbh_core.o
 .debug_aranges
                0x00000000000011a0       0x40 build/usbh_pipes.o
 .debug_aranges
                0x00000000000011e0       0x38 build/main.o
 .debug_aranges
                0x0000000000001218       0x38 build/freertos.o
 .debug_aranges
                0x0000000000001250       0xd8 build/usbh_conf.o
 .debug_aranges
                0x0000000000001328       0x68 build/stm32f4xx_it.o
 .debug_aranges
                0x0000000000001390       0x30 build/stm32f4xx_hal_timebase_tim.o
 .debug_aranges
                0x00000000000013c0       0x28 build/system_stm32f4xx.o
 .debug_aranges
                0x00000000000013e8       0x28 build/startup_stm32f429xx.o

.debug_ranges   0x0000000000000000     0x1490
 .debug_ranges  0x0000000000000000       0xe8 build/stm32f4xx_hal_hcd.o
 .debug_ranges  0x00000000000000e8      0x188 build/stm32f4xx_ll_usb.o
 .debug_ranges  0x0000000000000270       0xf0 build/stm32f4xx_hal.o
 .debug_ranges  0x0000000000000360      0x108 build/stm32f4xx_hal_dma2d.o
 .debug_ranges  0x0000000000000468      0x148 build/stm32f4xx_hal_ltdc.o
 .debug_ranges  0x00000000000005b0      0x3c0 build/stm32f4xx_hal_tim.o
 .debug_ranges  0x0000000000000970      0x158 build/stm32f4xx_hal_tim_ex.o
 .debug_ranges  0x0000000000000ac8       0x30 build/list.o
 .debug_ranges  0x0000000000000af8      0x1e8 build/queue.o
 .debug_ranges  0x0000000000000ce0      0x2a8 build/tasks.o
 .debug_ranges  0x0000000000000f88      0x1c8 build/cmsis_os.o
 .debug_ranges  0x0000000000001150       0x88 build/port.o
 .debug_ranges  0x00000000000011d8       0xc0 build/usbh_core.o
 .debug_ranges  0x0000000000001298       0x30 build/usbh_pipes.o
 .debug_ranges  0x00000000000012c8       0x28 build/main.o
 .debug_ranges  0x00000000000012f0       0x28 build/freertos.o
 .debug_ranges  0x0000000000001318       0xc8 build/usbh_conf.o
 .debug_ranges  0x00000000000013e0       0x58 build/stm32f4xx_it.o
 .debug_ranges  0x0000000000001438       0x20 build/stm32f4xx_hal_timebase_tim.o
 .debug_ranges  0x0000000000001458       0x18 build/system_stm32f4xx.o
 .debug_ranges  0x0000000000001470       0x20 build/startup_stm32f429xx.o

.debug_line     0x0000000000000000    0x15890
 .debug_line    0x0000000000000000     0x1126 build/stm32f4xx_hal_hcd.o
 .debug_line    0x0000000000001126     0x1ced build/stm32f4xx_ll_usb.o
 .debug_line    0x0000000000002e13      0x5fd build/stm32f4xx_hal.o
 .debug_line    0x0000000000003410     0x1247 build/stm32f4xx_hal_dma2d.o
 .debug_line    0x0000000000004657     0x1978 build/stm32f4xx_hal_ltdc.o
 .debug_line    0x0000000000005fcf     0x4b08 build/stm32f4xx_hal_tim.o
 .debug_line    0x000000000000aad7     0x1d2a build/stm32f4xx_hal_tim_ex.o
 .debug_line    0x000000000000c801      0x3b9 build/list.o
 .debug_line    0x000000000000cbba     0x1f78 build/queue.o
 .debug_line    0x000000000000eb32     0x27fc build/tasks.o
 .debug_line    0x000000000001132e     0x1252 build/cmsis_os.o
 .debug_line    0x0000000000012580      0x765 build/port.o
 .debug_line    0x0000000000012ce5      0xff8 build/usbh_core.o
 .debug_line    0x0000000000013cdd      0x34a build/usbh_pipes.o
 .debug_line    0x0000000000014027      0x497 build/main.o
 .debug_line    0x00000000000144be      0x24c build/freertos.o
 .debug_line    0x000000000001470a      0x7df build/usbh_conf.o
 .debug_line    0x0000000000014ee9      0x36f build/stm32f4xx_it.o
 .debug_line    0x0000000000015258      0x2df build/stm32f4xx_hal_timebase_tim.o
 .debug_line    0x0000000000015537      0x2e3 build/system_stm32f4xx.o
 .debug_line    0x000000000001581a       0x76 build/startup_stm32f429xx.o

.debug_str      0x0000000000000000     0x7933
 .debug_str     0x0000000000000000      0xa6f build/stm32f4xx_hal_hcd.o
                                        0xb26 (size before relaxing)
 .debug_str     0x0000000000000a6f      0x51b build/stm32f4xx_ll_usb.o
                                        0xc5c (size before relaxing)
 .debug_str     0x0000000000000f8a      0xa1f build/stm32f4xx_hal.o
                                        0xbf4 (size before relaxing)
 .debug_str     0x00000000000019a9      0x58c build/stm32f4xx_hal_dma2d.o
                                        0x912 (size before relaxing)
 .debug_str     0x0000000000001f35      0x709 build/stm32f4xx_hal_ltdc.o
                                        0x99a (size before relaxing)
 .debug_str     0x000000000000263e     0x137a build/stm32f4xx_hal_tim.o
                                       0x16a1 (size before relaxing)
 .debug_str     0x00000000000039b8      0x591 build/stm32f4xx_hal_tim_ex.o
                                        0xea2 (size before relaxing)
 .debug_str     0x0000000000003f49      0x14d build/list.o
                                        0x2ea (size before relaxing)
 .debug_str     0x0000000000004096      0x947 build/queue.o
                                        0xc0a (size before relaxing)
 .debug_str     0x00000000000049dd      0xb35 build/tasks.o
                                       0x110f (size before relaxing)
 .debug_str     0x0000000000005512      0x8c3 build/cmsis_os.o
                                       0x10af (size before relaxing)
 .debug_str     0x0000000000005dd5      0x17d build/port.o
                                        0x466 (size before relaxing)
 .debug_str     0x0000000000005f52      0xb37 build/usbh_core.o
                                       0x1233 (size before relaxing)
 .debug_str     0x0000000000006a89       0x95 build/usbh_pipes.o
                                        0xadf (size before relaxing)
 .debug_str     0x0000000000006b1e      0x989 build/main.o
                                       0x165b (size before relaxing)
 .debug_str     0x00000000000074a7       0x78 build/freertos.o
                                        0x37e (size before relaxing)
 .debug_str     0x000000000000751f      0x20c build/usbh_conf.o
                                       0x1a24 (size before relaxing)
 .debug_str     0x000000000000772b       0xa4 build/stm32f4xx_it.o
                                        0xfd3 (size before relaxing)
 .debug_str     0x00000000000077cf       0x7d build/stm32f4xx_hal_timebase_tim.o
                                        0xe9a (size before relaxing)
 .debug_str     0x000000000000784c       0xc3 build/system_stm32f4xx.o
                                        0x36b (size before relaxing)
 .debug_str     0x000000000000790f       0x24 build/startup_stm32f429xx.o
                                         0x52 (size before relaxing)

.comment        0x0000000000000000       0x49
 .comment       0x0000000000000000       0x49 build/stm32f4xx_hal_hcd.o
                                         0x4a (size before relaxing)
 .comment       0x0000000000000049       0x4a build/stm32f4xx_ll_usb.o
 .comment       0x0000000000000049       0x4a build/stm32f4xx_hal.o
 .comment       0x0000000000000049       0x4a build/stm32f4xx_hal_dma2d.o
 .comment       0x0000000000000049       0x4a build/stm32f4xx_hal_ltdc.o
 .comment       0x0000000000000049       0x4a build/stm32f4xx_hal_tim.o
 .comment       0x0000000000000049       0x4a build/stm32f4xx_hal_tim_ex.o
 .comment       0x0000000000000049       0x4a build/list.o
 .comment       0x0000000000000049       0x4a build/queue.o
 .comment       0x0000000000000049       0x4a build/tasks.o
 .comment       0x0000000000000049       0x4a build/cmsis_os.o
 .comment       0x0000000000000049       0x4a build/port.o
 .comment       0x0000000000000049       0x4a build/usbh_core.o
 .comment       0x0000000000000049       0x4a build/usbh_pipes.o
 .comment       0x0000000000000049       0x4a build/main.o
 .comment       0x0000000000000049       0x4a build/freertos.o
 .comment       0x0000000000000049       0x4a build/usbh_conf.o
 .comment       0x0000000000000049       0x4a build/stm32f4xx_it.o
 .comment       0x0000000000000049       0x4a build/stm32f4xx_hal_timebase_tim.o
 .comment       0x0000000000000049       0x4a build/system_stm32f4xx.o

.debug_frame    0x0000000000000000     0x3798
 .debug_frame   0x0000000000000000      0x2a8 build/stm32f4xx_hal_hcd.o
 .debug_frame   0x00000000000002a8      0x470 build/stm32f4xx_ll_usb.o
 .debug_frame   0x0000000000000718      0x20c build/stm32f4xx_hal.o
 .debug_frame   0x0000000000000924      0x358 build/stm32f4xx_hal_dma2d.o
 .debug_frame   0x0000000000000c7c      0x39c build/stm32f4xx_hal_ltdc.o
 .debug_frame   0x0000000000001018      0xb0c build/stm32f4xx_hal_tim.o
 .debug_frame   0x0000000000001b24      0x40c build/stm32f4xx_hal_tim_ex.o
 .debug_frame   0x0000000000001f30       0x70 build/list.o
 .debug_frame   0x0000000000001fa0      0x3e0 build/queue.o
 .debug_frame   0x0000000000002380      0x5f0 build/tasks.o
 .debug_frame   0x0000000000002970      0x5b0 build/cmsis_os.o
 .debug_frame   0x0000000000002f20      0x110 build/port.o
 .debug_frame   0x0000000000003030      0x22c build/usbh_core.o
 .debug_frame   0x000000000000325c       0x84 build/usbh_pipes.o
 .debug_frame   0x00000000000032e0       0x70 build/main.o
 .debug_frame   0x0000000000003350       0x50 build/freertos.o
 .debug_frame   0x00000000000033a0      0x254 build/usbh_conf.o
 .debug_frame   0x00000000000035f4       0xd0 build/stm32f4xx_it.o
 .debug_frame   0x00000000000036c4       0x50 build/stm32f4xx_hal_timebase_tim.o
 .debug_frame   0x0000000000003714       0x30 build/system_stm32f4xx.o
 .debug_frame   0x0000000000003744       0x2c /home/irfan/Desktop/arm/gcc-arm-none-eabi-10.3-2021.10-x86_64-linux/gcc-arm-none-eabi-10.3-2021.10/bin/../lib/gcc/arm-none-eabi/10.3.1/../../../../arm-none-eabi/lib/thumb/v7e-m+fp/hard/libc_nano.a(lib_a-init.o)
 .debug_frame   0x0000000000003770       0x28 /home/irfan/Desktop/arm/gcc-arm-none-eabi-10.3-2021.10-x86_64-linux/gcc-arm-none-eabi-10.3-2021.10/bin/../lib/gcc/arm-none-eabi/10.3.1/../../../../arm-none-eabi/lib/thumb/v7e-m+fp/hard/libc_nano.a(lib_a-memcpy-stub.o)

Cross Reference Table

Symbol                                            File
ADC_IRQHandler                                    build/startup_stm32f429xx.o
AHBPrescTable                                     build/system_stm32f4xx.o
                                                  build/stm32f4xx_hal_rcc.o
APBPrescTable                                     build/system_stm32f4xx.o
                                                  build/stm32f4xx_hal_rcc.o
Appli_state                                       build/usb_host.o
BSP_GetVersion                                    build/stm32f429i_discovery.o
BSP_LCD_Clear                                     build/stm32f429i_discovery_lcd.o
BSP_LCD_ClearStringLine                           build/stm32f429i_discovery_lcd.o
BSP_LCD_DisplayChar                               build/stm32f429i_discovery_lcd.o
BSP_LCD_DisplayOff                                build/stm32f429i_discovery_lcd.o
BSP_LCD_DisplayOn                                 build/stm32f429i_discovery_lcd.o
BSP_LCD_DisplayStringAt                           build/stm32f429i_discovery_lcd.o
BSP_LCD_DisplayStringAtLine                       build/stm32f429i_discovery_lcd.o
BSP_LCD_DrawBitmap                                build/stm32f429i_discovery_lcd.o
BSP_LCD_DrawCircle                                build/stm32f429i_discovery_lcd.o
BSP_LCD_DrawEllipse                               build/stm32f429i_discovery_lcd.o
BSP_LCD_DrawHLine                                 build/stm32f429i_discovery_lcd.o
BSP_LCD_DrawLine                                  build/stm32f429i_discovery_lcd.o
BSP_LCD_DrawPixel                                 build/stm32f429i_discovery_lcd.o
BSP_LCD_DrawPolygon                               build/stm32f429i_discovery_lcd.o
BSP_LCD_DrawRect                                  build/stm32f429i_discovery_lcd.o
BSP_LCD_DrawVLine                                 build/stm32f429i_discovery_lcd.o
BSP_LCD_FillCircle                                build/stm32f429i_discovery_lcd.o
BSP_LCD_FillEllipse                               build/stm32f429i_discovery_lcd.o
BSP_LCD_FillPolygon                               build/stm32f429i_discovery_lcd.o
BSP_LCD_FillRect                                  build/stm32f429i_discovery_lcd.o
BSP_LCD_FillTriangle                              build/stm32f429i_discovery_lcd.o
BSP_LCD_GetBackColor                              build/stm32f429i_discovery_lcd.o
BSP_LCD_GetFont                                   build/stm32f429i_discovery_lcd.o
BSP_LCD_GetTextColor                              build/stm32f429i_discovery_lcd.o
BSP_LCD_GetXSize                                  build/stm32f429i_discovery_lcd.o
BSP_LCD_GetYSize                                  build/stm32f429i_discovery_lcd.o
BSP_LCD_Init                                      build/stm32f429i_discovery_lcd.o
BSP_LCD_LayerDefaultInit                          build/stm32f429i_discovery_lcd.o
BSP_LCD_MspInit                                   build/stm32f429i_discovery_lcd.o
BSP_LCD_ReadPixel                                 build/stm32f429i_discovery_lcd.o
BSP_LCD_Relaod                                    build/stm32f429i_discovery_lcd.o
BSP_LCD_ResetColorKeying                          build/stm32f429i_discovery_lcd.o
BSP_LCD_ResetColorKeying_NoReload                 build/stm32f429i_discovery_lcd.o
BSP_LCD_SelectLayer                               build/stm32f429i_discovery_lcd.o
BSP_LCD_SetBackColor                              build/stm32f429i_discovery_lcd.o
BSP_LCD_SetColorKeying                            build/stm32f429i_discovery_lcd.o
BSP_LCD_SetColorKeying_NoReload                   build/stm32f429i_discovery_lcd.o
BSP_LCD_SetFont                                   build/stm32f429i_discovery_lcd.o
BSP_LCD_SetLayerAddress                           build/stm32f429i_discovery_lcd.o
BSP_LCD_SetLayerAddress_NoReload                  build/stm32f429i_discovery_lcd.o
BSP_LCD_SetLayerVisible                           build/stm32f429i_discovery_lcd.o
BSP_LCD_SetLayerVisible_NoReload                  build/stm32f429i_discovery_lcd.o
BSP_LCD_SetLayerWindow                            build/stm32f429i_discovery_lcd.o
BSP_LCD_SetLayerWindow_NoReload                   build/stm32f429i_discovery_lcd.o
BSP_LCD_SetTextColor                              build/stm32f429i_discovery_lcd.o
BSP_LCD_SetTransparency                           build/stm32f429i_discovery_lcd.o
BSP_LCD_SetTransparency_NoReload                  build/stm32f429i_discovery_lcd.o
BSP_LED_Init                                      build/stm32f429i_discovery.o
BSP_LED_Off                                       build/stm32f429i_discovery.o
BSP_LED_On                                        build/stm32f429i_discovery.o
BSP_LED_Toggle                                    build/stm32f429i_discovery.o
BSP_PB_GetState                                   build/stm32f429i_discovery.o
BSP_PB_Init                                       build/stm32f429i_discovery.o
BSP_SDRAM_DMA_IRQHandler                          build/stm32f429i_discovery_sdram.o
BSP_SDRAM_Init                                    build/stm32f429i_discovery_sdram.o
                                                  build/stm32f429i_discovery_lcd.o
BSP_SDRAM_Initialization_sequence                 build/stm32f429i_discovery_sdram.o
BSP_SDRAM_MspDeInit                               build/stm32f429i_discovery_sdram.o
BSP_SDRAM_MspInit                                 build/stm32f429i_discovery_sdram.o
BSP_SDRAM_ReadData                                build/stm32f429i_discovery_sdram.o
BSP_SDRAM_ReadData_DMA                            build/stm32f429i_discovery_sdram.o
BSP_SDRAM_Sendcmd                                 build/stm32f429i_discovery_sdram.o
BSP_SDRAM_WriteData                               build/stm32f429i_discovery_sdram.o
BSP_SDRAM_WriteData_DMA                           build/stm32f429i_discovery_sdram.o
BUTTON_IRQn                                       build/stm32f429i_discovery.o
BUTTON_PIN                                        build/stm32f429i_discovery.o
BUTTON_PORT                                       build/stm32f429i_discovery.o
BusFault_Handler                                  build/stm32f4xx_it.o
CAN1_RX0_IRQHandler                               build/startup_stm32f429xx.o
CAN1_RX1_IRQHandler                               build/startup_stm32f429xx.o
CAN1_SCE_IRQHandler                               build/startup_stm32f429xx.o
CAN1_TX_IRQHandler                                build/startup_stm32f429xx.o
CAN2_RX0_IRQHandler                               build/startup_stm32f429xx.o
CAN2_RX1_IRQHandler                               build/startup_stm32f429xx.o
CAN2_SCE_IRQHandler                               build/startup_stm32f429xx.o
CAN2_TX_IRQHandler                                build/startup_stm32f429xx.o
CDC_Class                                         build/usbh_cdc.o
                                                  build/usb_host.o
DCMI_IRQHandler                                   build/startup_stm32f429xx.o
DMA1_Stream0_IRQHandler                           build/startup_stm32f429xx.o
DMA1_Stream1_IRQHandler                           build/startup_stm32f429xx.o
DMA1_Stream2_IRQHandler                           build/startup_stm32f429xx.o
DMA1_Stream3_IRQHandler                           build/startup_stm32f429xx.o
DMA1_Stream4_IRQHandler                           build/startup_stm32f429xx.o
DMA1_Stream5_IRQHandler                           build/startup_stm32f429xx.o
DMA1_Stream6_IRQHandler                           build/startup_stm32f429xx.o
DMA1_Stream7_IRQHandler                           build/startup_stm32f429xx.o
DMA2D_IRQHandler                                  build/stm32f4xx_it.o
DMA2_Stream0_IRQHandler                           build/startup_stm32f429xx.o
DMA2_Stream1_IRQHandler                           build/startup_stm32f429xx.o
DMA2_Stream2_IRQHandler                           build/startup_stm32f429xx.o
DMA2_Stream3_IRQHandler                           build/startup_stm32f429xx.o
DMA2_Stream4_IRQHandler                           build/startup_stm32f429xx.o
DMA2_Stream5_IRQHandler                           build/startup_stm32f429xx.o
DMA2_Stream6_IRQHandler                           build/startup_stm32f429xx.o
DMA2_Stream7_IRQHandler                           build/startup_stm32f429xx.o
DebugMon_Handler                                  build/stm32f4xx_it.o
Default_Handler                                   build/startup_stm32f429xx.o
ETH_IRQHandler                                    build/startup_stm32f429xx.o
ETH_WKUP_IRQHandler                               build/startup_stm32f429xx.o
EXTI0_IRQHandler                                  build/startup_stm32f429xx.o
EXTI15_10_IRQHandler                              build/startup_stm32f429xx.o
EXTI1_IRQHandler                                  build/startup_stm32f429xx.o
EXTI2_IRQHandler                                  build/startup_stm32f429xx.o
EXTI3_IRQHandler                                  build/startup_stm32f429xx.o
EXTI4_IRQHandler                                  build/startup_stm32f429xx.o
EXTI9_5_IRQHandler                                build/startup_stm32f429xx.o
Error_Handler                                     build/main.o
                                                  build/stm32f4xx_hal_msp.o
                                                  build/usbh_conf.o
                                                  build/usb_host.o
FLASH_Erase_Sector                                build/stm32f4xx_hal_flash_ex.o
                                                  build/stm32f4xx_hal_flash.o
FLASH_FlushCaches                                 build/stm32f4xx_hal_flash_ex.o
                                                  build/stm32f4xx_hal_flash.o
FLASH_IRQHandler                                  build/startup_stm32f429xx.o
FLASH_WaitForLastOperation                        build/stm32f4xx_hal_flash.o
                                                  build/stm32f4xx_hal_flash_ex.o
FMC_IRQHandler                                    build/startup_stm32f429xx.o
FMC_NAND_AttributeSpace_Timing_Init               build/stm32f4xx_ll_fmc.o
FMC_NAND_CommonSpace_Timing_Init                  build/stm32f4xx_ll_fmc.o
FMC_NAND_DeInit                                   build/stm32f4xx_ll_fmc.o
FMC_NAND_ECC_Disable                              build/stm32f4xx_ll_fmc.o
FMC_NAND_ECC_Enable                               build/stm32f4xx_ll_fmc.o
FMC_NAND_GetECC                                   build/stm32f4xx_ll_fmc.o
FMC_NAND_Init                                     build/stm32f4xx_ll_fmc.o
FMC_NORSRAM_DeInit                                build/stm32f4xx_ll_fmc.o
FMC_NORSRAM_Extended_Timing_Init                  build/stm32f4xx_ll_fmc.o
FMC_NORSRAM_Init                                  build/stm32f4xx_ll_fmc.o
FMC_NORSRAM_Timing_Init                           build/stm32f4xx_ll_fmc.o
FMC_NORSRAM_WriteOperation_Disable                build/stm32f4xx_ll_fmc.o
FMC_NORSRAM_WriteOperation_Enable                 build/stm32f4xx_ll_fmc.o
FMC_PCCARD_AttributeSpace_Timing_Init             build/stm32f4xx_ll_fmc.o
FMC_PCCARD_CommonSpace_Timing_Init                build/stm32f4xx_ll_fmc.o
FMC_PCCARD_DeInit                                 build/stm32f4xx_ll_fmc.o
FMC_PCCARD_IOSpace_Timing_Init                    build/stm32f4xx_ll_fmc.o
FMC_PCCARD_Init                                   build/stm32f4xx_ll_fmc.o
FMC_SDRAM_DeInit                                  build/stm32f4xx_ll_fmc.o
                                                  build/stm32f4xx_hal_sdram.o
FMC_SDRAM_GetModeStatus                           build/stm32f4xx_ll_fmc.o
                                                  build/stm32f4xx_hal_sdram.o
FMC_SDRAM_Init                                    build/stm32f4xx_ll_fmc.o
                                                  build/stm32f4xx_hal_sdram.o
FMC_SDRAM_ProgramRefreshRate                      build/stm32f4xx_ll_fmc.o
                                                  build/stm32f4xx_hal_sdram.o
FMC_SDRAM_SendCommand                             build/stm32f4xx_ll_fmc.o
                                                  build/stm32f4xx_hal_sdram.o
FMC_SDRAM_SetAutoRefreshNumber                    build/stm32f4xx_ll_fmc.o
                                                  build/stm32f4xx_hal_sdram.o
FMC_SDRAM_Timing_Init                             build/stm32f4xx_ll_fmc.o
                                                  build/stm32f4xx_hal_sdram.o
FMC_SDRAM_WriteProtection_Disable                 build/stm32f4xx_ll_fmc.o
                                                  build/stm32f4xx_hal_sdram.o
FMC_SDRAM_WriteProtection_Enable                  build/stm32f4xx_ll_fmc.o
                                                  build/stm32f4xx_hal_sdram.o
FPU_IRQHandler                                    build/startup_stm32f429xx.o
Font12                                            build/stm32f429i_discovery_lcd.o
Font12_Table                                      build/stm32f429i_discovery_lcd.o
Font16                                            build/stm32f429i_discovery_lcd.o
Font16_Table                                      build/stm32f429i_discovery_lcd.o
Font20                                            build/stm32f429i_discovery_lcd.o
Font20_Table                                      build/stm32f429i_discovery_lcd.o
Font24                                            build/stm32f429i_discovery_lcd.o
Font24_Table                                      build/stm32f429i_discovery_lcd.o
Font8                                             build/stm32f429i_discovery_lcd.o
Font8_Table                                       build/stm32f429i_discovery_lcd.o
GPIO_PIN                                          build/stm32f429i_discovery.o
GPIO_PORT                                         build/stm32f429i_discovery.o
GYRO_IO_Init                                      build/stm32f429i_discovery.o
GYRO_IO_Read                                      build/stm32f429i_discovery.o
GYRO_IO_Write                                     build/stm32f429i_discovery.o
HAL_CRC_Accumulate                                build/stm32f4xx_hal_crc.o
HAL_CRC_Calculate                                 build/stm32f4xx_hal_crc.o
HAL_CRC_DeInit                                    build/stm32f4xx_hal_crc.o
HAL_CRC_GetState                                  build/stm32f4xx_hal_crc.o
HAL_CRC_Init                                      build/stm32f4xx_hal_crc.o
HAL_CRC_MspDeInit                                 build/stm32f4xx_hal_msp.o
                                                  build/stm32f4xx_hal_crc.o
HAL_CRC_MspInit                                   build/stm32f4xx_hal_msp.o
                                                  build/stm32f4xx_hal_crc.o
HAL_DBGMCU_DisableDBGSleepMode                    build/stm32f4xx_hal.o
HAL_DBGMCU_DisableDBGStandbyMode                  build/stm32f4xx_hal.o
HAL_DBGMCU_DisableDBGStopMode                     build/stm32f4xx_hal.o
HAL_DBGMCU_EnableDBGSleepMode                     build/stm32f4xx_hal.o
HAL_DBGMCU_EnableDBGStandbyMode                   build/stm32f4xx_hal.o
HAL_DBGMCU_EnableDBGStopMode                      build/stm32f4xx_hal.o
HAL_DMA2D_Abort                                   build/stm32f4xx_hal_dma2d.o
HAL_DMA2D_BlendingStart                           build/stm32f4xx_hal_dma2d.o
HAL_DMA2D_BlendingStart_IT                        build/stm32f4xx_hal_dma2d.o
HAL_DMA2D_CLUTLoad                                build/stm32f4xx_hal_dma2d.o
HAL_DMA2D_CLUTLoad_IT                             build/stm32f4xx_hal_dma2d.o
HAL_DMA2D_CLUTLoadingCpltCallback                 build/stm32f4xx_hal_dma2d.o
HAL_DMA2D_CLUTLoading_Abort                       build/stm32f4xx_hal_dma2d.o
HAL_DMA2D_CLUTLoading_Resume                      build/stm32f4xx_hal_dma2d.o
HAL_DMA2D_CLUTLoading_Suspend                     build/stm32f4xx_hal_dma2d.o
HAL_DMA2D_CLUTStartLoad                           build/stm32f4xx_hal_dma2d.o
HAL_DMA2D_CLUTStartLoad_IT                        build/stm32f4xx_hal_dma2d.o
HAL_DMA2D_ConfigCLUT                              build/stm32f4xx_hal_dma2d.o
HAL_DMA2D_ConfigDeadTime                          build/stm32f4xx_hal_dma2d.o
HAL_DMA2D_ConfigLayer                             build/stm32f4xx_hal_dma2d.o
                                                  build/stm32f429i_discovery_lcd.o
HAL_DMA2D_DeInit                                  build/stm32f4xx_hal_dma2d.o
HAL_DMA2D_DisableDeadTime                         build/stm32f4xx_hal_dma2d.o
HAL_DMA2D_EnableCLUT                              build/stm32f4xx_hal_dma2d.o
HAL_DMA2D_EnableDeadTime                          build/stm32f4xx_hal_dma2d.o
HAL_DMA2D_GetError                                build/stm32f4xx_hal_dma2d.o
HAL_DMA2D_GetState                                build/stm32f4xx_hal_dma2d.o
HAL_DMA2D_IRQHandler                              build/stm32f4xx_hal_dma2d.o
                                                  build/stm32f4xx_it.o
HAL_DMA2D_Init                                    build/stm32f4xx_hal_dma2d.o
                                                  build/stm32f429i_discovery_lcd.o
HAL_DMA2D_LineEventCallback                       build/stm32f4xx_hal_dma2d.o
HAL_DMA2D_MspDeInit                               build/stm32f4xx_hal_msp.o
                                                  build/stm32f4xx_hal_dma2d.o
HAL_DMA2D_MspInit                                 build/stm32f4xx_hal_msp.o
                                                  build/stm32f4xx_hal_dma2d.o
HAL_DMA2D_PollForTransfer                         build/stm32f4xx_hal_dma2d.o
                                                  build/stm32f429i_discovery_lcd.o
HAL_DMA2D_ProgramLineEvent                        build/stm32f4xx_hal_dma2d.o
HAL_DMA2D_Resume                                  build/stm32f4xx_hal_dma2d.o
HAL_DMA2D_Start                                   build/stm32f4xx_hal_dma2d.o
                                                  build/stm32f429i_discovery_lcd.o
HAL_DMA2D_Start_IT                                build/stm32f4xx_hal_dma2d.o
HAL_DMA2D_Suspend                                 build/stm32f4xx_hal_dma2d.o
HAL_DMAEx_ChangeMemory                            build/stm32f4xx_hal_dma_ex.o
HAL_DMAEx_MultiBufferStart                        build/stm32f4xx_hal_dma_ex.o
HAL_DMAEx_MultiBufferStart_IT                     build/stm32f4xx_hal_dma_ex.o
HAL_DMA_Abort                                     build/stm32f4xx_hal_dma.o
                                                  build/stm32f4xx_hal_uart.o
                                                  build/stm32f4xx_hal_spi.o
HAL_DMA_Abort_IT                                  build/stm32f4xx_hal_dma.o
                                                  build/stm32f4xx_hal_uart.o
                                                  build/stm32f4xx_hal_tim_ex.o
                                                  build/stm32f4xx_hal_tim.o
                                                  build/stm32f4xx_hal_spi.o
                                                  build/stm32f4xx_hal_i2c.o
HAL_DMA_DeInit                                    build/stm32f4xx_hal_dma.o
                                                  build/stm32f429i_discovery_sdram.o
HAL_DMA_GetError                                  build/stm32f4xx_hal_dma.o
                                                  build/stm32f4xx_hal_uart.o
                                                  build/stm32f4xx_hal_i2c.o
HAL_DMA_GetState                                  build/stm32f4xx_hal_dma.o
                                                  build/stm32f4xx_hal_i2c.o
HAL_DMA_IRQHandler                                build/stm32f4xx_hal_dma.o
                                                  build/stm32f429i_discovery_sdram.o
HAL_DMA_Init                                      build/stm32f4xx_hal_dma.o
                                                  build/stm32f429i_discovery_sdram.o
HAL_DMA_PollForTransfer                           build/stm32f4xx_hal_dma.o
HAL_DMA_RegisterCallback                          build/stm32f4xx_hal_dma.o
HAL_DMA_Start                                     build/stm32f4xx_hal_dma.o
HAL_DMA_Start_IT                                  build/stm32f4xx_hal_dma.o
                                                  build/stm32f4xx_hal_uart.o
                                                  build/stm32f4xx_hal_tim_ex.o
                                                  build/stm32f4xx_hal_tim.o
                                                  build/stm32f4xx_hal_spi.o
                                                  build/stm32f4xx_hal_i2c.o
                                                  build/stm32f4xx_hal_sdram.o
HAL_DMA_UnRegisterCallback                        build/stm32f4xx_hal_dma.o
HAL_DeInit                                        build/stm32f4xx_hal.o
HAL_Delay                                         build/stm32f4xx_hal.o
                                                  build/usbh_conf.o
                                                  build/stm32f4xx_ll_usb.o
                                                  build/stm32f429i_discovery_sdram.o
                                                  build/stm32f429i_discovery.o
HAL_DisableCompensationCell                       build/stm32f4xx_hal.o
HAL_DisableMemorySwappingBank                     build/stm32f4xx_hal.o
HAL_EXTI_ClearConfigLine                          build/stm32f4xx_hal_exti.o
HAL_EXTI_ClearPending                             build/stm32f4xx_hal_exti.o
HAL_EXTI_GenerateSWI                              build/stm32f4xx_hal_exti.o
HAL_EXTI_GetConfigLine                            build/stm32f4xx_hal_exti.o
HAL_EXTI_GetHandle                                build/stm32f4xx_hal_exti.o
HAL_EXTI_GetPending                               build/stm32f4xx_hal_exti.o
HAL_EXTI_IRQHandler                               build/stm32f4xx_hal_exti.o
HAL_EXTI_RegisterCallback                         build/stm32f4xx_hal_exti.o
HAL_EXTI_SetConfigLine                            build/stm32f4xx_hal_exti.o
HAL_EnableCompensationCell                        build/stm32f4xx_hal.o
HAL_EnableMemorySwappingBank                      build/stm32f4xx_hal.o
HAL_FLASHEx_AdvOBGetConfig                        build/stm32f4xx_hal_flash_ex.o
HAL_FLASHEx_AdvOBProgram                          build/stm32f4xx_hal_flash_ex.o
HAL_FLASHEx_Erase                                 build/stm32f4xx_hal_flash_ex.o
HAL_FLASHEx_Erase_IT                              build/stm32f4xx_hal_flash_ex.o
HAL_FLASHEx_OBGetConfig                           build/stm32f4xx_hal_flash_ex.o
HAL_FLASHEx_OBProgram                             build/stm32f4xx_hal_flash_ex.o
HAL_FLASHEx_OB_DeSelectPCROP                      build/stm32f4xx_hal_flash_ex.o
HAL_FLASHEx_OB_GetBank2WRP                        build/stm32f4xx_hal_flash_ex.o
HAL_FLASHEx_OB_SelectPCROP                        build/stm32f4xx_hal_flash_ex.o
HAL_FLASH_EndOfOperationCallback                  build/stm32f4xx_hal_flash.o
HAL_FLASH_GetError                                build/stm32f4xx_hal_flash.o
HAL_FLASH_IRQHandler                              build/stm32f4xx_hal_flash.o
HAL_FLASH_Lock                                    build/stm32f4xx_hal_flash.o
HAL_FLASH_OB_Launch                               build/stm32f4xx_hal_flash.o
HAL_FLASH_OB_Lock                                 build/stm32f4xx_hal_flash.o
HAL_FLASH_OB_Unlock                               build/stm32f4xx_hal_flash.o
HAL_FLASH_OperationErrorCallback                  build/stm32f4xx_hal_flash.o
HAL_FLASH_Program                                 build/stm32f4xx_hal_flash.o
HAL_FLASH_Program_IT                              build/stm32f4xx_hal_flash.o
HAL_FLASH_Unlock                                  build/stm32f4xx_hal_flash.o
HAL_GPIO_DeInit                                   build/stm32f4xx_hal_gpio.o
                                                  build/stm32f4xx_hal_msp.o
                                                  build/usbh_conf.o
HAL_GPIO_EXTI_Callback                            build/stm32f4xx_hal_gpio.o
HAL_GPIO_EXTI_IRQHandler                          build/stm32f4xx_hal_gpio.o
HAL_GPIO_Init                                     build/stm32f4xx_hal_gpio.o
                                                  build/stm32f4xx_hal_msp.o
                                                  build/usbh_conf.o
                                                  build/stm32f4xx_hal_rcc.o
                                                  build/stm32f429i_discovery_sdram.o
                                                  build/stm32f429i_discovery_lcd.o
                                                  build/stm32f429i_discovery.o
HAL_GPIO_LockPin                                  build/stm32f4xx_hal_gpio.o
HAL_GPIO_ReadPin                                  build/stm32f4xx_hal_gpio.o
                                                  build/stm32f429i_discovery.o
HAL_GPIO_TogglePin                                build/stm32f4xx_hal_gpio.o
                                                  build/stm32f429i_discovery.o
HAL_GPIO_WritePin                                 build/stm32f4xx_hal_gpio.o
                                                  build/usbh_platform.o
                                                  build/stm32f429i_discovery.o
HAL_GetDEVID                                      build/stm32f4xx_hal.o
HAL_GetHalVersion                                 build/stm32f4xx_hal.o
HAL_GetREVID                                      build/stm32f4xx_hal.o
HAL_GetTick                                       build/stm32f4xx_hal.o
                                                  build/stm32f4xx_hal_uart.o
                                                  build/stm32f4xx_hal_spi.o
                                                  build/stm32f4xx_hal_i2c.o
                                                  build/stm32f4xx_ll_fmc.o
                                                  build/stm32f4xx_hal_dma2d.o
                                                  build/stm32f4xx_hal_pwr_ex.o
                                                  build/stm32f4xx_hal_dma.o
                                                  build/stm32f4xx_hal_flash.o
                                                  build/stm32f4xx_hal_rcc_ex.o
                                                  build/stm32f4xx_hal_rcc.o
HAL_GetTickFreq                                   build/stm32f4xx_hal.o
HAL_GetTickPrio                                   build/stm32f4xx_hal.o
HAL_GetUIDw0                                      build/stm32f4xx_hal.o
HAL_GetUIDw1                                      build/stm32f4xx_hal.o
HAL_GetUIDw2                                      build/stm32f4xx_hal.o
HAL_HCD_Connect_Callback                          build/usbh_conf.o
                                                  build/stm32f4xx_hal_hcd.o
HAL_HCD_DeInit                                    build/stm32f4xx_hal_hcd.o
                                                  build/usbh_conf.o
HAL_HCD_Disconnect_Callback                       build/usbh_conf.o
                                                  build/stm32f4xx_hal_hcd.o
HAL_HCD_GetCurrentFrame                           build/stm32f4xx_hal_hcd.o
                                                  build/usbh_conf.o
HAL_HCD_GetCurrentSpeed                           build/stm32f4xx_hal_hcd.o
                                                  build/usbh_conf.o
HAL_HCD_GetState                                  build/stm32f4xx_hal_hcd.o
HAL_HCD_HC_GetState                               build/stm32f4xx_hal_hcd.o
HAL_HCD_HC_GetURBState                            build/stm32f4xx_hal_hcd.o
                                                  build/usbh_conf.o
HAL_HCD_HC_GetXferCount                           build/stm32f4xx_hal_hcd.o
                                                  build/usbh_conf.o
HAL_HCD_HC_Halt                                   build/stm32f4xx_hal_hcd.o
                                                  build/usbh_conf.o
HAL_HCD_HC_Init                                   build/stm32f4xx_hal_hcd.o
                                                  build/usbh_conf.o
HAL_HCD_HC_NotifyURBChange_Callback               build/usbh_conf.o
                                                  build/stm32f4xx_hal_hcd.o
HAL_HCD_HC_SubmitRequest                          build/stm32f4xx_hal_hcd.o
                                                  build/usbh_conf.o
HAL_HCD_IRQHandler                                build/stm32f4xx_hal_hcd.o
                                                  build/stm32f4xx_it.o
HAL_HCD_Init                                      build/stm32f4xx_hal_hcd.o
                                                  build/usbh_conf.o
HAL_HCD_MspDeInit                                 build/usbh_conf.o
                                                  build/stm32f4xx_hal_hcd.o
HAL_HCD_MspInit                                   build/usbh_conf.o
                                                  build/stm32f4xx_hal_hcd.o
HAL_HCD_PortDisabled_Callback                     build/usbh_conf.o
                                                  build/stm32f4xx_hal_hcd.o
HAL_HCD_PortEnabled_Callback                      build/usbh_conf.o
                                                  build/stm32f4xx_hal_hcd.o
HAL_HCD_ResetPort                                 build/stm32f4xx_hal_hcd.o
                                                  build/usbh_conf.o
HAL_HCD_SOF_Callback                              build/usbh_conf.o
                                                  build/stm32f4xx_hal_hcd.o
HAL_HCD_Start                                     build/stm32f4xx_hal_hcd.o
                                                  build/usbh_conf.o
HAL_HCD_Stop                                      build/stm32f4xx_hal_hcd.o
                                                  build/usbh_conf.o
HAL_HCD_WKUP_IRQHandler                           build/stm32f4xx_hal_hcd.o
HAL_HalfDuplex_EnableReceiver                     build/stm32f4xx_hal_uart.o
HAL_HalfDuplex_EnableTransmitter                  build/stm32f4xx_hal_uart.o
HAL_HalfDuplex_Init                               build/stm32f4xx_hal_uart.o
HAL_I2CEx_ConfigAnalogFilter                      build/stm32f4xx_hal_i2c_ex.o
HAL_I2CEx_ConfigDigitalFilter                     build/stm32f4xx_hal_i2c_ex.o
HAL_I2C_AbortCpltCallback                         build/stm32f4xx_hal_i2c.o
HAL_I2C_AddrCallback                              build/stm32f4xx_hal_i2c.o
HAL_I2C_DeInit                                    build/stm32f4xx_hal_i2c.o
                                                  build/stm32f429i_discovery.o
HAL_I2C_DisableListen_IT                          build/stm32f4xx_hal_i2c.o
HAL_I2C_ER_IRQHandler                             build/stm32f4xx_hal_i2c.o
HAL_I2C_EV_IRQHandler                             build/stm32f4xx_hal_i2c.o
HAL_I2C_EnableListen_IT                           build/stm32f4xx_hal_i2c.o
HAL_I2C_ErrorCallback                             build/stm32f4xx_hal_i2c.o
HAL_I2C_GetError                                  build/stm32f4xx_hal_i2c.o
HAL_I2C_GetMode                                   build/stm32f4xx_hal_i2c.o
HAL_I2C_GetState                                  build/stm32f4xx_hal_i2c.o
                                                  build/stm32f429i_discovery.o
HAL_I2C_Init                                      build/stm32f4xx_hal_i2c.o
                                                  build/stm32f429i_discovery.o
HAL_I2C_IsDeviceReady                             build/stm32f4xx_hal_i2c.o
HAL_I2C_ListenCpltCallback                        build/stm32f4xx_hal_i2c.o
HAL_I2C_MasterRxCpltCallback                      build/stm32f4xx_hal_i2c.o
HAL_I2C_MasterTxCpltCallback                      build/stm32f4xx_hal_i2c.o
HAL_I2C_Master_Abort_IT                           build/stm32f4xx_hal_i2c.o
HAL_I2C_Master_Receive                            build/stm32f4xx_hal_i2c.o
HAL_I2C_Master_Receive_DMA                        build/stm32f4xx_hal_i2c.o
HAL_I2C_Master_Receive_IT                         build/stm32f4xx_hal_i2c.o
HAL_I2C_Master_Seq_Receive_DMA                    build/stm32f4xx_hal_i2c.o
HAL_I2C_Master_Seq_Receive_IT                     build/stm32f4xx_hal_i2c.o
HAL_I2C_Master_Seq_Transmit_DMA                   build/stm32f4xx_hal_i2c.o
HAL_I2C_Master_Seq_Transmit_IT                    build/stm32f4xx_hal_i2c.o
HAL_I2C_Master_Transmit                           build/stm32f4xx_hal_i2c.o
HAL_I2C_Master_Transmit_DMA                       build/stm32f4xx_hal_i2c.o
HAL_I2C_Master_Transmit_IT                        build/stm32f4xx_hal_i2c.o
HAL_I2C_MemRxCpltCallback                         build/stm32f4xx_hal_i2c.o
HAL_I2C_MemTxCpltCallback                         build/stm32f4xx_hal_i2c.o
HAL_I2C_Mem_Read                                  build/stm32f4xx_hal_i2c.o
                                                  build/stm32f429i_discovery.o
HAL_I2C_Mem_Read_DMA                              build/stm32f4xx_hal_i2c.o
HAL_I2C_Mem_Read_IT                               build/stm32f4xx_hal_i2c.o
HAL_I2C_Mem_Write                                 build/stm32f4xx_hal_i2c.o
                                                  build/stm32f429i_discovery.o
HAL_I2C_Mem_Write_DMA                             build/stm32f4xx_hal_i2c.o
HAL_I2C_Mem_Write_IT                              build/stm32f4xx_hal_i2c.o
HAL_I2C_MspDeInit                                 build/stm32f4xx_hal_msp.o
                                                  build/stm32f4xx_hal_i2c.o
HAL_I2C_MspInit                                   build/stm32f4xx_hal_msp.o
                                                  build/stm32f4xx_hal_i2c.o
HAL_I2C_SlaveRxCpltCallback                       build/stm32f4xx_hal_i2c.o
HAL_I2C_SlaveTxCpltCallback                       build/stm32f4xx_hal_i2c.o
HAL_I2C_Slave_Receive                             build/stm32f4xx_hal_i2c.o
HAL_I2C_Slave_Receive_DMA                         build/stm32f4xx_hal_i2c.o
HAL_I2C_Slave_Receive_IT                          build/stm32f4xx_hal_i2c.o
HAL_I2C_Slave_Seq_Receive_DMA                     build/stm32f4xx_hal_i2c.o
HAL_I2C_Slave_Seq_Receive_IT                      build/stm32f4xx_hal_i2c.o
HAL_I2C_Slave_Seq_Transmit_DMA                    build/stm32f4xx_hal_i2c.o
HAL_I2C_Slave_Seq_Transmit_IT                     build/stm32f4xx_hal_i2c.o
HAL_I2C_Slave_Transmit                            build/stm32f4xx_hal_i2c.o
HAL_I2C_Slave_Transmit_DMA                        build/stm32f4xx_hal_i2c.o
HAL_I2C_Slave_Transmit_IT                         build/stm32f4xx_hal_i2c.o
HAL_IncTick                                       build/stm32f4xx_hal.o
                                                  build/main.o
HAL_Init                                          build/stm32f4xx_hal.o
HAL_InitTick                                      build/stm32f4xx_hal_timebase_tim.o
                                                  build/stm32f4xx_hal.o
                                                  build/stm32f4xx_hal_rcc_ex.o
                                                  build/stm32f4xx_hal_rcc.o
HAL_LIN_Init                                      build/stm32f4xx_hal_uart.o
HAL_LIN_SendBreak                                 build/stm32f4xx_hal_uart.o
HAL_LTDC_ConfigCLUT                               build/stm32f4xx_hal_ltdc.o
HAL_LTDC_ConfigColorKeying                        build/stm32f4xx_hal_ltdc.o
                                                  build/stm32f429i_discovery_lcd.o
HAL_LTDC_ConfigColorKeying_NoReload               build/stm32f4xx_hal_ltdc.o
                                                  build/stm32f429i_discovery_lcd.o
HAL_LTDC_ConfigLayer                              build/stm32f4xx_hal_ltdc.o
                                                  build/stm32f429i_discovery_lcd.o
HAL_LTDC_ConfigLayer_NoReload                     build/stm32f4xx_hal_ltdc.o
HAL_LTDC_DeInit                                   build/stm32f4xx_hal_ltdc.o
HAL_LTDC_DisableCLUT                              build/stm32f4xx_hal_ltdc.o
HAL_LTDC_DisableCLUT_NoReload                     build/stm32f4xx_hal_ltdc.o
HAL_LTDC_DisableColorKeying                       build/stm32f4xx_hal_ltdc.o
                                                  build/stm32f429i_discovery_lcd.o
HAL_LTDC_DisableColorKeying_NoReload              build/stm32f4xx_hal_ltdc.o
                                                  build/stm32f429i_discovery_lcd.o
HAL_LTDC_DisableDither                            build/stm32f4xx_hal_ltdc.o
HAL_LTDC_EnableCLUT                               build/stm32f4xx_hal_ltdc.o
HAL_LTDC_EnableCLUT_NoReload                      build/stm32f4xx_hal_ltdc.o
HAL_LTDC_EnableColorKeying                        build/stm32f4xx_hal_ltdc.o
                                                  build/stm32f429i_discovery_lcd.o
HAL_LTDC_EnableColorKeying_NoReload               build/stm32f4xx_hal_ltdc.o
                                                  build/stm32f429i_discovery_lcd.o
HAL_LTDC_EnableDither                             build/stm32f4xx_hal_ltdc.o
                                                  build/stm32f429i_discovery_lcd.o
HAL_LTDC_ErrorCallback                            build/stm32f4xx_hal_ltdc.o
HAL_LTDC_GetError                                 build/stm32f4xx_hal_ltdc.o
HAL_LTDC_GetState                                 build/stm32f4xx_hal_ltdc.o
HAL_LTDC_IRQHandler                               build/stm32f4xx_hal_ltdc.o
                                                  build/stm32f4xx_it.o
HAL_LTDC_Init                                     build/stm32f4xx_hal_ltdc.o
                                                  build/stm32f429i_discovery_lcd.o
HAL_LTDC_LineEventCallback                        build/stm32f4xx_hal_ltdc.o
HAL_LTDC_MspDeInit                                build/stm32f4xx_hal_msp.o
                                                  build/stm32f4xx_hal_ltdc.o
HAL_LTDC_MspInit                                  build/stm32f4xx_hal_msp.o
                                                  build/stm32f4xx_hal_ltdc.o
HAL_LTDC_ProgramLineEvent                         build/stm32f4xx_hal_ltdc.o
HAL_LTDC_Reload                                   build/stm32f4xx_hal_ltdc.o
                                                  build/stm32f429i_discovery_lcd.o
HAL_LTDC_ReloadEventCallback                      build/stm32f4xx_hal_ltdc.o
HAL_LTDC_SetAddress                               build/stm32f4xx_hal_ltdc.o
                                                  build/stm32f429i_discovery_lcd.o
HAL_LTDC_SetAddress_NoReload                      build/stm32f4xx_hal_ltdc.o
                                                  build/stm32f429i_discovery_lcd.o
HAL_LTDC_SetAlpha                                 build/stm32f4xx_hal_ltdc.o
                                                  build/stm32f429i_discovery_lcd.o
HAL_LTDC_SetAlpha_NoReload                        build/stm32f4xx_hal_ltdc.o
                                                  build/stm32f429i_discovery_lcd.o
HAL_LTDC_SetPitch                                 build/stm32f4xx_hal_ltdc.o
HAL_LTDC_SetPitch_NoReload                        build/stm32f4xx_hal_ltdc.o
HAL_LTDC_SetPixelFormat                           build/stm32f4xx_hal_ltdc.o
HAL_LTDC_SetPixelFormat_NoReload                  build/stm32f4xx_hal_ltdc.o
HAL_LTDC_SetWindowPosition                        build/stm32f4xx_hal_ltdc.o
                                                  build/stm32f429i_discovery_lcd.o
HAL_LTDC_SetWindowPosition_NoReload               build/stm32f4xx_hal_ltdc.o
                                                  build/stm32f429i_discovery_lcd.o
HAL_LTDC_SetWindowSize                            build/stm32f4xx_hal_ltdc.o
                                                  build/stm32f429i_discovery_lcd.o
HAL_LTDC_SetWindowSize_NoReload                   build/stm32f4xx_hal_ltdc.o
                                                  build/stm32f429i_discovery_lcd.o
HAL_MPU_ConfigRegion                              build/stm32f4xx_hal_cortex.o
HAL_MPU_Disable                                   build/stm32f4xx_hal_cortex.o
HAL_MPU_Enable                                    build/stm32f4xx_hal_cortex.o
HAL_MspDeInit                                     build/stm32f4xx_hal.o
HAL_MspInit                                       build/stm32f4xx_hal_msp.o
                                                  build/stm32f4xx_hal.o
HAL_MultiProcessor_EnterMuteMode                  build/stm32f4xx_hal_uart.o
HAL_MultiProcessor_ExitMuteMode                   build/stm32f4xx_hal_uart.o
HAL_MultiProcessor_Init                           build/stm32f4xx_hal_uart.o
HAL_NVIC_ClearPendingIRQ                          build/stm32f4xx_hal_cortex.o